 Robot_model_LPV_control_fullSchedulingOrder_sfun

 Timestamp is 50f55c4c (Tue Jan 15 14:40:28 2013)

 Preferred load address is 0000000180000000

 Start         Length     Name                   Class
 0001:00000000 00042504H .text                   CODE
 0001:00042510 00000092H .text$x                 CODE
 0002:00000000 000004b8H .idata$5                DATA
 0002:000004b8 00000008H .CRT$XCA                DATA
 0002:000004c0 00000008H .CRT$XCZ                DATA
 0002:000004c8 00000008H .CRT$XIA                DATA
 0002:000004d0 00000008H .CRT$XIAA               DATA
 0002:000004d8 00000008H .CRT$XIZ                DATA
 0002:000004e0 00004b4cH .rdata                  DATA
 0002:00005030 00000008H .rtc$IAA                DATA
 0002:00005038 00000008H .rtc$IZZ                DATA
 0002:00005040 00000008H .rtc$TAA                DATA
 0002:00005048 00000008H .rtc$TZZ                DATA
 0002:00005050 00004194H .xdata                  DATA
 0002:000091e4 000000b4H .idata$2                DATA
 0002:00009298 00000014H .idata$3                DATA
 0002:000092b0 000004b8H .idata$4                DATA
 0002:00009768 00000ae4H .idata$6                DATA
 0002:0000a250 00000076H .edata                  DATA
 0003:00000000 000080f8H .data                   DATA
 0003:00008100 00002758H .bss                    DATA
 0004:00000000 00003294H .pdata                  DATA

  Address         Publics by Value              Rva+Base               Lib:Object

 0000:00000000       ___safe_se_handler_table   0000000000000000     <absolute>
 0000:00000000       ___safe_se_handler_count   0000000000000000     <absolute>
 0000:00000000       __ImageBase                0000000180000000     <linker-defined>
 0001:00000000       sf_c3_Robot_model_LPV_control_fullSchedulingOrder_get_eml_resolved_functions_info 0000000180001000 f   c3_Robot_model_LPV_control_fullSchedulingOrder.obj
 0001:00000970       sf_c3_Robot_model_LPV_control_fullSchedulingOrder_get_check_sum 0000000180001970 f   c3_Robot_model_LPV_control_fullSchedulingOrder.obj
 0001:000009f0       sf_c3_Robot_model_LPV_control_fullSchedulingOrder_get_autoinheritance_info 00000001800019f0 f   c3_Robot_model_LPV_control_fullSchedulingOrder.obj
 0001:00000e10       sf_internal_get_sim_state_c3_Robot_model_LPV_control_fullSchedulingOrder 0000000180001e10 f   c3_Robot_model_LPV_control_fullSchedulingOrder.obj
 0001:000011d0       sf_internal_set_sim_state_c3_Robot_model_LPV_control_fullSchedulingOrder 00000001800021d0 f   c3_Robot_model_LPV_control_fullSchedulingOrder.obj
 0001:000016b0       c3_Robot_model_LPV_control_fullSchedulingOrder_method_dispatcher 00000001800026b0 f   c3_Robot_model_LPV_control_fullSchedulingOrder.obj
 0001:000038f0       sf_c4_Robot_model_LPV_control_fullSchedulingOrder_get_eml_resolved_functions_info 00000001800048f0 f   c4_Robot_model_LPV_control_fullSchedulingOrder.obj
 0001:00008ad0       sf_c4_Robot_model_LPV_control_fullSchedulingOrder_get_check_sum 0000000180009ad0 f   c4_Robot_model_LPV_control_fullSchedulingOrder.obj
 0001:00008b50       sf_c4_Robot_model_LPV_control_fullSchedulingOrder_get_autoinheritance_info 0000000180009b50 f   c4_Robot_model_LPV_control_fullSchedulingOrder.obj
 0001:000090c0       sf_internal_get_sim_state_c4_Robot_model_LPV_control_fullSchedulingOrder 000000018000a0c0 f   c4_Robot_model_LPV_control_fullSchedulingOrder.obj
 0001:000094b0       sf_internal_set_sim_state_c4_Robot_model_LPV_control_fullSchedulingOrder 000000018000a4b0 f   c4_Robot_model_LPV_control_fullSchedulingOrder.obj
 0001:000099c0       c4_Robot_model_LPV_control_fullSchedulingOrder_method_dispatcher 000000018000a9c0 f   c4_Robot_model_LPV_control_fullSchedulingOrder.obj
 0001:0000fe50       sf_process_check_sum_call  0000000180010e50 f   Robot_model_LPV_control_fullSchedulingOrder_sfun_registry.obj
 0001:0000fea0       sf_process_autoinheritance_call 0000000180010ea0 f   Robot_model_LPV_control_fullSchedulingOrder_sfun_registry.obj
 0001:00010040       sf_process_get_eml_resolved_functions_info_call 0000000180011040 f   Robot_model_LPV_control_fullSchedulingOrder_sfun_registry.obj
 0001:000101c0       sf_mex_unlock_call         00000001800111c0 f   Robot_model_LPV_control_fullSchedulingOrder_sfun_registry.obj
 0001:00010270       sf_machine_global_initializer_called 0000000180011270 f   Robot_model_LPV_control_fullSchedulingOrder_sfun_registry.obj
 0001:000102a0       sf_machine_global_method_dispatcher 00000001800112a0 f   Robot_model_LPV_control_fullSchedulingOrder_sfun_registry.obj
 0001:00010300       sf_machine_global_terminator 0000000180011300 f   Robot_model_LPV_control_fullSchedulingOrder_sfun_registry.obj
 0001:00010340       sf_register_machine_exported_symbols 0000000180011340 f   Robot_model_LPV_control_fullSchedulingOrder_sfun_registry.obj
 0001:00010360       callCustomFcn              0000000180011360 f   Robot_model_LPV_control_fullSchedulingOrder_sfun_registry.obj
 0001:00010370       sf_machine_global_initializer 0000000180011370 f   Robot_model_LPV_control_fullSchedulingOrder_sfun_registry.obj
 0001:000103e0       _ssSetStateAbsTol          00000001800113e0 f   Robot_model_LPV_control_fullSchedulingOrder_sfun_registry.obj
 0001:000104c0       _ssGetAbsTol               00000001800114c0 f   Robot_model_LPV_control_fullSchedulingOrder_sfun_registry.obj
 0001:00010530       _ssSetInputPortMatrixDimensions 0000000180011530 f   Robot_model_LPV_control_fullSchedulingOrder_sfun_registry.obj
 0001:00010640       _ssSetOutputPortMatrixDimensions 0000000180011640 f   Robot_model_LPV_control_fullSchedulingOrder_sfun_registry.obj
 0001:00010750       _ssSetInputPortVectorDimension 0000000180011750 f   Robot_model_LPV_control_fullSchedulingOrder_sfun_registry.obj
 0001:00010820       _ssSetOutputPortVectorDimension 0000000180011820 f   Robot_model_LPV_control_fullSchedulingOrder_sfun_registry.obj
 0001:000108f0       ssIsRunTimeParamTunable    00000001800118f0 f   Robot_model_LPV_control_fullSchedulingOrder_sfun_registry.obj
 0001:00010960       ssGetSFuncBlockHandle      0000000180011960 f   Robot_model_LPV_control_fullSchedulingOrder_sfun_registry.obj
 0001:000109d0       _ssGetCurrentInputPortWidth 00000001800119d0 f   Robot_model_LPV_control_fullSchedulingOrder_sfun_registry.obj
 0001:00010af0       _ssGetCurrentOutputPortWidth 0000000180011af0 f   Robot_model_LPV_control_fullSchedulingOrder_sfun_registry.obj
 0001:00010c10       _ssGetCallSystemNumFcnCallDestinations 0000000180011c10 f   Robot_model_LPV_control_fullSchedulingOrder_sfun_registry.obj
 0001:00010c80       ssWarning                  0000000180011c80 f   Robot_model_LPV_control_fullSchedulingOrder_sfun_registry.obj
 0001:00010d90       ssGetIsZeroCrossControlDisabled 0000000180011d90 f   Robot_model_LPV_control_fullSchedulingOrder_sfun_registry.obj
 0001:00010e00       ssSetIsInputPortUsedForContZcSignal 0000000180011e00 f   Robot_model_LPV_control_fullSchedulingOrder_sfun_registry.obj
 0001:00010e70       ssSetZcSignalIsZcElementDisc 0000000180011e70 f   Robot_model_LPV_control_fullSchedulingOrder_sfun_registry.obj
 0001:00010f20       ssSetZcSignalName          0000000180011f20 f   Robot_model_LPV_control_fullSchedulingOrder_sfun_registry.obj
 0001:00010f90       ssSetZcSignalWidth         0000000180011f90 f   Robot_model_LPV_control_fullSchedulingOrder_sfun_registry.obj
 0001:00011000       ssSetZcSignalZcEventType   0000000180012000 f   Robot_model_LPV_control_fullSchedulingOrder_sfun_registry.obj
 0001:00011070       ssSetZcSignalType          0000000180012070 f   Robot_model_LPV_control_fullSchedulingOrder_sfun_registry.obj
 0001:000110e0       ssSetZcSignalZcTol         00000001800120e0 f   Robot_model_LPV_control_fullSchedulingOrder_sfun_registry.obj
 0001:00011150       ssSetZcSignalNeedsEventNotification 0000000180012150 f   Robot_model_LPV_control_fullSchedulingOrder_sfun_registry.obj
 0001:000111c0       ssCreateAndAddZcSignalInfo 00000001800121c0 f   Robot_model_LPV_control_fullSchedulingOrder_sfun_registry.obj
 0001:00011230       ssCloneAndAddZcSignalInfo  0000000180012230 f   Robot_model_LPV_control_fullSchedulingOrder_sfun_registry.obj
 0001:000112a0       ssGetNumZcSignals          00000001800122a0 f   Robot_model_LPV_control_fullSchedulingOrder_sfun_registry.obj
 0001:00011310       ssGetZcSignalVector        0000000180012310 f   Robot_model_LPV_control_fullSchedulingOrder_sfun_registry.obj
 0001:00011380       ssGetZcSignalZcEvents      0000000180012380 f   Robot_model_LPV_control_fullSchedulingOrder_sfun_registry.obj
 0001:000113f0       ssGetZcSignalName          00000001800123f0 f   Robot_model_LPV_control_fullSchedulingOrder_sfun_registry.obj
 0001:00011460       ssGetZcSignalWidth         0000000180012460 f   Robot_model_LPV_control_fullSchedulingOrder_sfun_registry.obj
 0001:000114d0       ssGetZcSignalZcEventType   00000001800124d0 f   Robot_model_LPV_control_fullSchedulingOrder_sfun_registry.obj
 0001:00011540       ssGetZcSignalType          0000000180012540 f   Robot_model_LPV_control_fullSchedulingOrder_sfun_registry.obj
 0001:000115b0       ssGetZcSignalZcTol         00000001800125b0 f   Robot_model_LPV_control_fullSchedulingOrder_sfun_registry.obj
 0001:00011630       ssGetZcSignalNeedsEventNotification 0000000180012630 f   Robot_model_LPV_control_fullSchedulingOrder_sfun_registry.obj
 0001:000116a0       ssGetZcSignalIsZcElementDisc 00000001800126a0 f   Robot_model_LPV_control_fullSchedulingOrder_sfun_registry.obj
 0001:00011740       ssGetIsInputPortElementContinuous 0000000180012740 f   Robot_model_LPV_control_fullSchedulingOrder_sfun_registry.obj
 0001:000117e0       _ssGetInputPortSignalPtrsFcn 00000001800127e0 f   Robot_model_LPV_control_fullSchedulingOrder_sfun_registry.obj
 0001:00011aa0       _ssGetInputPortSignalFcn   0000000180012aa0 f   Robot_model_LPV_control_fullSchedulingOrder_sfun_registry.obj
 0001:00011cc0       _ssSetInputPortDirectFeedThroughFcn 0000000180012cc0 f   Robot_model_LPV_control_fullSchedulingOrder_sfun_registry.obj
 0001:00011e20       _ssSetInputPortReusableFcn 0000000180012e20 f   Robot_model_LPV_control_fullSchedulingOrder_sfun_registry.obj
 0001:00011f10       _ssSetOutputPortReusableFcn 0000000180012f10 f   Robot_model_LPV_control_fullSchedulingOrder_sfun_registry.obj
 0001:00011ff0       ssGetDTypeIdFromMxArray    0000000180012ff0 f   Robot_model_LPV_control_fullSchedulingOrder_sfun_registry.obj
 0001:00012110       ssWriteRTWStr              0000000180013110 f   Robot_model_LPV_control_fullSchedulingOrder_sfun_registry.obj
 0001:00012170       ssWriteRTWMxVectParam      0000000180013170 f   Robot_model_LPV_control_fullSchedulingOrder_sfun_registry.obj
 0001:000121d0       ssWriteRTWMx2dMatParam     00000001800131d0 f   Robot_model_LPV_control_fullSchedulingOrder_sfun_registry.obj
 0001:00012250       ssWriteRTWNameValuePair    0000000180013250 f   Robot_model_LPV_control_fullSchedulingOrder_sfun_registry.obj
 0001:00012740       ssWriteRTWParameters       0000000180013740 f   Robot_model_LPV_control_fullSchedulingOrder_sfun_registry.obj
 0001:00012d40       ssWriteRTWParamSettings    0000000180013d40 f   Robot_model_LPV_control_fullSchedulingOrder_sfun_registry.obj
 0001:00013410       ssWriteRTWWorkVect         0000000180014410 f   Robot_model_LPV_control_fullSchedulingOrder_sfun_registry.obj
 0001:00013910       mexFunction                0000000180014910 f   Robot_model_LPV_control_fullSchedulingOrder_sfun_registry.obj
 0001:000155d0       ProcessMexSfunctionEveryCall 00000001800165d0 f   Robot_model_LPV_control_fullSchedulingOrder_sfun_registry.obj
 0001:00015740       Robot_model_LPV_control_fullSchedulingOrder_initializer 0000000180016740 f   Robot_model_LPV_control_fullSchedulingOrder_sfun.obj
 0001:00015750       Robot_model_LPV_control_fullSchedulingOrder_terminator 0000000180016750 f   Robot_model_LPV_control_fullSchedulingOrder_sfun.obj
 0001:00015760       sf_Robot_model_LPV_control_fullSchedulingOrder_method_dispatcher 0000000180016760 f   Robot_model_LPV_control_fullSchedulingOrder_sfun.obj
 0001:000157d0       sf_Robot_model_LPV_control_fullSchedulingOrder_process_check_sum_call 00000001800167d0 f   Robot_model_LPV_control_fullSchedulingOrder_sfun.obj
 0001:00015bf0       sf_Robot_model_LPV_control_fullSchedulingOrder_autoinheritance_info 0000000180016bf0 f   Robot_model_LPV_control_fullSchedulingOrder_sfun.obj
 0001:00015db0       sf_Robot_model_LPV_control_fullSchedulingOrder_get_eml_resolved_functions_info 0000000180016db0 f   Robot_model_LPV_control_fullSchedulingOrder_sfun.obj
 0001:00015f20       Robot_model_LPV_control_fullSchedulingOrder_debug_initialize 0000000180016f20 f   Robot_model_LPV_control_fullSchedulingOrder_sfun.obj
 0001:00015f90       Robot_model_LPV_control_fullSchedulingOrder_register_exported_symbols 0000000180016f90 f   Robot_model_LPV_control_fullSchedulingOrder_sfun.obj
 0001:00015fa0       load_Robot_model_LPV_control_fullSchedulingOrder_optimization_info 0000000180016fa0 f   Robot_model_LPV_control_fullSchedulingOrder_sfun.obj
 0001:00015ff0       unload_Robot_model_LPV_control_fullSchedulingOrder_optimization_info 0000000180016ff0 f   Robot_model_LPV_control_fullSchedulingOrder_sfun.obj
 0001:00016110       sf_mex_mx_is_numeric       0000000180017110 f   sfc_mex:sfc_mex.obj
 0001:00016150       strcmp_ignore_ws           0000000180017150 f   sfc_mex:sfc_mex.obj
 0001:00016290       sf_mex_duplicatearraysafe  0000000180017290 f   sfc_mex:sfc_mex.obj
 0001:000163f0       sf_set_error_debugger_context_message_fcn 00000001800173f0 f   sfc_mex:sfc_mex.obj
 0001:00016400       sf_set_debugger_matlab_error_fcn 0000000180017400 f   sfc_mex:sfc_mex.obj
 0001:00016430       sf_set_error_prefix_string 0000000180017430 f   sfc_mex:sfc_mex.obj
 0001:00016460       sf_get_error_prefix_string 0000000180017460 f   sfc_mex:sfc_mex.obj
 0001:00016470       sf_mex_enter_parallel_region 0000000180017470 f   sfc_mex:sfc_mex.obj
 0001:00016480       sf_mex_exit_parallel_region 0000000180017480 f   sfc_mex:sfc_mex.obj
 0001:00016490       sf_get_current_jmp_buf_ptr 0000000180017490 f   sfc_mex:sfc_mex.obj
 0001:000164a0       sf_set_current_jmp_buf_ptr 00000001800174a0 f   sfc_mex:sfc_mex.obj
 0001:000164b0       sf_mex_set_halt_simulation 00000001800174b0 f   sfc_mex:sfc_mex.obj
 0001:000164c0       sf_mex_get_halt_simulation 00000001800174c0 f   sfc_mex:sfc_mex.obj
 0001:000164d0       sf_mex_clear_error_message 00000001800174d0 f   sfc_mex:sfc_mex.obj
 0001:000164f0       sf_mex_get_error_message_for_read 00000001800174f0 f   sfc_mex:sfc_mex.obj
 0001:00016500       sf_mex_get_error_message_buffer_length 0000000180017500 f   sfc_mex:sfc_mex.obj
 0001:000165e0       sf_mex_warning_message     00000001800175e0 f   sfc_mex:sfc_mex.obj
 0001:00016650       sf_mex_v_errbuf_createf    0000000180017650 f   sfc_mex:sfc_mex.obj
 0001:00016660       sf_mex_errbuf_createf      0000000180017660 f   sfc_mex:sfc_mex.obj
 0001:00016690       sf_mex_v_errbuf_catf       0000000180017690 f   sfc_mex:sfc_mex.obj
 0001:000166d0       sf_mex_errbuf_catf         00000001800176d0 f   sfc_mex:sfc_mex.obj
 0001:00016720       sf_mex_errbuf_copy         0000000180017720 f   sfc_mex:sfc_mex.obj
 0001:00016730       sf_mex_errbuf_clear        0000000180017730 f   sfc_mex:sfc_mex.obj
 0001:00016740       sf_mex_errbuf_isempty      0000000180017740 f   sfc_mex:sfc_mex.obj
 0001:00016850       sf_mex_set_error_status    0000000180017850 f   sfc_mex:sfc_mex.obj
 0001:000168a0       sf_mex_error_direct_call   00000001800178a0 f   sfc_mex:sfc_mex.obj
 0001:000168c0       sf_mex_error_message_no_long_jump 00000001800178c0 f   sfc_mex:sfc_mex.obj
 0001:000168e0       sf_mex_long_jump_on_error  00000001800178e0 f   sfc_mex:sfc_mex.obj
 0001:00016910       sf_mex_call_matlab         0000000180017910 f   sfc_mex:sfc_mex.obj
 0001:00016a30       sf_mex_check_builtin       0000000180017a30 f   sfc_mex:sfc_mex.obj
 0001:00016ad0       sf_mex_check_builtin_vs    0000000180017ad0 f   sfc_mex:sfc_mex.obj
 0001:00016b90       sf_mex_check_enum          0000000180017b90 f   sfc_mex:sfc_mex.obj
 0001:00016c10       sf_mex_create_enum         0000000180017c10 f   sfc_mex:sfc_mex.obj
 0001:00016c80       sf_mex_get_enum_element    0000000180017c80 f   sfc_mex:sfc_mex.obj
 0001:00016c90       sf_mex_createcellarray     0000000180017c90 f   sfc_mex:sfc_mex.obj
 0001:00016ca0       sf_mex_setcell             0000000180017ca0 f   sfc_mex:sfc_mex.obj
 0001:00016cb0       sf_mex_getcell             0000000180017cb0 f   sfc_mex:sfc_mex.obj
 0001:00016cc0       sf_mex_dup                 0000000180017cc0 f   sfc_mex:sfc_mex.obj
 0001:00016ce0       sf_mex_assign              0000000180017ce0 f   sfc_mex:sfc_mex.obj
 0001:00016d60       sf_mex_destroy             0000000180017d60 f   sfc_mex:sfc_mex.obj
 0001:00016d90       mx_array_has_fi_type       0000000180017d90 f   sfc_mex:sfc_mex.obj
 0001:00016dc0       sf_mex_convert_from_fi     0000000180017dc0 f   sfc_mex:sfc_mex.obj
 0001:00016ef0       sf_mex_convert_to_double   0000000180017ef0 f   sfc_mex:sfc_mex.obj
 0001:00017010       sf_mex_import_fi_vs        0000000180018010 f   sfc_mex:sfc_mex.obj
 0001:000171d0       sf_matrix_matrix_index_ok  00000001800181d0 f   sfc_mex:sfc_mex.obj
 0001:00017260       sf_vector_vector_index_ok  0000000180018260 f   sfc_mex:sfc_mex.obj
 0001:00017290       ssGetCurrentInputPortDimensions_wrapper 0000000180018290 f   sfc_mex:sfc_mex.obj
 0001:000172b0       ssGetCurrentOutputPortDimensions_wrapper 00000001800182b0 f   sfc_mex:sfc_mex.obj
 0001:000172d0       sf_mex_emlrt_context_is_debug_mode 00000001800182d0 f   sfc_mex:sfc_mex.obj
 0001:000172e0       sf_mex_emlrt_context_set_debug_mode 00000001800182e0 f   sfc_mex:sfc_mex.obj
 0001:000172f0       sf_mex_emlrtNameCapturePostProcessR2012a 00000001800182f0 f   sfc_mex:sfc_mex.obj
 0001:00017360       sf_clear_error_manager_info 0000000180018360 f   sfc_mex:sfc_mex.obj
 0001:000173c0       sf_mex_stop_simulation_abruptly_wo_error 00000001800183c0 f   sfc_mex:sfc_mex.obj
 0001:00017400       sf_mex_error_message       0000000180018400 f   sfc_mex:sfc_mex.obj
 0001:00017460       sf_react_to_error_in_matlab_call 0000000180018460 f   sfc_mex:sfc_mex.obj
 0001:00017490       sf_mex_addfield            0000000180018490 f   sfc_mex:sfc_mex.obj
 0001:00017530       sf_mex_getfield            0000000180018530 f   sfc_mex:sfc_mex.obj
 0001:00017830       sf_mex_check_class         0000000180018830 f   sfc_mex:sfc_mex.obj
 0001:000178d0       sf_mex_is_real             00000001800188d0 f   sfc_mex:sfc_mex.obj
 0001:00017d40       sf_mex_decode_encoded_mx_struct_array 0000000180018d40 f   sfc_mex:sfc_mex.obj
 0001:00018020       sf_mex_lw_bounds_check     0000000180019020 f   sfc_mex:sfc_mex.obj
 0001:00018050       sf_mex_lw_size_eq_check_1d 0000000180019050 f   sfc_mex:sfc_mex.obj
 0001:00018070       sf_mex_lw_size_eq_check_nd 0000000180019070 f   sfc_mex:sfc_mex.obj
 0001:00018250       sf_mex_lw_dim_size_eq_check 0000000180019250 f   sfc_mex:sfc_mex.obj
 0001:00018280       sf_mex_lw_dim_size_geq_check 0000000180019280 f   sfc_mex:sfc_mex.obj
 0001:000182b0       sf_mex_lw_sub_assign_size_check_nd 00000001800192b0 f   sfc_mex:sfc_mex.obj
 0001:000184e0       sf_mex_lw_runtime_error_msgid 00000001800194e0 f   sfc_mex:sfc_mex.obj
 0001:000185d0       sf_mex_lw_matrix_matrix_index_check 00000001800195d0 f   sfc_mex:sfc_mex.obj
 0001:000185f0       sf_mex_lw_vector_vector_index_check 00000001800195f0 f   sfc_mex:sfc_mex.obj
 0001:00018630       sf_mex_lw_for_loop_vector_check 0000000180019630 f   sfc_mex:sfc_mex.obj
 0001:000186c0       sf_mex_lw_non_negative_check 00000001800196c0 f   sfc_mex:sfc_mex.obj
 0001:00018700       sf_mex_overflow_error      0000000180019700 f   sfc_mex:sfc_mex.obj
 0001:00018710       sf_mex_dividebyzero_error  0000000180019710 f   sfc_mex:sfc_mex.obj
 0001:00018720       sf_mex_unsafe_enum_error   0000000180019720 f   sfc_mex:sfc_mex.obj
 0001:00018730       sf_emlrtErrHandler         0000000180019730 f   sfc_mex:sfc_mex.obj
 0001:00018810       sf_mex_size_one_check      0000000180019810 f   sfc_mex:sfc_mex.obj
 0001:00018830       sf_mex_printf              0000000180019830 f   sfc_mex:sfc_mex.obj
 0001:00018a00       sf_mex_check_size          0000000180019a00 f   sfc_mex:sfc_mex.obj
 0001:00018cd0       sf_mex_check_struct        0000000180019cd0 f   sfc_mex:sfc_mex.obj
 0001:00018f30       sf_mex_check_struct_vs     0000000180019f30 f   sfc_mex:sfc_mex.obj
 0001:00018fc0       sf_mex_check_fi            0000000180019fc0 f   sfc_mex:sfc_mex.obj
 0001:000190c0       sf_mex_check_fi_vs         000000018001a0c0 f   sfc_mex:sfc_mex.obj
 0001:00019160       sf_echo_expression         000000018001a160 f   sfc_mex:sfc_mex.obj
 0001:000191c0       sf_assertion_failed        000000018001a1c0 f   sfc_mex:sfc_mex.obj
 0001:000194a0       sf_mex_evalin              000000018001a4a0 f   sfc_mex:sfc_mex.obj
 0001:00019710       sf_mex_export              000000018001a710 f   sfc_mex:sfc_mex.obj
 0001:000197d0       sf_mex_get_ml_var_no_error 000000018001a7d0 f   sfc_mex:sfc_mex.obj
 0001:00019970       sf_mex_get_ml_var          000000018001a970 f   sfc_mex:sfc_mex.obj
 0001:00019e10       ml_set_element_value_in_array 000000018001ae10 f   sfc_mex:sfc_mex.obj
 0001:0001b4e0       sf_mex_call_impl           000000018001c4e0 f   sfc_mex:sfc_mex.obj
 0001:0001ba10       sf_mex_call_debug          000000018001ca10 f   sfc_mex:sfc_mex.obj
 0001:0001ba40       sf_mex_call                000000018001ca40 f   sfc_mex:sfc_mex.obj
 0001:0001c090       sf_mex_createstruct        000000018001d090 f   sfc_mex:sfc_mex.obj
 0001:0001c180       sf_mex_createstructarray   000000018001d180 f   sfc_mex:sfc_mex.obj
 0001:0001c200       sf_mex_get_mx_datatype_from_sf_datatype 000000018001d200 f   sfc_mex:sfc_mex.obj
 0001:0001c510       sf_mex_ml_var_sub          000000018001d510 f   sfc_mex:sfc_mex.obj
 0001:0001c6e0       sf_mex_ml_var_subsasgn     000000018001d6e0 f   sfc_mex:sfc_mex.obj
 0001:0001cad0       sf_mex_sub                 000000018001dad0 f   sfc_mex:sfc_mex.obj
 0001:0001ccd0       sf_mex_subsasgn            000000018001dcd0 f   sfc_mex:sfc_mex.obj
 0001:0001d1b0       sf_mex_create              000000018001e1b0 f   sfc_mex:sfc_mex.obj
 0001:0001dc00       sf_mex_import_named        000000018001ec00 f   sfc_mex:sfc_mex.obj
 0001:0001dc60       sf_mex_import              000000018001ec60 f   sfc_mex:sfc_mex.obj
 0001:0001dcb0       sf_mex_import_vs           000000018001ecb0 f   sfc_mex:sfc_mex.obj
 0001:0001ddc0       sf_mex_lower_fixpt_mx_array 000000018001edc0 f   sfc_mex:sfc_mex.obj
 0001:0001e0b0       sf_send_message_wrapper    000000018001f0b0 f   sfc_mex:sfc_sf.obj
 0001:0001e0e0       sf_receive_message_wrapper 000000018001f0e0 f   sfc_mex:sfc_sf.obj
 0001:0001e120       sf_check_out_message_wrapper 000000018001f120 f   sfc_mex:sfc_sf.obj
 0001:0001e160       sf_check_in_message_wrapper 000000018001f160 f   sfc_mex:sfc_sf.obj
 0001:0001e1a0       sf_no_message_wrapper      000000018001f1a0 f   sfc_mex:sfc_sf.obj
 0001:0001e530       sim_mode_is_rtw_gen        000000018001f530 f   sfc_mex:sfc_sf.obj
 0001:0001e560       sim_mode_is_external       000000018001f560 f   sfc_mex:sfc_sf.obj
 0001:0001e570       sim_mode_is_modelref_sim   000000018001f570 f   sfc_mex:sfc_sf.obj
 0001:0001e590       mdlInitializeSizes         000000018001f590 f   sfc_mex:sfc_sf.obj
 0001:0001e5b0       mdlInitializeSampleTimes   000000018001f5b0 f   sfc_mex:sfc_sf.obj
 0001:0001e5f0       mdlZeroCrossings           000000018001f5f0 f   sfc_mex:sfc_sf.obj
 0001:0001e6d0       mdlDerivatives             000000018001f6d0 f   sfc_mex:sfc_sf.obj
 0001:0001e780       mdl_initialize_conditions_processing 000000018001f780 f   sfc_mex:sfc_sf.obj
 0001:0001e7b0       mdlInitializeConditions    000000018001f7b0 f   sfc_mex:sfc_sf.obj
 0001:0001e870       mdlGetSimState             000000018001f870 f   sfc_mex:sfc_sf.obj
 0001:0001e880       mdlSetSimState             000000018001f880 f   sfc_mex:sfc_sf.obj
 0001:0001e890       mdl_ext_mode_exec_processing 000000018001f890 f   sfc_mex:sfc_sf.obj
 0001:0001e8b0       mdlExtModeExec             000000018001f8b0 f   sfc_mex:sfc_sf.obj
 0001:0001ea40       mdlTerminate               000000018001fa40 f   sfc_mex:sfc_sf.obj
 0001:0001eab0       mdlRTW                     000000018001fab0 f   sfc_mex:sfc_sf.obj
 0001:0001eae0       mdlSetWorkWidths           000000018001fae0 f   sfc_mex:sfc_sf.obj
 0001:0001eaf0       mdlProcessParameters       000000018001faf0 f   sfc_mex:sfc_sf.obj
 0001:0001eb00       mdl_start_processing       000000018001fb00 f   sfc_mex:sfc_sf.obj
 0001:0001eb60       mdlStart                   000000018001fb60 f   sfc_mex:sfc_sf.obj
 0001:0001ec70       mdlEnable                  000000018001fc70 f   sfc_mex:sfc_sf.obj
 0001:0001ed40       mdlDisable                 000000018001fd40 f   sfc_mex:sfc_sf.obj
 0001:0001edf0       sf_get_chart_instance_ptr  000000018001fdf0 f   sfc_mex:sfc_sf.obj
 0001:0001ee10       sf_load_rtw_optimization_info 000000018001fe10 f   sfc_mex:sfc_sf.obj
 0001:0001eee0       sf_rtw_info_uint_prop      000000018001fee0 f   sfc_mex:sfc_sf.obj
 0001:0001f020       sf_is_chart_inlinable      0000000180020020 f   sfc_mex:sfc_sf.obj
 0001:0001f040       sf_mark_output_events_with_multiple_callers 0000000180020040 f   sfc_mex:sfc_sf.obj
 0001:0001f1d0       sf_mark_chart_reusable_outputs 00000001800201d0 f   sfc_mex:sfc_sf.obj
 0001:0001f430       sf_mark_chart_expressionable_inputs 0000000180020430 f   sfc_mex:sfc_sf.obj
 0001:0001f690       sf_get_subchart_simstruct  0000000180020690 f   sfc_mex:sfc_sf.obj
 0001:0001f6e0       sf_get_fixpt_data_type_id  00000001800206e0 f   sfc_mex:sfc_sf.obj
 0001:0001f720       sf_get_enum_data_type_id   0000000180020720 f   sfc_mex:sfc_sf.obj
 0001:0001f760       sf_get_param_data_type_id  0000000180020760 f   sfc_mex:sfc_sf.obj
 0001:0001f790       sf_mex_listen_for_ctrl_c_force 0000000180020790 f   sfc_mex:sfc_sf.obj
 0001:0001f8a0       sf_mex_draw_now            00000001800208a0 f   sfc_mex:sfc_sf.obj
 0001:0001f8e0       sf_mex_set_debugger_sim_status_listener_fcn 00000001800208e0 f   sfc_mex:sfc_sf.obj
 0001:0001f8f0       sf_mex_listen_for_ctrl_c   00000001800208f0 f   sfc_mex:sfc_sf.obj
 0001:0001f980       sf_mex_get_sfun_param      0000000180020980 f   sfc_mex:sfc_sf.obj
 0001:0001f9d0       sf_get_runtime_param_data  00000001800209d0 f   sfc_mex:sfc_sf.obj
 0001:0001fa10       sf_call_output_fcn_call    0000000180020a10 f   sfc_mex:sfc_sf.obj
 0001:0001fb50       sf_call_output_fcn_enable  0000000180020b50 f   sfc_mex:sfc_sf.obj
 0001:0001fbe0       sf_call_output_fcn_disable 0000000180020be0 f   sfc_mex:sfc_sf.obj
 0001:0001fc70       sf_clear_rtw_identifier    0000000180020c70 f   sfc_mex:sfc_sf.obj
 0001:00020460       sf_set_encoded_dwork_info  0000000180021460 f   sfc_mex:sfc_sf.obj
 0001:000204b0       sf_get_dwork_info_from_mat_file 00000001800214b0 f   sfc_mex:sfc_sf.obj
 0001:00020670       sf_set_rtw_dwork_info      0000000180021670 f   sfc_mex:sfc_sf.obj
 0001:000207e0       mdlOutputs                 00000001800217e0 f   sfc_mex:sfc_sf.obj
 0001:00020980       sf_debug_disp              0000000180021980 f   sfc_debug:sfcdebug.obj
 0001:00020be0       sf_debug_data_runtime_size_mismatch_error_check 0000000180021be0 f   sfc_debug:sfcdebug.obj
 0001:00020c80       sf_debug_try_loading_machine 0000000180021c80 f   sfc_debug:sfcdebug.obj
 0001:00020d80       sf_debug_reset_current_state_configuration 0000000180021d80 f   sfc_debug:sfcdebug.obj
 0001:00020e10       sf_debug_store_current_state_configuration 0000000180021e10 f   sfc_debug:sfcdebug.obj
 0001:00020ea0       sf_debug_restore_previous_state_configuration 0000000180021ea0 f   sfc_debug:sfcdebug.obj
 0001:00020f30       sf_debug_restore_previous_state_configuration2 0000000180021f30 f   sfc_debug:sfcdebug.obj
 0001:00020fc0       sf_debug_get_event_scope   0000000180021fc0 f   sfc_debug:sfcdebug.obj
 0001:00021130       use_debugger_step_animation 0000000180022130 f   sfc_debug:sfcdebug.obj
 0001:00021150       sf_debug_get_script_id     0000000180022150 f   sfc_debug:sfcdebug.obj
 0001:000211e0       sf_debug_set_script_translation 00000001800221e0 f   sfc_debug:sfcdebug.obj
 0001:00021360       sf_debug_extract_message_post_receive_info 0000000180022360 f   sfc_debug:sfcdebug.obj
 0001:00021460       sf_debug_get_current_machine_id 0000000180022460 f   sfc_debug:sfcdebug.obj
 0001:00021480       sf_debug_get_current_optional_integer 0000000180022480 f   sfc_debug:sfcdebug.obj
 0001:00021490       sf_debug_get_current_machine_number 0000000180022490 f   sfc_debug:sfcdebug.obj
 0001:000214b0       sf_debug_get_current_machine_name 00000001800224b0 f   sfc_debug:sfcdebug.obj
 0001:000214d0       sf_debug_get_current_chart_id 00000001800224d0 f   sfc_debug:sfcdebug.obj
 0001:00021520       sf_debug_get_current_chart_number 0000000180022520 f   sfc_debug:sfcdebug.obj
 0001:00021530       sf_debug_get_current_instance_number 0000000180022530 f   sfc_debug:sfcdebug.obj
 0001:00021540       sf_debug_get_current_is_minor_time_step 0000000180022540 f   sfc_debug:sfcdebug.obj
 0001:000215c0       sf_debug_get_current_object_type 00000001800225c0 f   sfc_debug:sfcdebug.obj
 0001:000215d0       sf_debug_get_current_instance_handle 00000001800225d0 f   sfc_debug:sfcdebug.obj
 0001:00021630       sf_debug_get_current_event_type 0000000180022630 f   sfc_debug:sfcdebug.obj
 0001:00021640       sf_debug_get_current_object_id 0000000180022640 f   sfc_debug:sfcdebug.obj
 0001:00021680       sf_debug_get_current_active_event_type 0000000180022680 f   sfc_debug:sfcdebug.obj
 0001:00021690       sf_debug_get_current_active_event_id 0000000180022690 f   sfc_debug:sfcdebug.obj
 0001:000216d0       sf_debug_get_current_tag_type 00000001800226d0 f   sfc_debug:sfcdebug.obj
 0001:000216e0       sf_debug_get_current_simulation_time 00000001800226e0 f   sfc_debug:sfcdebug.obj
 0001:000216f0       sf_debug_get_current_coverage_percentage 00000001800226f0 f   sfc_debug:sfcdebug.obj
 0001:00021700       sf_debug_current_statement_context 0000000180022700 f   sfc_debug:sfcdebug.obj
 0001:00021790       sf_debug_get_current_statement_info 0000000180022790 f   sfc_debug:sfcdebug.obj
 0001:00021910       sf_debug_terminate_instance 0000000180022910 f   sfc_debug:sfcdebug.obj
 0001:00021c50       sf_debug_assertion_failed  0000000180022c50 f   sfc_debug:sfcdebug.obj
 0001:00021eb0       sf_debug_set_number_of_data_with_change_event_for_machine 0000000180022eb0 f   sfc_debug:sfcdebug.obj
 0001:00021ef0       sf_debug_set_machine_event_thresholds 0000000180022ef0 f   sfc_debug:sfcdebug.obj
 0001:00021f10       sf_debug_set_machine_event_scope 0000000180022f10 f   sfc_debug:sfcdebug.obj
 0001:00021f50       sf_debug_set_machine_data_thresholds 0000000180022f50 f   sfc_debug:sfcdebug.obj
 0001:00021f90       sf_debug_set_machine_data_scope 0000000180022f90 f   sfc_debug:sfcdebug.obj
 0001:00022020       sf_debug_set_machine_data_name 0000000180023020 f   sfc_debug:sfcdebug.obj
 0001:000220c0       sf_debug_set_machine_data_size 00000001800230c0 f   sfc_debug:sfcdebug.obj
 0001:00022200       sf_debug_set_machine_data_type 0000000180023200 f   sfc_debug:sfcdebug.obj
 0001:00022370       sf_debug_get_chart_data_number 0000000180023370 f   sfc_debug:sfcdebug.obj
 0001:00022390       sf_debug_get_chart_event_number 0000000180023390 f   sfc_debug:sfcdebug.obj
 0001:000223b0       sf_debug_set_chart_state_info 00000001800233b0 f   sfc_debug:sfcdebug.obj
 0001:00022430       sf_debug_set_chart_decomposition 0000000180023430 f   sfc_debug:sfcdebug.obj
 0001:000224a0       sf_debug_set_chart_substate_count 00000001800234a0 f   sfc_debug:sfcdebug.obj
 0001:00022580       sf_debug_set_chart_substate_index 0000000180023580 f   sfc_debug:sfcdebug.obj
 0001:000225f0       sf_debug_set_chart_state_substate_count 00000001800235f0 f   sfc_debug:sfcdebug.obj
 0001:00022700       sf_debug_set_chart_state_substate_index 0000000180023700 f   sfc_debug:sfcdebug.obj
 0001:00022780       sf_debug_set_number_of_data_with_change_event_for_chart 0000000180023780 f   sfc_debug:sfcdebug.obj
 0001:00022800       sf_debug_set_number_of_states_with_entry_event_for_chart 0000000180023800 f   sfc_debug:sfcdebug.obj
 0001:00022870       sf_debug_set_number_of_states_with_exit_event_for_chart 0000000180023870 f   sfc_debug:sfcdebug.obj
 0001:000228e0       sf_debug_set_chart_disable_implicit_casting 00000001800238e0 f   sfc_debug:sfcdebug.obj
 0001:00022950       sf_debug_set_chart_event_thresholds 0000000180023950 f   sfc_debug:sfcdebug.obj
 0001:000229c0       sf_debug_set_chart_data_compiled_props 00000001800239c0 f   sfc_debug:sfcdebug.obj
 0001:00022d10       sf_debug_set_chart_data_props 0000000180023d10 f   sfc_debug:sfcdebug.obj
 0001:00023030       sf_debug_check_fi_license  0000000180024030 f   sfc_debug:sfcdebug.obj
 0001:00023220       sf_debug_symbol_scope_push 0000000180024220 f   sfc_debug:sfcdebug.obj
 0001:00023260       sf_debug_symbol_scope_push_eml 0000000180024260 f   sfc_debug:sfcdebug.obj
 0001:000232b0       sf_debug_symbol_scope_pop  00000001800242b0 f   sfc_debug:sfcdebug.obj
 0001:000232f0       sf_debug_symbol_scope_add_importable 00000001800242f0 f   sfc_debug:sfcdebug.obj
 0001:00023370       sf_debug_symbol_scope_add  0000000180024370 f   sfc_debug:sfcdebug.obj
 0001:000233f0       sf_debug_symbol_scope_add_dyn_importable 00000001800243f0 f   sfc_debug:sfcdebug.obj
 0001:000234b0       sf_debug_symbol_scope_add_dyn 00000001800244b0 f   sfc_debug:sfcdebug.obj
 0001:000234e0       sf_debug_symbol_scope_add_eml_importable 00000001800244e0 f   sfc_debug:sfcdebug.obj
 0001:00023520       sf_debug_symbol_scope_add_eml 0000000180024520 f   sfc_debug:sfcdebug.obj
 0001:00023560       sf_debug_symbol_scope_add_eml_dyn_importable 0000000180024560 f   sfc_debug:sfcdebug.obj
 0001:000235d0       sf_debug_symbol_scope_add_eml_dyn 00000001800245d0 f   sfc_debug:sfcdebug.obj
 0001:00023630       sf_debug_symbol_switch     0000000180024630 f   sfc_debug:sfcdebug.obj
 0001:00023650       sf_debug_symbol_scope_add_verbose 0000000180024650 f   sfc_debug:sfcdebug.obj
 0001:00023720       sf_debug_set_machine_data_value_ptr 0000000180024720 f   sfc_debug:sfcdebug.obj
 0001:00023760       sf_debug_set_instance_data_value_ptr 0000000180024760 f   sfc_debug:sfcdebug.obj
 0001:00023820       sf_debug_unset_instance_data_value_ptr 0000000180024820 f   sfc_debug:sfcdebug.obj
 0001:000238d0       sf_debug_set_chart_event_scope 00000001800248d0 f   sfc_debug:sfcdebug.obj
 0001:00023950       sf_debug_set_chart_transition_coverage_maps 0000000180024950 f   sfc_debug:sfcdebug.obj
 0001:00023a60       sf_debug_set_chart_state_coverage_maps 0000000180024a60 f   sfc_debug:sfcdebug.obj
 0001:00023b40       sf_debug_set_instance_transition_coverage_weights 0000000180024b40 f   sfc_debug:sfcdebug.obj
 0001:00023be0       sf_debug_set_instance_state_coverage_weights 0000000180024be0 f   sfc_debug:sfcdebug.obj
 0001:00023e30       sf_debug_unload_machine    0000000180024e30 f   sfc_debug:sfcdebug.obj
 0001:00023e80       sf_debug_load_machine      0000000180024e80 f   sfc_debug:sfcdebug.obj
 0001:00023f80       sf_debug_set_active_instance_in_data_dictionary 0000000180024f80 f   sfc_debug:sfcdebug.obj
 0001:00024160       sf_debug_set_active_instance 0000000180025160 f   sfc_debug:sfcdebug.obj
 0001:000242c0       sf_debug_chart_visiblity_change 00000001800252c0 f   sfc_debug:sfcdebug.obj
 0001:000243c0       sf_debug_select_chart      00000001800253c0 f   sfc_debug:sfcdebug.obj
 0001:00024530       sf_debug_set_instance_cv_ids 0000000180025530 f   sfc_debug:sfcdebug.obj
 0001:00024840       sf_debug_select_charts     0000000180025840 f   sfc_debug:sfcdebug.obj
 0001:000249d0       sf_debug_initialized       00000001800259d0 f   sfc_debug:sfcdebug.obj
 0001:000249e0       sf_debug_is_uninterruptible 00000001800259e0 f   sfc_debug:sfcdebug.obj
 0001:00024a10       sf_debug_initialize_debugger_gui 0000000180025a10 f   sfc_debug:sfcdebug.obj
 0001:00024e00       sf_debug_resume            0000000180025e00 f   sfc_debug:sfcdebug.obj
 0001:00024e20       sf_debug_go                0000000180025e20 f   sfc_debug:sfcdebug.obj
 0001:00024e30       sf_debug_break             0000000180025e30 f   sfc_debug:sfcdebug.obj
 0001:00024e40       sf_debug_step_over         0000000180025e40 f   sfc_debug:sfcdebug.obj
 0001:00024e50       sf_debug_step_out          0000000180025e50 f   sfc_debug:sfcdebug.obj
 0001:00024e60       sf_debug_set_disable_all_breakpoints 0000000180025e60 f   sfc_debug:sfcdebug.obj
 0001:00024e70       sf_debug_disable_all_breakpoints_and_go 0000000180025e70 f   sfc_debug:sfcdebug.obj
 0001:00024e80       sf_debug_break_on_chart_entry 0000000180025e80 f   sfc_debug:sfcdebug.obj
 0001:00024e90       sf_debug_break_on_event_broadcast 0000000180025e90 f   sfc_debug:sfcdebug.obj
 0001:00024ea0       sf_debug_break_on_state_entry 0000000180025ea0 f   sfc_debug:sfcdebug.obj
 0001:00024eb0       sf_debug_break_between_times 0000000180025eb0 f   sfc_debug:sfcdebug.obj
 0001:00024ed0       sf_debug_browse_data       0000000180025ed0 f   sfc_debug:sfcdebug.obj
 0001:00024ef0       sf_debug_watch_data        0000000180025ef0 f   sfc_debug:sfcdebug.obj
 0001:00024f10       sf_debug_assign_data       0000000180025f10 f   sfc_debug:sfcdebug.obj
 0001:00024f30       sf_debug_whos              0000000180025f30 f   sfc_debug:sfcdebug.obj
 0001:00024f50       sf_debug_get_consistency_info 0000000180025f50 f   sfc_debug:sfcdebug.obj
 0001:00024f60       sf_debug_browse_trace      0000000180025f60 f   sfc_debug:sfcdebug.obj
 0001:00024f70       sf_debug_set_breakpoints   0000000180025f70 f   sfc_debug:sfcdebug.obj
 0001:000250d0       sf_debug_set_eml_breakpoints 00000001800260d0 f   sfc_debug:sfcdebug.obj
 0001:00025230       sf_debug_set_script_breakpoints 0000000180026230 f   sfc_debug:sfcdebug.obj
 0001:000252b0       sf_debug_add_script_breakpoints 00000001800262b0 f   sfc_debug:sfcdebug.obj
 0001:00025320       sf_debug_clear_script_breakpoints 0000000180026320 f   sfc_debug:sfcdebug.obj
 0001:00025390       sf_debug_query_script_breakpoints 0000000180026390 f   sfc_debug:sfcdebug.obj
 0001:00025450       sf_debug_get_eml_script_id 0000000180026450 f   sfc_debug:sfcdebug.obj
 0001:000254a0       sf_debug_set_watch         00000001800264a0 f   sfc_debug:sfcdebug.obj
 0001:000256d0       sf_debug_get_instance_handle 00000001800266d0 f   sfc_debug:sfcdebug.obj
 0001:00025760       sf_debug_get_active_states 0000000180026760 f   sfc_debug:sfcdebug.obj
 0001:00025770       sf_debug_get_animation     0000000180026770 f   sfc_debug:sfcdebug.obj
 0001:00025780       sf_debug_set_animation     0000000180026780 f   sfc_debug:sfcdebug.obj
 0001:00025790       sf_debug_animate           0000000180026790 f   sfc_debug:sfcdebug.obj
 0001:000257c0       sf_debug_cycle_detection_check 00000001800267c0 f   sfc_debug:sfcdebug.obj
 0001:000257d0       sf_debug_data_range_check  00000001800267d0 f   sfc_debug:sfcdebug.obj
 0001:000257e0       sf_debug_transition_conflict_check 00000001800267e0 f   sfc_debug:sfcdebug.obj
 0001:000257f0       sf_debug_state_consistency_check 00000001800267f0 f   sfc_debug:sfcdebug.obj
 0001:00025800       sf_debug_data_range_check_enabled 0000000180026800 f   sfc_debug:sfcdebug.obj
 0001:00025820       sf_debug_transition_conflict_check_enabled 0000000180026820 f   sfc_debug:sfcdebug.obj
 0001:00025840       sf_debug_transition_conflict_check_begin 0000000180026840 f   sfc_debug:sfcdebug.obj
 0001:00025860       sf_debug_transition_conflict_check_end 0000000180026860 f   sfc_debug:sfcdebug.obj
 0001:00025880       sf_debug_stop_debugging    0000000180026880 f   sfc_debug:sfcdebug.obj
 0001:000258b0       sf_debug_is_cycle_detected 00000001800268b0 f   sfc_debug:sfcdebug.obj
 0001:000258c0       sf_debug_is_array_bounds_detected 00000001800268c0 f   sfc_debug:sfcdebug.obj
 0001:000258d0       sf_debug_get_state_vectors_data_size 00000001800268d0 f   sfc_debug:sfcdebug.obj
 0001:00025910       sf_debug_get_state_vectors_data 0000000180026910 f   sfc_debug:sfcdebug.obj
 0001:00025a10       sf_debug_set_state_vectors_data 0000000180026a10 f   sfc_debug:sfcdebug.obj
 0001:00025cd0       sf_debug_get_script_index  0000000180026cd0 f   sfc_debug:sfcdebug.obj
 0001:00025e60       sf_debug_add_script        0000000180026e60 f   sfc_debug:sfcdebug.obj
 0001:00025ff0       cv_eval_point              0000000180026ff0 f   sfc_debug:sfcdebug.obj
 0001:00026160       cv_eval_testobjective      0000000180027160 f   sfc_debug:sfcdebug.obj
 0001:00026280       sf_debug_cv_init_state     0000000180027280 f   sfc_debug:sfcdebug.obj
 0001:000263a0       sf_debug_cv_init_chart     00000001800273a0 f   sfc_debug:sfcdebug.obj
 0001:00026480       sf_debug_cv_init_trans     0000000180027480 f   sfc_debug:sfcdebug.obj
 0001:00026580       sf_debug_cv_init_testobjectives 0000000180027580 f   sfc_debug:sfcdebug.obj
 0001:00026760       cv_eml_init_script         0000000180027760 f   sfc_debug:sfcdebug.obj
 0001:00026870       cv_eml_init_fcn            0000000180027870 f   sfc_debug:sfcdebug.obj
 0001:00026920       cv_eml_init_testobjective  0000000180027920 f   sfc_debug:sfcdebug.obj
 0001:000269f0       cv_eml_init_saturation     00000001800279f0 f   sfc_debug:sfcdebug.obj
 0001:00026ab0       cv_eml_init_if             0000000180027ab0 f   sfc_debug:sfcdebug.obj
 0001:00026b80       cv_eml_init_for            0000000180027b80 f   sfc_debug:sfcdebug.obj
 0001:00026c40       cv_eml_init_while          0000000180027c40 f   sfc_debug:sfcdebug.obj
 0001:00026d00       cv_eml_init_mcdc           0000000180027d00 f   sfc_debug:sfcdebug.obj
 0001:00026e10       cv_eml_init_switch         0000000180027e10 f   sfc_debug:sfcdebug.obj
 0001:00026f00       cv_eml_eval                0000000180027f00 f   sfc_debug:sfcdebug.obj
 0001:00026fe0       sf_debug_bm_is_a_eml_breakpoint 0000000180027fe0 f   sfc_debug:sfcdebug.obj
 0001:00027130       sf_debug_temporal_threshold 0000000180028130 f   sfc_debug:sfcdebug.obj
 0001:00027490       sf_debug_transition_conflict_error 0000000180028490 f   sfc_debug:sfcdebug.obj
 0001:00027810       sf_debug_state_inconsistency_error 0000000180028810 f   sfc_debug:sfcdebug.obj
 0001:00027930       sf_debug_check_for_state_inconsistency 0000000180028930 f   sfc_debug:sfcdebug.obj
 0001:00027960       sf_debug_cycle_detecton_error 0000000180028960 f   sfc_debug:sfcdebug.obj
 0001:00028130       sf_debug_size_eq_check_1d  0000000180029130 f   sfc_debug:sfcdebug.obj
 0001:00028150       sf_debug_size_eq_check_nd  0000000180029150 f   sfc_debug:sfcdebug.obj
 0001:00028330       sf_debug_dim_size_eq_check 0000000180029330 f   sfc_debug:sfcdebug.obj
 0001:00028360       sf_debug_dim_size_geq_check 0000000180029360 f   sfc_debug:sfcdebug.obj
 0001:00028390       sf_debug_sub_assign_size_check_nd 0000000180029390 f   sfc_debug:sfcdebug.obj
 0001:000285d0       sf_debug_matrix_matrix_index_check 00000001800295d0 f   sfc_debug:sfcdebug.obj
 0001:00028600       sf_debug_vector_vector_index_check 0000000180029600 f   sfc_debug:sfcdebug.obj
 0001:00028630       sf_debug_for_loop_vector_check 0000000180029630 f   sfc_debug:sfcdebug.obj
 0001:000286c0       sf_debug_runtime_error_msgid 00000001800296c0 f   sfc_debug:sfcdebug.obj
 0001:00028750       sf_debug_data_array_bounds_error_check 0000000180029750 f   sfc_debug:sfcdebug.obj
 0001:00028860       sf_debug_eml_data_array_bounds_error_check 0000000180029860 f   sfc_debug:sfcdebug.obj
 0001:00028d40       sf_debug_integer_check     0000000180029d40 f   sfc_debug:sfcdebug.obj
 0001:00028e20       sf_debug_not_nan_check     0000000180029e20 f   sfc_debug:sfcdebug.obj
 0001:00028ee0       sf_debug_non_negative_check 0000000180029ee0 f   sfc_debug:sfcdebug.obj
 0001:00028fa0       sf_debug_overflow_detection 0000000180029fa0 f   sfc_debug:sfcdebug.obj
 0001:00029690       sf_debug_cast_to_real32_T  000000018002a690 f   sfc_debug:sfcdebug.obj
 0001:00029750       sf_debug_cast_to_int8_T    000000018002a750 f   sfc_debug:sfcdebug.obj
 0001:00029810       sf_debug_cast_to_uint8_T   000000018002a810 f   sfc_debug:sfcdebug.obj
 0001:000298d0       sf_debug_cast_to_int16_T   000000018002a8d0 f   sfc_debug:sfcdebug.obj
 0001:00029990       sf_debug_cast_to_uint16_T  000000018002a990 f   sfc_debug:sfcdebug.obj
 0001:00029a50       sf_debug_cast_to_int32_T   000000018002aa50 f   sfc_debug:sfcdebug.obj
 0001:00029b10       sf_debug_cast_to_uint32_T  000000018002ab10 f   sfc_debug:sfcdebug.obj
 0001:00029bd0       sf_debug_data_range_error  000000018002abd0 f   sfc_debug:sfcdebug.obj
 0001:00029f20       sf_debug_read_before_write_check 000000018002af20 f   sfc_debug:sfcdebug.obj
 0001:0002a380       sf_debug_data_range_error_wrapper_min_max 000000018002b380 f   sfc_debug:sfcdebug.obj
 0001:0002a470       sf_debug_data_range_error_wrapper_min 000000018002b470 f   sfc_debug:sfcdebug.obj
 0001:0002a550       sf_debug_data_range_error_wrapper_max 000000018002b550 f   sfc_debug:sfcdebug.obj
 0001:0002a630       sf_debug_data_range_wrapper 000000018002b630 f   sfc_debug:sfcdebug.obj
 0001:0002a6e0       sf_debug_set_current_status_info 000000018002b6e0 f   sfc_debug:sfcdebug.obj
 0001:0002aa90       sf_debug_register_message_post_receive_info 000000018002ba90 f   sfc_debug:sfcdebug.obj
 0001:0002ad00       sf_debug_call              000000018002bd00 f   sfc_debug:sfcdebug.obj
 0001:0002b960       sf_debug_initialize_machine 000000018002c960 f   sfc_debug:sfcdebug.obj
 0001:0002bc70       sf_debug_initialize_chart  000000018002cc70 f   sfc_debug:sfcdebug.obj
 0001:0002c0c0       sf_debug_ensure_script     000000018002d0c0 f   sfc_debug:sfcdebug.obj
 0001:0002c180       cv_script_init_script      000000018002d180 f   sfc_debug:sfcdebug.obj
 0001:0002c270       cv_script_init_fcn         000000018002d270 f   sfc_debug:sfcdebug.obj
 0001:0002c320       cv_script_init_testobjective 000000018002d320 f   sfc_debug:sfcdebug.obj
 0001:0002c3d0       cv_script_init_if          000000018002d3d0 f   sfc_debug:sfcdebug.obj
 0001:0002c480       cv_script_init_for         000000018002d480 f   sfc_debug:sfcdebug.obj
 0001:0002c530       cv_script_init_while       000000018002d530 f   sfc_debug:sfcdebug.obj
 0001:0002c5e0       cv_script_init_mcdc        000000018002d5e0 f   sfc_debug:sfcdebug.obj
 0001:0002c6e0       cv_script_init_switch      000000018002d6e0 f   sfc_debug:sfcdebug.obj
 0001:0002c7c0       cv_script_eval             000000018002d7c0 f   sfc_debug:sfcdebug.obj
 0001:0002c8a0       eml_debug_line_call        000000018002d8a0 f   sfc_debug:sfcdebug.obj
 0001:0002ca50       sf_debug_terminate         000000018002da50 f   sfc_debug:sfcdebug.obj
 0001:0002cbc0       sf_debug_set_script_cv_ids 000000018002dbc0 f   sfc_debug:sfcdebug.obj
 0001:0002ccf0       sf_debug_api               000000018002dcf0 f   sfc_debug:sfc_api.obj
 0001:0002e3a0       sf_debug_sm_terminate      000000018002f3a0 f   sfc_debug:sfdb_animation.obj
 0001:0002e560       sf_debug_reset_path_objects 000000018002f560 f   sfc_debug:sfdb_animation.obj
 0001:0002e5e0       sf_debug_sm_reset_object_selection_status 000000018002f5e0 f   sfc_debug:sfdb_animation.obj
 0001:0002e680       sf_debug_sm_reset_state_buffer 000000018002f680 f   sfc_debug:sfdb_animation.obj
 0001:0002e750       sf_debug_sm_store_state_buffer 000000018002f750 f   sfc_debug:sfdb_animation.obj
 0001:0002e7d0       sf_debug_sm_restore_state_buffer1 000000018002f7d0 f   sfc_debug:sfdb_animation.obj
 0001:0002e840       sf_debug_sm_restore_state_buffer2 000000018002f840 f   sfc_debug:sfdb_animation.obj
 0001:0002e8b0       sf_debug_sm_chart_active   000000018002f8b0 f   sfc_debug:sfdb_animation.obj
 0001:0002e900       sf_debug_sm_select_active_objects 000000018002f900 f   sfc_debug:sfdb_animation.obj
 0001:0002edf0       sf_debug_sm_is_chart_active 000000018002fdf0 f   sfc_debug:sfdb_animation.obj
 0001:0002ee30       sf_debug_sm_is_state_active 000000018002fe30 f   sfc_debug:sfdb_animation.obj
 0001:0002f070       sf_debug_sm_get_active_states 0000000180030070 f   sfc_debug:sfdb_animation.obj
 0001:0002f630       sf_debug_sm_initialize_instance 0000000180030630 f   sfc_debug:sfdb_animation.obj
 0001:0002f850       sf_debug_sm_change_object_selection_status 0000000180030850 f   sfc_debug:sfdb_animation.obj
 0001:0002fb60       cv_create_interface        0000000180030b60 f   sfc_debug:cv_sfinterface.obj
 0001:0002fec0       cv_init_trans              0000000180030ec0 f   sfc_debug:cv_sfinterface.obj
 0001:0002ff10       cv_init_testobjective      0000000180030f10 f   sfc_debug:cv_sfinterface.obj
 0001:0002ff50       cv_init_state              0000000180030f50 f   sfc_debug:cv_sfinterface.obj
 0001:0002ffc0       cv_init_chart              0000000180030fc0 f   sfc_debug:cv_sfinterface.obj
 0001:00030010       cv_dec_update_call         0000000180031010 f   sfc_debug:cv_sfinterface.obj
 0001:00030050       cv_cond_update_call        0000000180031050 f   sfc_debug:cv_sfinterface.obj
 0001:00030090       cv_testobjective_update_call 0000000180031090 f   sfc_debug:cv_sfinterface.obj
 0001:000300d0       cv_sigrange_update         00000001800310d0 f   sfc_debug:cv_sfinterface.obj
 0001:00030110       cvsf_eml_eval              0000000180031110 f   sfc_debug:cv_sfinterface.obj
 0001:00030200       cvsf_eml_init_script       0000000180031200 f   sfc_debug:cv_sfinterface.obj
 0001:00030290       cvsf_eml_init_fcn          0000000180031290 f   sfc_debug:cv_sfinterface.obj
 0001:000302f0       cvsf_eml_init_testobjective 00000001800312f0 f   sfc_debug:cv_sfinterface.obj
 0001:00030350       cvsf_eml_init_saturation   0000000180031350 f   sfc_debug:cv_sfinterface.obj
 0001:000303a0       cvsf_eml_init_if           00000001800313a0 f   sfc_debug:cv_sfinterface.obj
 0001:00030400       cvsf_eml_init_for          0000000180031400 f   sfc_debug:cv_sfinterface.obj
 0001:00030450       cvsf_eml_init_while        0000000180031450 f   sfc_debug:cv_sfinterface.obj
 0001:000304a0       cvsf_eml_init_mcdc         00000001800314a0 f   sfc_debug:cv_sfinterface.obj
 0001:00030530       cvsf_eml_init_switch       0000000180031530 f   sfc_debug:cv_sfinterface.obj
 0001:000305a0       cvsf_script_eval           00000001800315a0 f   sfc_debug:cv_sfinterface.obj
 0001:00030690       cvsf_script_init_script    0000000180031690 f   sfc_debug:cv_sfinterface.obj
 0001:00030720       cvsf_script_init_fcn       0000000180031720 f   sfc_debug:cv_sfinterface.obj
 0001:00030780       cvsf_script_init_testobjective 0000000180031780 f   sfc_debug:cv_sfinterface.obj
 0001:000307e0       cvsf_script_init_saturation 00000001800317e0 f   sfc_debug:cv_sfinterface.obj
 0001:00030830       cvsf_script_init_if        0000000180031830 f   sfc_debug:cv_sfinterface.obj
 0001:00030890       cvsf_script_init_for       0000000180031890 f   sfc_debug:cv_sfinterface.obj
 0001:000308e0       cvsf_script_init_while     00000001800318e0 f   sfc_debug:cv_sfinterface.obj
 0001:00030930       cvsf_script_init_mcdc      0000000180031930 f   sfc_debug:cv_sfinterface.obj
 0001:000309c0       cvsf_script_init_switch    00000001800319c0 f   sfc_debug:cv_sfinterface.obj
 0001:00030a30       cv_destroy_interface       0000000180031a30 f   sfc_debug:cv_sfinterface.obj
 0001:00030a50       cv_create_instance_objects 0000000180031a50 f   sfc_debug:cv_sfinterface.obj
 0001:00030f00       cv_is_enabled              0000000180031f00 f   sfc_debug:cv_sfinterface.obj
 0001:00030f10       sf_debug_cv_initialize_script 0000000180031f10 f   sfc_debug:cv_sfinterface.obj
 0001:000310c0       sf_debug_cv_initialize_instance 00000001800320c0 f   sfc_debug:cv_sfinterface.obj
 0001:00031460       sf_debug_cv_terminate_chart 0000000180032460 f   sfc_debug:cv_sfinterface.obj
 0001:000315a0       cv_call_trans_test         00000001800325a0 f   sfc_debug:cv_sfinterface.obj
 0001:000315b0       cv_call_sub_cond_test      00000001800325b0 f   sfc_debug:cv_sfinterface.obj
 0001:000315f0       sf_debug_st_initialize_machine 00000001800325f0 f   sfc_debug:sfdb_data_browse.obj
 0001:000316b0       sf_debug_st_initialize_instance 00000001800326b0 f   sfc_debug:sfdb_data_browse.obj
 0001:000318e0       sf_debug_st_terminate      00000001800328e0 f   sfc_debug:sfdb_data_browse.obj
 0001:00031c80       sf_debug_st_set_data_value_ptr_in_machine 0000000180032c80 f   sfc_debug:sfdb_data_browse.obj
 0001:00031d10       sf_debug_st_set_data_value_ptr_in_instance 0000000180032d10 f   sfc_debug:sfdb_data_browse.obj
 0001:00031df0       sf_debug_st_unset_data_value_ptr_in_machine 0000000180032df0 f   sfc_debug:sfdb_data_browse.obj
 0001:00031e60       sf_debug_st_unset_data_value_ptr_in_instance 0000000180032e60 f   sfc_debug:sfdb_data_browse.obj
 0001:00032170       sf_debug_mx_value          0000000180033170 f   sfc_debug:sfdb_data_browse.obj
 0001:000321d0       sf_debug_mx_packed_vector  00000001800331d0 f   sfc_debug:sfdb_data_browse.obj
 0001:000322b0       sf_debug_mx_uint_vector    00000001800332b0 f   sfc_debug:sfdb_data_browse.obj
 0001:00032370       sf_debug_st_get_double_value_from_void_ptr_vector 0000000180033370 f   sfc_debug:sfdb_data_browse.obj
 0001:00032e60       sf_debug_st_browse_data    0000000180033e60 f   sfc_debug:sfdb_data_browse.obj
 0001:000336f0       sf_debug_hm_initialize_instance 00000001800346f0 f   sfc_debug:sfdb_handle_management.obj
 0001:00033c20       sf_debug_hm_get_object_id  0000000180034c20 f   sfc_debug:sfdb_handle_management.obj
 0001:000347d0       sf_debug_hm_update_chart_visibility 00000001800357d0 f   sfc_debug:sfdb_handle_management.obj
 0001:00035ab0       sf_debug_object_is_eml_function 0000000180036ab0 f   sfc_debug:sfdb_handle_management.obj
 0001:00035b20       sf_debug_hm_initialize_ids_in_machine 0000000180036b20 f   sfc_debug:sfdb_handle_management.obj
 0001:00035c90       sf_debug_hm_initialize_ids_in_chart 0000000180036c90 f   sfc_debug:sfdb_handle_management.obj
 0001:00035d90       sf_debug_hm_initialize_chart 0000000180036d90 f   sfc_debug:sfdb_handle_management.obj
 0001:00036530       sf_debug_hm_terminate      0000000180037530 f   sfc_debug:sfdb_handle_management.obj
 0001:00036590       sf_debug_hm_initialize_machine 0000000180037590 f   sfc_debug:sfdb_handle_management.obj
 0001:00036d40       sf_debug_ss_initialize     0000000180037d40 f   sfc_debug:sfdb_symbol_scope.obj
 0001:00036d60       sf_debug_ss_terminate      0000000180037d60 f   sfc_debug:sfdb_symbol_scope.obj
 0001:00036df0       sf_debug_ss_push_symbol_scope 0000000180037df0 f   sfc_debug:sfdb_symbol_scope.obj
 0001:00036ef0       sf_debug_ss_push_symbol_scope_eml 0000000180037ef0 f   sfc_debug:sfdb_symbol_scope.obj
 0001:00036f50       sf_debug_ss_pop_symbol_scope 0000000180037f50 f   sfc_debug:sfdb_symbol_scope.obj
 0001:00037000       sf_debug_ss_add_symbol     0000000180038000 f   sfc_debug:sfdb_symbol_scope.obj
 0001:00037160       sf_debug_ss_add_symbol_eml 0000000180038160 f   sfc_debug:sfdb_symbol_scope.obj
 0001:00037e80       sf_debug_ss_set_data_value 0000000180038e80 f   sfc_debug:sfdb_symbol_scope.obj
 0001:00038350       getInstanceNumber          0000000180039350 f   sfc_debug:sfdb_symbol_scope.obj
 0001:00038420       sf_debug_ss_watch_data     0000000180039420 f   sfc_debug:sfdb_symbol_scope.obj
 0001:000385c0       sf_debug_ss_assign_data    00000001800395c0 f   sfc_debug:sfdb_symbol_scope.obj
 0001:00038fe0       get_data_entry_name        0000000180039fe0 f   sfc_debug:sfdb_symbol_scope.obj
 0001:00039030       sf_debug_ss_whos           000000018003a030 f   sfc_debug:sfdb_symbol_scope.obj
 0001:00039750       sf_debug_cc_initialize_chart 000000018003a750 f   sfc_debug:sfdb_coverage.obj
 0001:0003a140       sf_debug_cc_initialize_instance 000000018003b140 f   sfc_debug:sfdb_coverage.obj
 0001:0003af50       sf_debug_cc_terminate      000000018003bf50 f   sfc_debug:sfdb_coverage.obj
 0001:0003b040       sf_debug_cc_set_transition_maps 000000018003c040 f   sfc_debug:sfdb_coverage.obj
 0001:0003b170       sf_debug_cc_set_state_maps 000000018003c170 f   sfc_debug:sfdb_coverage.obj
 0001:0003b250       sf_debug_cc_set_transition_weights 000000018003c250 f   sfc_debug:sfdb_coverage.obj
 0001:0003b520       sf_debug_cc_set_state_weights 000000018003c520 f   sfc_debug:sfdb_coverage.obj
 0001:0003b7f0       sf_debug_cc_mark_transition_guard 000000018003c7f0 f   sfc_debug:sfdb_coverage.obj
 0001:0003b880       sf_debug_cc_mark_transition_trigger 000000018003c880 f   sfc_debug:sfdb_coverage.obj
 0001:0003b910       sf_debug_cc_mark_transition_decision 000000018003c910 f   sfc_debug:sfdb_coverage.obj
 0001:0003b980       sf_debug_cc_mark_transition_condition_action 000000018003c980 f   sfc_debug:sfdb_coverage.obj
 0001:0003b9d0       sf_debug_cc_mark_transition_transition_action 000000018003c9d0 f   sfc_debug:sfdb_coverage.obj
 0001:0003ba20       sf_debug_cc_mark_state_entry 000000018003ca20 f   sfc_debug:sfdb_coverage.obj
 0001:0003ba70       sf_debug_cc_mark_state_during 000000018003ca70 f   sfc_debug:sfdb_coverage.obj
 0001:0003bac0       sf_debug_cc_mark_state_exit 000000018003cac0 f   sfc_debug:sfdb_coverage.obj
 0001:0003bb10       sf_debug_bm_clear_script_breakpoints 000000018003cb10 f   sfc_debug:sfdb_breakpoints.obj
 0001:0003bb40       sf_debug_bm_set_script_breakpoint 000000018003cb40 f   sfc_debug:sfdb_breakpoints.obj
 0001:0003bbc0       sf_debug_bm_clear_single_script_breakpoint 000000018003cbc0 f   sfc_debug:sfdb_breakpoints.obj
 0001:0003bc40       sf_debug_bm_query_script_breakpoint 000000018003cc40 f   sfc_debug:sfdb_breakpoints.obj
 0001:0003bc90       sf_debug_bm_initialize_scripts 000000018003cc90 f   sfc_debug:sfdb_breakpoints.obj
 0001:0003c3b0       sf_debug_bm_terminate      000000018003d3b0 f   sfc_debug:sfdb_breakpoints.obj
 0001:0003c6a0       sf_debug_bm_remove_all_breakpoints_in_machine 000000018003d6a0 f   sfc_debug:sfdb_breakpoints.obj
 0001:0003c710       sf_debug_bm_remove_all_breakpoints_in_chart 000000018003d710 f   sfc_debug:sfdb_breakpoints.obj
 0001:0003c860       sf_debug_bm_initialize_global_breakpoints 000000018003d860 f   sfc_debug:sfdb_breakpoints.obj
 0001:0003c9e0       sf_debug_bm_set_breakpoint 000000018003d9e0 f   sfc_debug:sfdb_breakpoints.obj
 0001:0003cfe0       sf_debug_bm_set_eml_breakpoint 000000018003dfe0 f   sfc_debug:sfdb_breakpoints.obj
 0001:0003d080       sf_debug_bm_initialize_machine_breakpoint_map 000000018003e080 f   sfc_debug:sfdb_breakpoints.obj
 0001:0003d4a0       sf_debug_bm_is_a_breakpoint 000000018003e4a0 f   sfc_debug:sfdb_breakpoints.obj
 0001:0003da80       sf_debug_bm_get_all_breakpoints_in_machine 000000018003ea80 f   sfc_debug:sfdb_breakpoints.obj
 0001:0003dd80       sf_debug_bm_get_all_breakpoints_in_chart 000000018003ed80 f   sfc_debug:sfdb_breakpoints.obj
 0001:0003ea40       sf_debug_bm_initialize_machine 000000018003fa40 f   sfc_debug:sfdb_breakpoints.obj
 0001:0003eb10       sf_debug_bm_initialize_chart 000000018003fb10 f   sfc_debug:sfdb_breakpoints.obj
 0001:0003ef30       sf_debug_sc_terminate      000000018003ff30 f   sfc_debug:sfdb_state_consistency.obj
 0001:0003f260       sf_debug_sc_is_chart_consistent 0000000180040260 f   sfc_debug:sfdb_state_consistency.obj
 0001:0003f510       sf_debug_sc_get_consistency_error_info 0000000180040510 f   sfc_debug:sfdb_state_consistency.obj
 0001:0003f960       sf_debug_tm_terminate      0000000180040960 f   sfc_debug:sfdb_call_stack.obj
 0001:0003fa20       sf_debug_tm_push_chart_instance 0000000180040a20 f   sfc_debug:sfdb_call_stack.obj
 0001:0003fb70       sf_debug_tm_pop_chart_instance 0000000180040b70 f   sfc_debug:sfdb_call_stack.obj
 0001:0003fbd0       sf_debug_tm_push_trace_node 0000000180040bd0 f   sfc_debug:sfdb_call_stack.obj
 0001:0003fd60       sf_debug_tm_pop_trace_node 0000000180040d60 f   sfc_debug:sfdb_call_stack.obj
 0001:0003fde0       sf_debug_tm_get_current_global_trace_index 0000000180040de0 f   sfc_debug:sfdb_call_stack.obj
 0001:0003fdf0       sf_debug_tm_get_current_local_trace_index 0000000180040df0 f   sfc_debug:sfdb_call_stack.obj
 0001:0003fe20       sf_debug_tm_set_cycle_detected_flag 0000000180040e20 f   sfc_debug:sfdb_call_stack.obj
 0001:0003fe60       sf_debug_tm_set_cycle_started_flag 0000000180040e60 f   sfc_debug:sfdb_call_stack.obj
 0001:0003fea0       sf_debug_tm_get_chart_number_from_stack 0000000180040ea0 f   sfc_debug:sfdb_call_stack.obj
 0001:000400a0       sf_debug_tm_browse_trace   00000001800410a0 f   sfc_debug:sfdb_call_stack.obj
 0001:000403e0       sf_debug_cd_initialize_instance 00000001800413e0 f   sfc_debug:sfdb_cycle_detection.obj
 0001:00040690       sf_debug_cd_mark_processed_transition_in_instance 0000000180041690 f   sfc_debug:sfdb_cycle_detection.obj
 0001:00040730       sf_debug_cd_checksum_push  0000000180041730 f   sfc_debug:sfdb_cycle_detection.obj
 0001:000409f0       sf_debug_cd_checksum_pop   00000001800419f0 f   sfc_debug:sfdb_cycle_detection.obj
 0001:00040a60       sf_debug_cd_turn_off_cycle_detection 0000000180041a60 f   sfc_debug:sfdb_cycle_detection.obj
 0001:00040ab0       sf_debug_cd_terminate      0000000180041ab0 f   sfc_debug:sfdb_cycle_detection.obj
 0001:00040cf0       md5_initialize_state       0000000180041cf0 f   sfc_debug:ckmd5.obj
 0001:00041760       md5_update_state           0000000180042760 f   sfc_debug:ckmd5.obj
 0001:00041780       md5_get_hash               0000000180042780 f   sfc_debug:ckmd5.obj
 0001:000417b0       md5_get_hash_for_a_single_string 00000001800427b0 f   sfc_debug:ckmd5.obj
 0001:00041814       mxGetPr                    0000000180042814 f   libmx:libmx.dll
 0001:0004181a       mxCreateDoubleScalar       000000018004281a f   libmx:libmx.dll
 0001:00041820       mxCreateDoubleMatrix_730   0000000180042820 f   libmx:libmx.dll
 0001:00041826       mxSetField_730             0000000180042826 f   libmx:libmx.dll
 0001:0004182c       mxCreateString             000000018004282c f   libmx:libmx.dll
 0001:00041832       mxCreateStructMatrix_730   0000000180042832 f   libmx:libmx.dll
 0001:00041838       mxDestroyArray             0000000180042838 f   libmx:libmx.dll
 0001:0004183e       mxDuplicateArray           000000018004283e f   libmx:libmx.dll
 0001:00041844       mxGetNaN                   0000000180042844 f   libmx:libmx.dll
 0001:0004184a       mxGetString_730            000000018004284a f   libmx:libmx.dll
 0001:00041850       mxIsChar                   0000000180042850 f   libmx:libmx.dll
 0001:00041856       mxGetClassID               0000000180042856 f   libmx:libmx.dll
 0001:0004185c       mxIsNumeric                000000018004285c f   libmx:libmx.dll
 0001:00041862       mxIsComplex                0000000180042862 f   libmx:libmx.dll
 0001:00041868       mxGetN                     0000000180042868 f   libmx:libmx.dll
 0001:0004186e       mxGetM                     000000018004286e f   libmx:libmx.dll
 0001:00041874       mxCalloc                   0000000180042874 f   libmx:libmx.dll
 0001:0004187a       mxGetScalar                000000018004287a f   libmx:libmx.dll
 0001:00041880       mxIsLogical                0000000180042880 f   libmx:libmx.dll
 0001:00041886       mxCreateDoubleMatrix_700   0000000180042886 f   libmx:libmx.dll
 0001:0004188c       mxFree                     000000018004288c f   libmx:libmx.dll
 0001:00041892       mxArrayToString            0000000180042892 f   libmx:libmx.dll
 0001:00041898       mxCreateCellMatrix_700     0000000180042898 f   libmx:libmx.dll
 0001:0004189e       mxSetCell_700              000000018004289e f   libmx:libmx.dll
 0001:000418a4       mxGetCell_700              00000001800428a4 f   libmx:libmx.dll
 0001:000418aa       mxGetClassName             00000001800428aa f   libmx:libmx.dll
 0001:000418b0       mxSetField_700             00000001800428b0 f   libmx:libmx.dll
 0001:000418b6       mxAddField                 00000001800428b6 f   libmx:libmx.dll
 0001:000418bc       mxGetField_700             00000001800428bc f   libmx:libmx.dll
 0001:000418c2       mxGetNumberOfElements      00000001800428c2 f   libmx:libmx.dll
 0001:000418c8       mxIsStruct                 00000001800428c8 f   libmx:libmx.dll
 0001:000418ce       mxIsA                      00000001800428ce f   libmx:libmx.dll
 0001:000418d4       mxIsClass                  00000001800428d4 f   libmx:libmx.dll
 0001:000418da       mxGetLogicals              00000001800428da f   libmx:libmx.dll
 0001:000418e0       mxIsSparse                 00000001800428e0 f   libmx:libmx.dll
 0001:000418e6       mxSetFieldByNumber_700     00000001800428e6 f   libmx:libmx.dll
 0001:000418ec       mxGetFieldByNumber_700     00000001800428ec f   libmx:libmx.dll
 0001:000418f2       mxGetFieldNameByNumber     00000001800428f2 f   libmx:libmx.dll
 0001:000418f8       mxGetNumberOfFields        00000001800428f8 f   libmx:libmx.dll
 0001:000418fe       mxCreateStructMatrix_700   00000001800428fe f   libmx:libmx.dll
 0001:00041904       mxGetFieldNumber           0000000180042904 f   libmx:libmx.dll
 0001:0004190a       mxIsNaN                    000000018004290a f   libmx:libmx.dll
 0001:00041910       mxIsEmpty                  0000000180042910 f   libmx:libmx.dll
 0001:00041916       mxGetData                  0000000180042916 f   libmx:libmx.dll
 0001:0004191c       mxGetImagData              000000018004291c f   libmx:libmx.dll
 0001:00041922       mxArrayClassIDName         0000000180042922 f   libmx:libmx.dll
 0001:00041928       mxCreateNumericMatrix_700  0000000180042928 f   libmx:libmx.dll
 0001:0004192e       mxCreateStructArray_700    000000018004292e f   libmx:libmx.dll
 0001:00041934       mxCalcSingleSubscript_700  0000000180042934 f   libmx:libmx.dll
 0001:0004193a       mxGetDimensions_700        000000018004293a f   libmx:libmx.dll
 0001:00041940       mxGetNumberOfDimensions_700 0000000180042940 f   libmx:libmx.dll
 0001:00041946       mxCreateNumericArray_700   0000000180042946 f   libmx:libmx.dll
 0001:0004194c       mxGetElementSize           000000018004294c f   libmx:libmx.dll
 0001:00041952       mxCreateStringFromNChars_700 0000000180042952 f   libmx:libmx.dll
 0001:00041958       mxGetString_700            0000000180042958 f   libmx:libmx.dll
 0001:0004195e       mxIsLogicalScalarTrue      000000018004295e f   libmx:libmx.dll
 0001:00041964       mxCreateLogicalScalar      0000000180042964 f   libmx:libmx.dll
 0001:0004196a       mexUnlock                  000000018004296a f   libmex:libmex.dll
 0001:00041970       mexIsLocked                0000000180042970 f   libmex:libmex.dll
 0001:00041976       mexWarnMsgTxt              0000000180042976 f   libmex:libmex.dll
 0001:0004197c       mexCallMATLAB              000000018004297c f   libmex:libmex.dll
 0001:00041982       mexErrMsgTxt               0000000180042982 f   libmex:libmex.dll
 0001:00041988       mexMakeArrayPersistent     0000000180042988 f   libmex:libmex.dll
 0001:0004198e       mexSetTrapFlag             000000018004298e f   libmex:libmex.dll
 0001:00041994       mexPutVariable             0000000180042994 f   libmex:libmex.dll
 0001:0004199a       mexGetVariable             000000018004299a f   libmex:libmex.dll
 0001:000419a0       mexLock                    00000001800429a0 f   libmex:libmex.dll
 0001:000419a6       mexMakeMemoryPersistent    00000001800429a6 f   libmex:libmex.dll
 0001:000419ac       mexFunctionName            00000001800429ac f   libmex:libmex.dll
 0001:000419b2       ssRegisterDataTypeFxpFSlopeFixExpBias 00000001800429b2 f   libfixedpoint:libfixedpoint.dll
 0001:000419b8       utVSNprintf                00000001800429b8 f   libut:libut.dll
 0001:000419be       utCPUtime                  00000001800429be f   libut:libut.dll
 0001:000419c4       utFree                     00000001800429c4 f   libut:libut.dll
 0001:000419ca       utMalloc                   00000001800429ca f   libut:libut.dll
 0001:000419d0       muDoubleScalarIsNaN        00000001800429d0 f   libmwmathutil:libmwmathutil.dll
 0001:000419d6       muDoubleScalarFloor        00000001800429d6 f   libmwmathutil:libmwmathutil.dll
 0001:000419dc       muDoubleScalarAbs          00000001800429dc f   libmwmathutil:libmwmathutil.dll
 0001:000419e2       emlrtCreateRootTLS         00000001800429e2 f   libemlrt:libemlrt.dll
 0001:000419e8       emlrtDestroyRootTLS        00000001800429e8 f   libemlrt:libemlrt.dll
 0001:000419ee       emlrtCheckBuiltInR2012b    00000001800429ee f   libemlrt:libemlrt.dll
 0001:000419f4       emlrtCheckVsBuiltInR2012b  00000001800429f4 f   libemlrt:libemlrt.dll
 0001:000419fa       emlrtCheckEnumR2012b       00000001800429fa f   libemlrt:libemlrt.dll
 0001:00041a00       emlrtCreateEnumR2012b      0000000180042a00 f   libemlrt:libemlrt.dll
 0001:00041a06       emlrtGetEnumElementR2009a  0000000180042a06 f   libemlrt:libemlrt.dll
 0001:00041a0c       emlrtCreateReference       0000000180042a0c f   libemlrt:libemlrt.dll
 0001:00041a12       emlrtImportVsFiArrayR2009b 0000000180042a12 f   libemlrt:libemlrt.dll
 0001:00041a18       emlrtNameCapturePostProcessR2012a 0000000180042a18 f   libemlrt:libemlrt.dll
 0001:00041a1e       emlrtExtractMessageId      0000000180042a1e f   libemlrt:libemlrt.dll
 0001:00041a24       emlrtTranslateMessageIDtoLCPstring 0000000180042a24 f   libemlrt:libemlrt.dll
 0001:00041a2a       emlrtForLoopVectorIsValidR2011b 0000000180042a2a f   libemlrt:libemlrt.dll
 0001:00041a30       emlrtTranslateUTF16MessagetoLCPstring 0000000180042a30 f   libemlrt:libemlrt.dll
 0001:00041a36       emlrtGetEnumUnderlyingArrayR2009a 0000000180042a36 f   libemlrt:libemlrt.dll
 0001:00041a3c       emlrtIsEnumR2009a          0000000180042a3c f   libemlrt:libemlrt.dll
 0001:00041a42       dgemm32                    0000000180042a42 f   libmwblascompat32:libmwblascompat32.dll
 0001:00041a48       dtrsm32                    0000000180042a48 f   libmwblascompat32:libmwblascompat32.dll
 0001:00041a50       __GSHandlerCheckCommon     0000000180042a50 f   MSVCRT:gshandler.obj
 0001:00041ab4       __GSHandlerCheck           0000000180042ab4 f   MSVCRT:gshandler.obj
 0001:00041ad2       strlen                     0000000180042ad2 f   MSVCRT:MSVCR100.dll
 0001:00041af0       __security_check_cookie    0000000180042af0 f   MSVCRT:amdsecgs.obj
 0001:00041b10       memset                     0000000180042b10 f   MSVCRT:MSVCR100.dll
 0001:00041b16       malloc                     0000000180042b16 f   MSVCRT:MSVCR100.dll
 0001:00041b1c       free                       0000000180042b1c f   MSVCRT:MSVCR100.dll
 0001:00041b40       _alloca_probe              0000000180042b40     MSVCRT:chkstk.obj
 0001:00041b40       __chkstk                   0000000180042b40 f   MSVCRT:chkstk.obj
 0001:00041b8e       strcmp                     0000000180042b8e f   MSVCRT:MSVCR100.dll
 0001:00041b94       sprintf                    0000000180042b94 f   MSVCRT:MSVCR100.dll
 0001:00041b9a       strcat                     0000000180042b9a f   MSVCRT:MSVCR100.dll
 0001:00041ba0       memcpy                     0000000180042ba0 f   MSVCRT:MSVCR100.dll
 0001:00041ba8       NtCurrentTeb               0000000180042ba8 f i MSVCRT:crtdll.obj
 0001:00041c14       _CRT_INIT                  0000000180042c14 f   MSVCRT:crtdll.obj
 0001:00041fac       _DllMainCRTStartup         0000000180042fac f   MSVCRT:crtdll.obj
 0001:00041fea       strncpy                    0000000180042fea f   MSVCRT:MSVCR100.dll
 0001:00041ff0       longjmp                    0000000180042ff0 f   MSVCRT:MSVCR100.dll
 0001:00041ff6       strncmp                    0000000180042ff6 f   MSVCRT:MSVCR100.dll
 0001:00041ffc       ceil                       0000000180042ffc f   MSVCRT:MSVCR100.dll
 0001:00042002       strrchr                    0000000180043002 f   MSVCRT:MSVCR100.dll
 0001:00042008       _setjmp                    0000000180043008 f   MSVCRT:MSVCR100.dll
 0001:0004200e       calloc                     000000018004300e f   MSVCRT:MSVCR100.dll
 0001:00042014       realloc                    0000000180043014 f   MSVCRT:MSVCR100.dll
 0001:0004201a       ldexp                      000000018004301a f   MSVCRT:MSVCR100.dll
 0001:00042020       __report_gsfailure         0000000180043020 f   MSVCRT:gs_report.obj
 0001:0004216c       __clean_type_info_names    000000018004316c f   MSVCRT:tncleanup.obj
 0001:00042178       _onexit                    0000000180043178 f   MSVCRT:atonexit.obj
 0001:00042228       atexit                     0000000180043228 f   MSVCRT:atonexit.obj
 0001:00042240       _RTC_Initialize            0000000180043240 f   MSVCRT:_initsect_.obj
 0001:00042278       _RTC_Terminate             0000000180043278 f   MSVCRT:_initsect_.obj
 0001:000422b0       _malloc_crt                00000001800432b0 f   MSVCRT:MSVCR100.dll
 0001:000422c0       _ValidateImageBase         00000001800432c0 f   MSVCRT:pesect.obj
 0001:000422f0       _FindPESection             00000001800432f0 f   MSVCRT:pesect.obj
 0001:00042340       _IsNonwritableInCurrentImage 0000000180043340 f   MSVCRT:pesect.obj
 0001:00042382       _initterm                  0000000180043382 f   MSVCRT:MSVCR100.dll
 0001:00042388       _initterm_e                0000000180043388 f   MSVCRT:MSVCR100.dll
 0001:0004238e       _encoded_null              000000018004338e f   MSVCRT:MSVCR100.dll
 0001:00042394       _amsg_exit                 0000000180043394 f   MSVCRT:MSVCR100.dll
 0001:0004239a       __C_specific_handler       000000018004339a f   MSVCRT:MSVCR100.dll
 0001:000423a0       __CppXcptFilter            00000001800433a0 f   MSVCRT:MSVCR100.dll
 0001:000423a8       DllMain                    00000001800433a8 f   MSVCRT:dllmain.obj
 0001:000423cc       __security_init_cookie     00000001800433cc f   MSVCRT:gs_support.obj
 0001:00042480       __crt_debugger_hook        0000000180043480 f   MSVCRT:MSVCR100.dll
 0001:00042486       __clean_type_info_names_internal 0000000180043486 f   MSVCRT:MSVCR100.dll
 0001:0004248c       _unlock                    000000018004348c f   MSVCRT:MSVCR100.dll
 0001:00042492       __dllonexit                0000000180043492 f   MSVCRT:MSVCR100.dll
 0001:00042498       _lock                      0000000180043498 f   MSVCRT:MSVCR100.dll
 0001:0004249e       EncodePointer              000000018004349e f   kernel32:KERNEL32.dll
 0001:000424a4       DecodePointer              00000001800434a4 f   kernel32:KERNEL32.dll
 0001:000424aa       Sleep                      00000001800434aa f   kernel32:KERNEL32.dll
 0001:000424b0       TerminateProcess           00000001800434b0 f   kernel32:KERNEL32.dll
 0001:000424b6       GetCurrentProcess          00000001800434b6 f   kernel32:KERNEL32.dll
 0001:000424bc       UnhandledExceptionFilter   00000001800434bc f   kernel32:KERNEL32.dll
 0001:000424c2       SetUnhandledExceptionFilter 00000001800434c2 f   kernel32:KERNEL32.dll
 0001:000424c8       IsDebuggerPresent          00000001800434c8 f   kernel32:KERNEL32.dll
 0001:000424ce       RtlVirtualUnwind           00000001800434ce f   kernel32:KERNEL32.dll
 0001:000424d4       RtlLookupFunctionEntry     00000001800434d4 f   kernel32:KERNEL32.dll
 0001:000424da       RtlCaptureContext          00000001800434da f   kernel32:KERNEL32.dll
 0001:000424e0       DisableThreadLibraryCalls  00000001800434e0 f   kernel32:KERNEL32.dll
 0001:000424e6       QueryPerformanceCounter    00000001800434e6 f   kernel32:KERNEL32.dll
 0001:000424ec       GetTickCount               00000001800434ec f   kernel32:KERNEL32.dll
 0001:000424f2       GetCurrentThreadId         00000001800434f2 f   kernel32:KERNEL32.dll
 0001:000424f8       GetCurrentProcessId        00000001800434f8 f   kernel32:KERNEL32.dll
 0001:000424fe       GetSystemTimeAsFileTime    00000001800434fe f   kernel32:KERNEL32.dll
 0002:00000000       __imp_DisableThreadLibraryCalls 0000000180044000     kernel32:KERNEL32.dll
 0002:00000008       __imp_RtlCaptureContext    0000000180044008     kernel32:KERNEL32.dll
 0002:00000010       __imp_RtlLookupFunctionEntry 0000000180044010     kernel32:KERNEL32.dll
 0002:00000018       __imp_RtlVirtualUnwind     0000000180044018     kernel32:KERNEL32.dll
 0002:00000020       __imp_IsDebuggerPresent    0000000180044020     kernel32:KERNEL32.dll
 0002:00000028       __imp_SetUnhandledExceptionFilter 0000000180044028     kernel32:KERNEL32.dll
 0002:00000030       __imp_UnhandledExceptionFilter 0000000180044030     kernel32:KERNEL32.dll
 0002:00000038       __imp_GetCurrentProcess    0000000180044038     kernel32:KERNEL32.dll
 0002:00000040       __imp_TerminateProcess     0000000180044040     kernel32:KERNEL32.dll
 0002:00000048       __imp_Sleep                0000000180044048     kernel32:KERNEL32.dll
 0002:00000050       __imp_DecodePointer        0000000180044050     kernel32:KERNEL32.dll
 0002:00000058       __imp_EncodePointer        0000000180044058     kernel32:KERNEL32.dll
 0002:00000060       __imp_GetTickCount         0000000180044060     kernel32:KERNEL32.dll
 0002:00000068       __imp_GetCurrentThreadId   0000000180044068     kernel32:KERNEL32.dll
 0002:00000070       __imp_GetCurrentProcessId  0000000180044070     kernel32:KERNEL32.dll
 0002:00000078       __imp_GetSystemTimeAsFileTime 0000000180044078     kernel32:KERNEL32.dll
 0002:00000080       __imp_QueryPerformanceCounter 0000000180044080     kernel32:KERNEL32.dll
 0002:00000088       \177KERNEL32_NULL_THUNK_DATA 0000000180044088     kernel32:KERNEL32.dll
 0002:00000090       __imp__onexit              0000000180044090     MSVCRT:MSVCR100.dll
 0002:00000098       __imp__lock                0000000180044098     MSVCRT:MSVCR100.dll
 0002:000000a0       __imp___dllonexit          00000001800440a0     MSVCRT:MSVCR100.dll
 0002:000000a8       __imp__unlock              00000001800440a8     MSVCRT:MSVCR100.dll
 0002:000000b0       __imp___clean_type_info_names_internal 00000001800440b0     MSVCRT:MSVCR100.dll
 0002:000000b8       __imp___crt_debugger_hook  00000001800440b8     MSVCRT:MSVCR100.dll
 0002:000000c0       __imp___CppXcptFilter      00000001800440c0     MSVCRT:MSVCR100.dll
 0002:000000c8       __imp___C_specific_handler 00000001800440c8     MSVCRT:MSVCR100.dll
 0002:000000d0       __imp__amsg_exit           00000001800440d0     MSVCRT:MSVCR100.dll
 0002:000000d8       __imp__encoded_null        00000001800440d8     MSVCRT:MSVCR100.dll
 0002:000000e0       __imp__initterm_e          00000001800440e0     MSVCRT:MSVCR100.dll
 0002:000000e8       __imp__initterm            00000001800440e8     MSVCRT:MSVCR100.dll
 0002:000000f0       __imp__malloc_crt          00000001800440f0     MSVCRT:MSVCR100.dll
 0002:000000f8       __imp_ldexp                00000001800440f8     MSVCRT:MSVCR100.dll
 0002:00000100       __imp_realloc              0000000180044100     MSVCRT:MSVCR100.dll
 0002:00000108       __imp_calloc               0000000180044108     MSVCRT:MSVCR100.dll
 0002:00000110       __imp__setjmp              0000000180044110     MSVCRT:MSVCR100.dll
 0002:00000118       __imp_strrchr              0000000180044118     MSVCRT:MSVCR100.dll
[...]
 0001:00019200       check_array_dimensions     000000018001a200 f   sfc_mex:sfc_mex.obj
 0001:00019270       check_input_mxarray        000000018001a270 f   sfc_mex:sfc_mex.obj
 0001:000199b0       sf_numeric_value_to_double 000000018001a9b0 f   sfc_mex:sfc_mex.obj
 0001:00019a00       ml_generic_out_of_bounds_check 000000018001aa00 f   sfc_mex:sfc_mex.obj
 0001:00019bd0       ml_get_element_value_from_array 000000018001abd0 f   sfc_mex:sfc_mex.obj
 0001:00019f70       _ml_generic_castability_check 000000018001af70 f   sfc_mex:sfc_mex.obj
 0001:0001acd0       ml_generic_castability_check 000000018001bcd0 f   sfc_mex:sfc_mex.obj
 0001:0001ad70       ml_check_mx_array_for_single_castability 000000018001bd70 f   sfc_mex:sfc_mex.obj
 0001:0001ae10       ml_check_mx_array_for_logical_castability 000000018001be10 f   sfc_mex:sfc_mex.obj
 0001:0001aeb0       ml_check_mx_array_for_int8_castability 000000018001beb0 f   sfc_mex:sfc_mex.obj
 0001:0001af60       ml_check_mx_array_for_uint8_castability 000000018001bf60 f   sfc_mex:sfc_mex.obj
 0001:0001afc0       ml_check_mx_array_for_int16_castability 000000018001bfc0 f   sfc_mex:sfc_mex.obj
 0001:0001b020       ml_check_mx_array_for_uint16_castability 000000018001c020 f   sfc_mex:sfc_mex.obj
 0001:0001b080       ml_check_mx_array_for_int32_castability 000000018001c080 f   sfc_mex:sfc_mex.obj
 0001:0001b0e0       ml_check_mx_array_for_uint32_castability 000000018001c0e0 f   sfc_mex:sfc_mex.obj
 0001:0001b140       ml_check_mx_array_for_castability 000000018001c140 f   sfc_mex:sfc_mex.obj
 0001:0001ba70       set_data_value             000000018001ca70 f   sfc_mex:sfc_mex.obj
 0001:0001bde0       get_data_value             000000018001cde0 f   sfc_mex:sfc_mex.obj
 0001:0001bef0       get_next_element_address   000000018001cef0 f   sfc_mex:sfc_mex.obj
 0001:0001bfc0       sf_normalize_index         000000018001cfc0 f   sfc_mex:sfc_mex.obj
 0001:0001c350       ml_array_index_bound_check 000000018001d350 f   sfc_mex:sfc_mex.obj
 0001:0001ce70       mx_value                   000000018001de70 f   sfc_mex:sfc_mex.obj
 0001:0001cec0       sf_create_numeric_array    000000018001dec0 f   sfc_mex:sfc_mex.obj
 0001:0001cf60       sf_mex_assign_to_mx_array  000000018001df60 f   sfc_mex:sfc_mex.obj
 0001:0001d2b0       assign_from_mx_array       000000018001e2b0 f   sfc_mex:sfc_mex.obj
 0001:0001dae0       sf_mex_import_v            000000018001eae0 f   sfc_mex:sfc_mex.obj
 0001:0001e1e0       get_machine_and_chart_file_number 000000018001f1e0 f   sfc_mex:sfc_sf.obj
 0001:0001e2d0       get_sfun_block_specialization 000000018001f2d0 f   sfc_mex:sfc_sf.obj
 0001:0001e380       call_sf_machine_global_method_dispatcher 000000018001f380 f   sfc_mex:sfc_sf.obj
 0001:0001e5d0       mdl_zeroCrossings_processing 000000018001f5d0 f   sfc_mex:sfc_sf.obj
 0001:0001e6a0       mdl_derivatives_processing 000000018001f6a0 f   sfc_mex:sfc_sf.obj
 0001:0001e960       mdl_outputs_continuous_legacy 000000018001f960 f   sfc_mex:sfc_sf.obj
 0001:0001e9e0       mdl_outputs_processing     000000018001f9e0 f   sfc_mex:sfc_sf.obj
 0001:0001ec50       mdl_enable_processing      000000018001fc50 f   sfc_mex:sfc_sf.obj
 0001:0001ed20       mdl_disable_processing     000000018001fd20 f   sfc_mex:sfc_sf.obj
 0001:0001fa90       sf_call_output_fcn_enable_disable 0000000180020a90 f   sfc_mex:sfc_sf.obj
 0001:0001fd10       set_dwork_information_from_mx_array 0000000180020d10 f   sfc_mex:sfc_sf.obj
 0001:000205d0       ptr2mxStruct               00000001800215d0 f   sfc_mex:sfc_sf.obj
 0001:000208e0       SNPRINTF_WRAPPER           00000001800218e0 f   sfc_debug:sfcdebug.obj
 0001:00020900       sf_debug_chart_instance_initialized_quick 0000000180021900 f   sfc_debug:sfcdebug.obj
 0001:00020910       sf_debug_chart_instance_initialized 0000000180021910 f   sfc_debug:sfcdebug.obj
 0001:00020ab0       sfrtAddSize                0000000180021ab0 f   sfc_debug:sfcdebug.obj
 0001:00020b70       sfrtGenSizeString          0000000180021b70 f   sfc_debug:sfcdebug.obj
 0001:00021280       fill_single_message_info   0000000180022280 f   sfc_debug:sfcdebug.obj
 0001:00021440       sf_debug_sim_status_listener 0000000180022440 f   sfc_debug:sfcdebug.obj
 0001:000219b0       sf_debug_form_mask_bits    00000001800229b0 f   sfc_debug:sfcdebug.obj
 0001:000219f0       sf_debug_form_sf_data_type_offsets 00000001800229f0 f   sfc_debug:sfcdebug.obj
 0001:00021ab0       sf_debug_free_all          0000000180022ab0 f   sfc_debug:sfcdebug.obj
 0001:00021c60       sf_debug_append_debugger_context 0000000180022c60 f   sfc_debug:sfcdebug.obj
 0001:00021e00       sf_debug_update_always_honor_breakpoints 0000000180022e00 f   sfc_debug:sfcdebug.obj
 0001:00021fd0       local_strdup               0000000180022fd0 f   sfc_debug:sfcdebug.obj
 0001:00022eb0       sf_debug_em_terminate      0000000180023eb0 f   sfc_debug:sfcdebug.obj
 0001:00022ef0       sf_debug_push_eml_function 0000000180023ef0 f   sfc_debug:sfcdebug.obj
 0001:00022f90       sf_debug_pop_eml_function  0000000180023f90 f   sfc_debug:sfcdebug.obj
 0001:00023c90       sf_debug_get_machine_number_from_id_or_name 0000000180024c90 f   sfc_debug:sfcdebug.obj
 0001:00023de0       sf_debug_get_chart_number_from_id 0000000180024de0 f   sfc_debug:sfcdebug.obj
 0001:00024b80       sf_debug_transfer_control_to_debugger_GUI 0000000180025b80 f   sfc_debug:sfcdebug.obj
 0001:00025b10       sf_debug_scripts_rehash    0000000180026b10 f   sfc_debug:sfcdebug.obj
 0001:00025d50       sf_debug_get_script_line_count 0000000180026d50 f   sfc_debug:sfcdebug.obj
 0001:00026680       cv_eml_state_cvId          0000000180027680 f   sfc_debug:sfcdebug.obj
 0001:000266f0       cv_eml_trans_cvId          00000001800276f0 f   sfc_debug:sfcdebug.obj
 0001:00027a80       sf_debug_data_array_bounds_error 0000000180028a80 f   sfc_debug:sfcdebug.obj
 0001:00027eb0       eml_debug_runtime_error_doclink 0000000180028eb0 f   sfc_debug:sfcdebug.obj
 0001:00028010       sf_debug_runtime_error     0000000180029010 f   sfc_debug:sfcdebug.obj
 0001:00028080       sf_debug_matlab_error      0000000180029080 f   sfc_debug:sfcdebug.obj
 0001:000289c0       sf_debug_data_value_error  00000001800299c0 f   sfc_debug:sfcdebug.obj
 0001:000292c0       sf_debug_data_loss_error   000000018002a2c0 f   sfc_debug:sfcdebug.obj
 0001:0002a250       call_cv_range_check        000000018002b250 f   sfc_debug:sfcdebug.obj
 0001:0002aa20       sf_debug_invoke_cycle_detection_code 000000018002ba20 f   sfc_debug:sfcdebug.obj
 0001:0002b8a0       sf_reset_debug_info_struct 000000018002c8a0 f   sfc_debug:sfcdebug.obj
 0001:0002c100       cv_script_cvId             000000018002d100 f   sfc_debug:sfcdebug.obj
 0001:0002ce60       sfc_api_chart_visible      000000018002de60 f   sfc_debug:sfc_api.obj
 0001:0002cee0       sfc_api_active_instance    000000018002dee0 f   sfc_debug:sfc_api.obj
 0001:0002cf60       sfc_api_machine_load       000000018002df60 f   sfc_debug:sfc_api.obj
 0001:0002d030       sfc_api_debugger_alive     000000018002e030 f   sfc_debug:sfc_api.obj
 0001:0002d040       sfc_api_go                 000000018002e040 f   sfc_debug:sfc_api.obj
 0001:0002d050       sfc_api_step_over          000000018002e050 f   sfc_debug:sfc_api.obj
 0001:0002d060       sfc_api_step_out           000000018002e060 f   sfc_debug:sfc_api.obj
 0001:0002d070       sfc_api_resume             000000018002e070 f   sfc_debug:sfc_api.obj
 0001:0002d080       sfc_api_break              000000018002e080 f   sfc_debug:sfc_api.obj
 0001:0002d090       sfc_api_stop_debugging     000000018002e090 f   sfc_debug:sfc_api.obj
 0001:0002d0e0       sfc_api_is_cycle_detected  000000018002e0e0 f   sfc_debug:sfc_api.obj
 0001:0002d130       sfc_api_is_array_bounds_detected 000000018002e130 f   sfc_debug:sfc_api.obj
 0001:0002d180       sfc_api_set_disable_all_breakpoints 000000018002e180 f   sfc_debug:sfc_api.obj
 0001:0002d1f0       sfc_api_disable_all_breakpoints_and_go 000000018002e1f0 f   sfc_debug:sfc_api.obj
 0001:0002d200       sfc_api_close              000000018002e200 f   sfc_debug:sfc_api.obj
 0001:0002d210       sfc_api_browse_data        000000018002e210 f   sfc_debug:sfc_api.obj
 0001:0002d280       sfc_api_watch_data         000000018002e280 f   sfc_debug:sfc_api.obj
 0001:0002d380       sfc_api_extract_message_post_receive_info 000000018002e380 f   sfc_debug:sfc_api.obj
 0001:0002d3a0       sfc_api_assign_data        000000018002e3a0 f   sfc_debug:sfc_api.obj
 0001:0002d440       sfc_api_whos               000000018002e440 f   sfc_debug:sfc_api.obj
 0001:0002d4d0       sfc_api_get_consistency_info 000000018002e4d0 f   sfc_debug:sfc_api.obj
 0001:0002d4e0       sfc_api_browse_trace       000000018002e4e0 f   sfc_debug:sfc_api.obj
 0001:0002d4f0       sfc_api_break_on_chart_entry 000000018002e4f0 f   sfc_debug:sfc_api.obj
 0001:0002d510       sfc_api_break_on_event_broadcast 000000018002e510 f   sfc_debug:sfc_api.obj
 0001:0002d530       sfc_api_break_on_state_entry 000000018002e530 f   sfc_debug:sfc_api.obj
 0001:0002d550       sfc_api_set_watch          000000018002e550 f   sfc_debug:sfc_api.obj
 0001:0002d5f0       sfc_api_set_breakpoints    000000018002e5f0 f   sfc_debug:sfc_api.obj
 0001:0002d690       sfc_api_set_eml_breakpoints 000000018002e690 f   sfc_debug:sfc_api.obj
 0001:0002d710       sfc_api_set_script_breakpoints 000000018002e710 f   sfc_debug:sfc_api.obj
 0001:0002d760       sfc_api_add_script_breakpoints 000000018002e760 f   sfc_debug:sfc_api.obj
 0001:0002d7b0       sfc_api_clear_script_breakpoints 000000018002e7b0 f   sfc_debug:sfc_api.obj
 0001:0002d800       sfc_api_query_script_breakpoints 000000018002e800 f   sfc_debug:sfc_api.obj
 0001:0002d860       sfc_api_get_script_id      000000018002e860 f   sfc_debug:sfc_api.obj
 0001:0002d920       sfc_api_get_active_states  000000018002e920 f   sfc_debug:sfc_api.obj
 0001:0002d9a0       sfc_api_break_between_times 000000018002e9a0 f   sfc_debug:sfc_api.obj
 0001:0002da00       sfc_api_get_instance_handle 000000018002ea00 f   sfc_debug:sfc_api.obj
 0001:0002dab0       sfc_api_set_animation      000000018002eab0 f   sfc_debug:sfc_api.obj
 0001:0002db00       sfc_api_select_chart       000000018002eb00 f   sfc_debug:sfc_api.obj
 0001:0002db60       sfc_api_select_charts      000000018002eb60 f   sfc_debug:sfc_api.obj
 0001:0002db90       sfc_api_cycle_detection_check 000000018002eb90 f   sfc_debug:sfc_api.obj
 0001:0002dbe0       sfc_api_data_range_check   000000018002ebe0 f   sfc_debug:sfc_api.obj
 0001:0002dc30       sfc_api_transition_conflict_check 000000018002ec30 f   sfc_debug:sfc_api.obj
 0001:0002dc80       sfc_api_state_consistency_check 000000018002ec80 f   sfc_debug:sfc_api.obj
 0001:0002dcd0       sfc_api_set_instance_cv_ids 000000018002ecd0 f   sfc_debug:sfc_api.obj
 0001:0002dde0       sfc_api_set_script_cv_ids  000000018002ede0 f   sfc_debug:sfc_api.obj
 0001:0002de90       sfc_api_get_current_machine_id 000000018002ee90 f   sfc_debug:sfc_api.obj
 0001:0002dec0       sfc_api_get_current_machine_number 000000018002eec0 f   sfc_debug:sfc_api.obj
 0001:0002def0       sfc_api_get_current_chart_number 000000018002eef0 f   sfc_debug:sfc_api.obj
 0001:0002df20       sfc_api_get_current_instance_number 000000018002ef20 f   sfc_debug:sfc_api.obj
 0001:0002df50       sfc_api_get_current_instance_handle 000000018002ef50 f   sfc_debug:sfc_api.obj
 0001:0002df70       sfc_api_get_current_is_minor_time_step 000000018002ef70 f   sfc_debug:sfc_api.obj
 0001:0002dfa0       sfc_api_get_current_machine_name 000000018002efa0 f   sfc_debug:sfc_api.obj
 0001:0002dfc0       sfc_api_get_current_chart_id 000000018002efc0 f   sfc_debug:sfc_api.obj
 0001:0002dff0       sfc_api_get_current_object_type 000000018002eff0 f   sfc_debug:sfc_api.obj
 0001:0002e020       sfc_api_get_current_event_type 000000018002f020 f   sfc_debug:sfc_api.obj
 0001:0002e050       sfc_api_get_current_object_id 000000018002f050 f   sfc_debug:sfc_api.obj
 0001:0002e080       sfc_get_current_active_event_type 000000018002f080 f   sfc_debug:sfc_api.obj
 0001:0002e0b0       sfc_api_get_current_active_event_id 000000018002f0b0 f   sfc_debug:sfc_api.obj
 0001:0002e0e0       sfc_api_get_current_simulation_time 000000018002f0e0 f   sfc_debug:sfc_api.obj
 0001:0002e100       sfc_get_current_tag_type   000000018002f100 f   sfc_debug:sfc_api.obj
 0001:0002e130       sfc_get_current_coverage_percentage 000000018002f130 f   sfc_debug:sfc_api.obj
 0001:0002e150       sfc_get_current_statement_context 000000018002f150 f   sfc_debug:sfc_api.obj
 0001:0002e170       sfc_get_current_optional_integer 000000018002f170 f   sfc_debug:sfc_api.obj
 0001:0002e1a0       sfc_get_current_statement_info 000000018002f1a0 f   sfc_debug:sfc_api.obj
 0001:0002e240       sfc_api_get                000000018002f240 f   sfc_debug:sfc_api.obj
 0001:0002eeb0       sf_debug_sm_fill_state_activity_data 000000018002feb0 f   sfc_debug:sfdb_animation.obj
 0001:000317b0       void_ptr_stack_vector_free_total 00000001800327b0 f   sfc_debug:sfdb_data_browse.obj
 0001:00031840       sf_debug_st_terminate_machine 0000000180032840 f   sfc_debug:sfdb_data_browse.obj
 0001:00031880       sf_debug_st_terminate_instance 0000000180032880 f   sfc_debug:sfdb_data_browse.obj
 0001:00031c30       push_on_to_void_ptr_stack  0000000180032c30 f   sfc_debug:sfdb_data_browse.obj
 0001:00031dc0       pop_from_void_ptr_stack    0000000180032dc0 f   sfc_debug:sfdb_data_browse.obj
 0001:00031ef0       sf_debug_st_get_data_value 0000000180032ef0 f   sfc_debug:sfdb_data_browse.obj
 0001:00032480       mx_value                   0000000180033480 f   sfc_debug:sfdb_data_browse.obj
 0001:000324c0       sf_debug_st_fill_data_struct 00000001800334c0 f   sfc_debug:sfdb_data_browse.obj
 0001:00032800       data_type_format_strings   0000000180033800 f   sfc_debug:sfdb_data_browse.obj
 0001:000328b0       sf_debug_st_fill_data      00000001800338b0 f   sfc_debug:sfdb_data_browse.obj
 0001:00033600       sf_debug_hm_get_simulink_handle 0000000180034600 f   sfc_debug:sfdb_handle_management.obj
 0001:00034100       sf_debug_hm_initialize_globals 0000000180035100 f   sfc_debug:sfdb_handle_management.obj
 0001:00034200       sf_debug_hm_get_machine_debug_flag 0000000180035200 f   sfc_debug:sfdb_handle_management.obj
 0001:00034370       sf_debug_hm_get_machine_id 0000000180035370 f   sfc_debug:sfdb_handle_management.obj
 0001:00034490       sf_debug_hm_get_chart_id   0000000180035490 f   sfc_debug:sfdb_handle_management.obj
 0001:00034630       sf_debug_hm_register_executing_SFunction 0000000180035630 f   sfc_debug:sfdb_handle_management.obj
 0001:000349c0       sf_debug_hm_form_object_boolean_properties 00000001800359c0 f   sfc_debug:sfdb_handle_management.obj
 0001:00034c90       sf_debug_hm_form_object_properties 0000000180035c90 f   sfc_debug:sfdb_handle_management.obj
 0001:00034ed0       sf_debug_hm_terminate_charts 0000000180035ed0 f   sfc_debug:sfdb_handle_management.obj
 0001:00035630       sf_debug_hm_terminate_machines 0000000180036630 f   sfc_debug:sfdb_handle_management.obj
 0001:00037230       sf_debug_ss_copy_dimension 0000000180038230 f   sfc_debug:sfdb_symbol_scope.obj
 0001:000372f0       sf_debug_ss_get_number_elements 00000001800382f0 f   sfc_debug:sfdb_symbol_scope.obj
 0001:00037310       sf_debug_ss_fill_data_struct 0000000180038310 f   sfc_debug:sfdb_symbol_scope.obj
 0001:00037660       sf_debug_ss_reset_data_info 0000000180038660 f   sfc_debug:sfdb_symbol_scope.obj
 0001:000376c0       sf_debug_fill_data_info_by_symbol_scope_entry 00000001800386c0 f   sfc_debug:sfdb_symbol_scope.obj
 0001:00037780       sf_debug_fill_data_info_by_data_vector 0000000180038780 f   sfc_debug:sfdb_symbol_scope.obj
 0001:000379d0       get_data_info_helper       00000001800389d0 f   sfc_debug:sfdb_symbol_scope.obj
 0001:00037ad0       sf_debug_ss_get_data_info  0000000180038ad0 f   sfc_debug:sfdb_symbol_scope.obj
 0001:00037d00       sf_debug_select_mex_function 0000000180038d00 f   sfc_debug:sfdb_symbol_scope.obj
 0001:00037d30       sf_debug_is_dyn_matrix_initialized 0000000180038d30 f   sfc_debug:sfdb_symbol_scope.obj
 0001:00037d50       sf_debug_ss_set_data_value_try 0000000180038d50 f   sfc_debug:sfdb_symbol_scope.obj
 0001:00037f20       sf_debug_ss_get_data_value 0000000180038f20 f   sfc_debug:sfdb_symbol_scope.obj
 0001:00038690       sf_debug_ss_data_bytes_string 0000000180039690 f   sfc_debug:sfdb_symbol_scope.obj
 0001:00038740       sf_debug_ss_data_class_string 0000000180039740 f   sfc_debug:sfdb_symbol_scope.obj
 0001:00038ad0       sf_debug_ss_data_size_string 0000000180039ad0 f   sfc_debug:sfdb_symbol_scope.obj
 0001:00038bb0       sf_debug_ss_data_create_data_info_struct 0000000180039bb0 f   sfc_debug:sfdb_symbol_scope.obj
 0001:00038e80       sf_debug_ss_data_create_name_value_pair 0000000180039e80 f   sfc_debug:sfdb_symbol_scope.obj
 0001:00038f20       sf_debug_ss_data_get_whos_info 0000000180039f20 f   sfc_debug:sfdb_symbol_scope.obj
 0001:00038f30       same_named_data_in_data_array 0000000180039f30 f   sfc_debug:sfdb_symbol_scope.obj
 0001:0003a7c0       sf_debug_cc_terminate_chart 000000018003b7c0 f   sfc_debug:sfdb_coverage.obj
 0001:0003ab60       sf_debug_cc_terminate_instance 000000018003bb60 f   sfc_debug:sfdb_coverage.obj
 0001:0003b750       sf_debug_cc_mark_object_if_needed 000000018003c750 f   sfc_debug:sfdb_coverage.obj
 0001:0003c050       sf_debug_bm_initialize_eml 000000018003d050 f   sfc_debug:sfdb_breakpoints.obj
 0001:0003d190       sf_debug_bm_map_debug_tag_to_breakpoint_tag 000000018003e190 f   sfc_debug:sfdb_breakpoints.obj
 0001:0003d270       sf_debug_bm_is_a_eml_breakpoint_impl 000000018003e270 f   sfc_debug:sfdb_breakpoints.obj
 0001:0003edb0       sf_debug_sc_push_on_error_stack 000000018003fdb0 f   sfc_debug:sfdb_state_consistency.obj
 0001:0003eee0       sf_debug_sc_reset_error_stack 000000018003fee0 f   sfc_debug:sfdb_state_consistency.obj
 0001:0003f070       sf_debug_sc_is_state_inconsistent 0000000180040070 f   sfc_debug:sfdb_state_consistency.obj
 0001:0003f370       sf_debug_sc_fill_consistency_info 0000000180040370 f   sfc_debug:sfdb_state_consistency.obj
 0001:0003f950       void_assertion_fcn         0000000180040950 f   sfc_debug:sfdb_call_stack.obj
 0001:0003fed0       sf_debug_tm_fill_local_trace 0000000180040ed0 f   sfc_debug:sfdb_call_stack.obj
 0001:000404a0       sf_debug_cd_terminate_instance 00000001800414a0 f   sfc_debug:sfdb_cycle_detection.obj
 0001:00040500       sf_debug_cd_free_checksum_stack 0000000180041500 f   sfc_debug:sfdb_cycle_detection.obj
 0001:00040550       sf_debug_cd_reset_pack_strings 0000000180041550 f   sfc_debug:sfdb_cycle_detection.obj
 0001:00040c10       md5file_clear              0000000180041c10 f   sfc_debug:ckmd5.obj
 0001:00040c40       Encode                     0000000180041c40 f   sfc_debug:ckmd5.obj
 0001:00040c90       Decode                     0000000180041c90 f   sfc_debug:ckmd5.obj
 0001:00040d30       MD5Transform               0000000180041d30 f   sfc_debug:ckmd5.obj
 0001:00041580       md5file_addn               0000000180042580 f   sfc_debug:ckmd5.obj
 0001:00041650       md5file_hash               0000000180042650 f   sfc_debug:ckmd5.obj
 0001:00041bb4       pre_c_init                 0000000180042bb4 f   MSVCRT:crtdll.obj
 0001:00041e70       __DllMainCRTStartup        0000000180042e70 f   MSVCRT:crtdll.obj
 0001:00042510       __DllMainCRTStartup$filt$0 0000000180043510 f   MSVCRT:crtdll.obj
 0001:00042540       __DllMainCRTStartup$fin$1  0000000180043540 f   MSVCRT:crtdll.obj
 0001:0004255a       _onexit$fin$0              000000018004355a f   MSVCRT:atonexit.obj
 0001:00042580       _IsNonwritableInCurrentImage$filt$0 0000000180043580 f   MSVCRT:pesect.obj
