 Robot_model_LPV_control_redSchedulingOrder_sfun

 Timestamp is 50f55cac (Tue Jan 15 14:42:04 2013)

 Preferred load address is 0000000180000000

 Start         Length     Name                   Class
 0001:00000000 00042d34H .text                   CODE
 0001:00042d40 00000092H .text$x                 CODE
 0002:00000000 000004a0H .idata$5                DATA
 0002:000004a0 00000008H .CRT$XCA                DATA
 0002:000004a8 00000008H .CRT$XCZ                DATA
 0002:000004b0 00000008H .CRT$XIA                DATA
 0002:000004b8 00000008H .CRT$XIAA               DATA
 0002:000004c0 00000008H .CRT$XIZ                DATA
 0002:000004d0 00004b4cH .rdata                  DATA
 0002:00005020 00000008H .rtc$IAA                DATA
 0002:00005028 00000008H .rtc$IZZ                DATA
 0002:00005030 00000008H .rtc$TAA                DATA
 0002:00005038 00000008H .rtc$TZZ                DATA
 0002:00005040 0000418cH .xdata                  DATA
 0002:000091cc 000000a0H .idata$2                DATA
 0002:0000926c 00000014H .idata$3                DATA
 0002:00009280 000004a0H .idata$4                DATA
 0002:00009720 00000abaH .idata$6                DATA
 0002:0000a1e0 00000075H .edata                  DATA
 0003:00000000 000080f8H .data                   DATA
 0003:00008100 00002758H .bss                    DATA
 0004:00000000 00003294H .pdata                  DATA

  Address         Publics by Value              Rva+Base               Lib:Object

 0000:00000000       ___safe_se_handler_table   0000000000000000     <absolute>
 0000:00000000       ___safe_se_handler_count   0000000000000000     <absolute>
 0000:00000000       __ImageBase                0000000180000000     <linker-defined>
 0001:00000000       sf_c3_Robot_model_LPV_control_redSchedulingOrder_get_eml_resolved_functions_info 0000000180001000 f   c3_Robot_model_LPV_control_redSchedulingOrder.obj
 0001:00000970       sf_c3_Robot_model_LPV_control_redSchedulingOrder_get_check_sum 0000000180001970 f   c3_Robot_model_LPV_control_redSchedulingOrder.obj
 0001:000009f0       sf_c3_Robot_model_LPV_control_redSchedulingOrder_get_autoinheritance_info 00000001800019f0 f   c3_Robot_model_LPV_control_redSchedulingOrder.obj
 0001:00000e10       sf_internal_get_sim_state_c3_Robot_model_LPV_control_redSchedulingOrder 0000000180001e10 f   c3_Robot_model_LPV_control_redSchedulingOrder.obj
 0001:000011d0       sf_internal_set_sim_state_c3_Robot_model_LPV_control_redSchedulingOrder 00000001800021d0 f   c3_Robot_model_LPV_control_redSchedulingOrder.obj
 0001:000016b0       c3_Robot_model_LPV_control_redSchedulingOrder_method_dispatcher 00000001800026b0 f   c3_Robot_model_LPV_control_redSchedulingOrder.obj
 0001:00003800       sf_c4_Robot_model_LPV_control_redSchedulingOrder_get_eml_resolved_functions_info 0000000180004800 f   c4_Robot_model_LPV_control_redSchedulingOrder.obj
 0001:000089e0       sf_c4_Robot_model_LPV_control_redSchedulingOrder_get_check_sum 00000001800099e0 f   c4_Robot_model_LPV_control_redSchedulingOrder.obj
 0001:00008a60       sf_c4_Robot_model_LPV_control_redSchedulingOrder_get_autoinheritance_info 0000000180009a60 f   c4_Robot_model_LPV_control_redSchedulingOrder.obj
 0001:00008fd0       sf_internal_get_sim_state_c4_Robot_model_LPV_control_redSchedulingOrder 0000000180009fd0 f   c4_Robot_model_LPV_control_redSchedulingOrder.obj
 0001:000093c0       sf_internal_set_sim_state_c4_Robot_model_LPV_control_redSchedulingOrder 000000018000a3c0 f   c4_Robot_model_LPV_control_redSchedulingOrder.obj
 0001:000098d0       c4_Robot_model_LPV_control_redSchedulingOrder_method_dispatcher 000000018000a8d0 f   c4_Robot_model_LPV_control_redSchedulingOrder.obj
 0001:00010690       sf_process_check_sum_call  0000000180011690 f   Robot_model_LPV_control_redSchedulingOrder_sfun_registry.obj
 0001:000106e0       sf_process_autoinheritance_call 00000001800116e0 f   Robot_model_LPV_control_redSchedulingOrder_sfun_registry.obj
 0001:00010880       sf_process_get_eml_resolved_functions_info_call 0000000180011880 f   Robot_model_LPV_control_redSchedulingOrder_sfun_registry.obj
 0001:00010a00       sf_mex_unlock_call         0000000180011a00 f   Robot_model_LPV_control_redSchedulingOrder_sfun_registry.obj
 0001:00010ab0       sf_machine_global_initializer_called 0000000180011ab0 f   Robot_model_LPV_control_redSchedulingOrder_sfun_registry.obj
 0001:00010ae0       sf_machine_global_method_dispatcher 0000000180011ae0 f   Robot_model_LPV_control_redSchedulingOrder_sfun_registry.obj
 0001:00010b40       sf_machine_global_terminator 0000000180011b40 f   Robot_model_LPV_control_redSchedulingOrder_sfun_registry.obj
 0001:00010b80       sf_register_machine_exported_symbols 0000000180011b80 f   Robot_model_LPV_control_redSchedulingOrder_sfun_registry.obj
 0001:00010ba0       callCustomFcn              0000000180011ba0 f   Robot_model_LPV_control_redSchedulingOrder_sfun_registry.obj
 0001:00010bb0       sf_machine_global_initializer 0000000180011bb0 f   Robot_model_LPV_control_redSchedulingOrder_sfun_registry.obj
 0001:00010c20       _ssSetStateAbsTol          0000000180011c20 f   Robot_model_LPV_control_redSchedulingOrder_sfun_registry.obj
 0001:00010d00       _ssGetAbsTol               0000000180011d00 f   Robot_model_LPV_control_redSchedulingOrder_sfun_registry.obj
 0001:00010d70       _ssSetInputPortMatrixDimensions 0000000180011d70 f   Robot_model_LPV_control_redSchedulingOrder_sfun_registry.obj
 0001:00010e80       _ssSetOutputPortMatrixDimensions 0000000180011e80 f   Robot_model_LPV_control_redSchedulingOrder_sfun_registry.obj
 0001:00010f90       _ssSetInputPortVectorDimension 0000000180011f90 f   Robot_model_LPV_control_redSchedulingOrder_sfun_registry.obj
 0001:00011060       _ssSetOutputPortVectorDimension 0000000180012060 f   Robot_model_LPV_control_redSchedulingOrder_sfun_registry.obj
 0001:00011130       ssIsRunTimeParamTunable    0000000180012130 f   Robot_model_LPV_control_redSchedulingOrder_sfun_registry.obj
 0001:000111a0       ssGetSFuncBlockHandle      00000001800121a0 f   Robot_model_LPV_control_redSchedulingOrder_sfun_registry.obj
 0001:00011210       _ssGetCurrentInputPortWidth 0000000180012210 f   Robot_model_LPV_control_redSchedulingOrder_sfun_registry.obj
 0001:00011330       _ssGetCurrentOutputPortWidth 0000000180012330 f   Robot_model_LPV_control_redSchedulingOrder_sfun_registry.obj
 0001:00011450       _ssGetCallSystemNumFcnCallDestinations 0000000180012450 f   Robot_model_LPV_control_redSchedulingOrder_sfun_registry.obj
 0001:000114c0       ssWarning                  00000001800124c0 f   Robot_model_LPV_control_redSchedulingOrder_sfun_registry.obj
 0001:000115d0       ssGetIsZeroCrossControlDisabled 00000001800125d0 f   Robot_model_LPV_control_redSchedulingOrder_sfun_registry.obj
 0001:00011640       ssSetIsInputPortUsedForContZcSignal 0000000180012640 f   Robot_model_LPV_control_redSchedulingOrder_sfun_registry.obj
 0001:000116b0       ssSetZcSignalIsZcElementDisc 00000001800126b0 f   Robot_model_LPV_control_redSchedulingOrder_sfun_registry.obj
 0001:00011760       ssSetZcSignalName          0000000180012760 f   Robot_model_LPV_control_redSchedulingOrder_sfun_registry.obj
 0001:000117d0       ssSetZcSignalWidth         00000001800127d0 f   Robot_model_LPV_control_redSchedulingOrder_sfun_registry.obj
 0001:00011840       ssSetZcSignalZcEventType   0000000180012840 f   Robot_model_LPV_control_redSchedulingOrder_sfun_registry.obj
 0001:000118b0       ssSetZcSignalType          00000001800128b0 f   Robot_model_LPV_control_redSchedulingOrder_sfun_registry.obj
 0001:00011920       ssSetZcSignalZcTol         0000000180012920 f   Robot_model_LPV_control_redSchedulingOrder_sfun_registry.obj
 0001:00011990       ssSetZcSignalNeedsEventNotification 0000000180012990 f   Robot_model_LPV_control_redSchedulingOrder_sfun_registry.obj
 0001:00011a00       ssCreateAndAddZcSignalInfo 0000000180012a00 f   Robot_model_LPV_control_redSchedulingOrder_sfun_registry.obj
 0001:00011a70       ssCloneAndAddZcSignalInfo  0000000180012a70 f   Robot_model_LPV_control_redSchedulingOrder_sfun_registry.obj
 0001:00011ae0       ssGetNumZcSignals          0000000180012ae0 f   Robot_model_LPV_control_redSchedulingOrder_sfun_registry.obj
 0001:00011b50       ssGetZcSignalVector        0000000180012b50 f   Robot_model_LPV_control_redSchedulingOrder_sfun_registry.obj
 0001:00011bc0       ssGetZcSignalZcEvents      0000000180012bc0 f   Robot_model_LPV_control_redSchedulingOrder_sfun_registry.obj
 0001:00011c30       ssGetZcSignalName          0000000180012c30 f   Robot_model_LPV_control_redSchedulingOrder_sfun_registry.obj
 0001:00011ca0       ssGetZcSignalWidth         0000000180012ca0 f   Robot_model_LPV_control_redSchedulingOrder_sfun_registry.obj
 0001:00011d10       ssGetZcSignalZcEventType   0000000180012d10 f   Robot_model_LPV_control_redSchedulingOrder_sfun_registry.obj
 0001:00011d80       ssGetZcSignalType          0000000180012d80 f   Robot_model_LPV_control_redSchedulingOrder_sfun_registry.obj
 0001:00011df0       ssGetZcSignalZcTol         0000000180012df0 f   Robot_model_LPV_control_redSchedulingOrder_sfun_registry.obj
 0001:00011e70       ssGetZcSignalNeedsEventNotification 0000000180012e70 f   Robot_model_LPV_control_redSchedulingOrder_sfun_registry.obj
 0001:00011ee0       ssGetZcSignalIsZcElementDisc 0000000180012ee0 f   Robot_model_LPV_control_redSchedulingOrder_sfun_registry.obj
 0001:00011f80       ssGetIsInputPortElementContinuous 0000000180012f80 f   Robot_model_LPV_control_redSchedulingOrder_sfun_registry.obj
 0001:00012020       _ssGetInputPortSignalPtrsFcn 0000000180013020 f   Robot_model_LPV_control_redSchedulingOrder_sfun_registry.obj
 0001:000122e0       _ssGetInputPortSignalFcn   00000001800132e0 f   Robot_model_LPV_control_redSchedulingOrder_sfun_registry.obj
 0001:00012500       _ssSetInputPortDirectFeedThroughFcn 0000000180013500 f   Robot_model_LPV_control_redSchedulingOrder_sfun_registry.obj
 0001:00012660       _ssSetInputPortReusableFcn 0000000180013660 f   Robot_model_LPV_control_redSchedulingOrder_sfun_registry.obj
 0001:00012750       _ssSetOutputPortReusableFcn 0000000180013750 f   Robot_model_LPV_control_redSchedulingOrder_sfun_registry.obj
 0001:00012830       ssGetDTypeIdFromMxArray    0000000180013830 f   Robot_model_LPV_control_redSchedulingOrder_sfun_registry.obj
 0001:00012950       ssWriteRTWStr              0000000180013950 f   Robot_model_LPV_control_redSchedulingOrder_sfun_registry.obj
 0001:000129b0       ssWriteRTWMxVectParam      00000001800139b0 f   Robot_model_LPV_control_redSchedulingOrder_sfun_registry.obj
 0001:00012a10       ssWriteRTWMx2dMatParam     0000000180013a10 f   Robot_model_LPV_control_redSchedulingOrder_sfun_registry.obj
 0001:00012a90       ssWriteRTWNameValuePair    0000000180013a90 f   Robot_model_LPV_control_redSchedulingOrder_sfun_registry.obj
 0001:00012f80       ssWriteRTWParameters       0000000180013f80 f   Robot_model_LPV_control_redSchedulingOrder_sfun_registry.obj
 0001:00013580       ssWriteRTWParamSettings    0000000180014580 f   Robot_model_LPV_control_redSchedulingOrder_sfun_registry.obj
 0001:00013c50       ssWriteRTWWorkVect         0000000180014c50 f   Robot_model_LPV_control_redSchedulingOrder_sfun_registry.obj
 0001:00014150       mexFunction                0000000180015150 f   Robot_model_LPV_control_redSchedulingOrder_sfun_registry.obj
 0001:00015e10       ProcessMexSfunctionEveryCall 0000000180016e10 f   Robot_model_LPV_control_redSchedulingOrder_sfun_registry.obj
 0001:00015f80       Robot_model_LPV_control_redSchedulingOrder_initializer 0000000180016f80 f   Robot_model_LPV_control_redSchedulingOrder_sfun.obj
 0001:00015f90       Robot_model_LPV_control_redSchedulingOrder_terminator 0000000180016f90 f   Robot_model_LPV_control_redSchedulingOrder_sfun.obj
 0001:00015fa0       sf_Robot_model_LPV_control_redSchedulingOrder_method_dispatcher 0000000180016fa0 f   Robot_model_LPV_control_redSchedulingOrder_sfun.obj
 0001:00016010       sf_Robot_model_LPV_control_redSchedulingOrder_process_check_sum_call 0000000180017010 f   Robot_model_LPV_control_redSchedulingOrder_sfun.obj
 0001:00016430       sf_Robot_model_LPV_control_redSchedulingOrder_autoinheritance_info 0000000180017430 f   Robot_model_LPV_control_redSchedulingOrder_sfun.obj
 0001:000165f0       sf_Robot_model_LPV_control_redSchedulingOrder_get_eml_resolved_functions_info 00000001800175f0 f   Robot_model_LPV_control_redSchedulingOrder_sfun.obj
 0001:00016760       Robot_model_LPV_control_redSchedulingOrder_debug_initialize 0000000180017760 f   Robot_model_LPV_control_redSchedulingOrder_sfun.obj
 0001:000167d0       Robot_model_LPV_control_redSchedulingOrder_register_exported_symbols 00000001800177d0 f   Robot_model_LPV_control_redSchedulingOrder_sfun.obj
 0001:000167e0       load_Robot_model_LPV_control_redSchedulingOrder_optimization_info 00000001800177e0 f   Robot_model_LPV_control_redSchedulingOrder_sfun.obj
 0001:00016830       unload_Robot_model_LPV_control_redSchedulingOrder_optimization_info 0000000180017830 f   Robot_model_LPV_control_redSchedulingOrder_sfun.obj
 0001:00016950       sf_mex_mx_is_numeric       0000000180017950 f   sfc_mex:sfc_mex.obj
 0001:00016990       strcmp_ignore_ws           0000000180017990 f   sfc_mex:sfc_mex.obj
 0001:00016ad0       sf_mex_duplicatearraysafe  0000000180017ad0 f   sfc_mex:sfc_mex.obj
 0001:00016c30       sf_set_error_debugger_context_message_fcn 0000000180017c30 f   sfc_mex:sfc_mex.obj
 0001:00016c40       sf_set_debugger_matlab_error_fcn 0000000180017c40 f   sfc_mex:sfc_mex.obj
 0001:00016c70       sf_set_error_prefix_string 0000000180017c70 f   sfc_mex:sfc_mex.obj
 0001:00016ca0       sf_get_error_prefix_string 0000000180017ca0 f   sfc_mex:sfc_mex.obj
 0001:00016cb0       sf_mex_enter_parallel_region 0000000180017cb0 f   sfc_mex:sfc_mex.obj
 0001:00016cc0       sf_mex_exit_parallel_region 0000000180017cc0 f   sfc_mex:sfc_mex.obj
 0001:00016cd0       sf_get_current_jmp_buf_ptr 0000000180017cd0 f   sfc_mex:sfc_mex.obj
 0001:00016ce0       sf_set_current_jmp_buf_ptr 0000000180017ce0 f   sfc_mex:sfc_mex.obj
 0001:00016cf0       sf_mex_set_halt_simulation 0000000180017cf0 f   sfc_mex:sfc_mex.obj
 0001:00016d00       sf_mex_get_halt_simulation 0000000180017d00 f   sfc_mex:sfc_mex.obj
 0001:00016d10       sf_mex_clear_error_message 0000000180017d10 f   sfc_mex:sfc_mex.obj
 0001:00016d30       sf_mex_get_error_message_for_read 0000000180017d30 f   sfc_mex:sfc_mex.obj
 0001:00016d40       sf_mex_get_error_message_buffer_length 0000000180017d40 f   sfc_mex:sfc_mex.obj
 0001:00016e20       sf_mex_warning_message     0000000180017e20 f   sfc_mex:sfc_mex.obj
 0001:00016e90       sf_mex_v_errbuf_createf    0000000180017e90 f   sfc_mex:sfc_mex.obj
 0001:00016ea0       sf_mex_errbuf_createf      0000000180017ea0 f   sfc_mex:sfc_mex.obj
 0001:00016ed0       sf_mex_v_errbuf_catf       0000000180017ed0 f   sfc_mex:sfc_mex.obj
 0001:00016f10       sf_mex_errbuf_catf         0000000180017f10 f   sfc_mex:sfc_mex.obj
 0001:00016f60       sf_mex_errbuf_copy         0000000180017f60 f   sfc_mex:sfc_mex.obj
 0001:00016f70       sf_mex_errbuf_clear        0000000180017f70 f   sfc_mex:sfc_mex.obj
 0001:00016f80       sf_mex_errbuf_isempty      0000000180017f80 f   sfc_mex:sfc_mex.obj
 0001:00017090       sf_mex_set_error_status    0000000180018090 f   sfc_mex:sfc_mex.obj
 0001:000170e0       sf_mex_error_direct_call   00000001800180e0 f   sfc_mex:sfc_mex.obj
 0001:00017100       sf_mex_error_message_no_long_jump 0000000180018100 f   sfc_mex:sfc_mex.obj
 0001:00017120       sf_mex_long_jump_on_error  0000000180018120 f   sfc_mex:sfc_mex.obj
 0001:00017150       sf_mex_call_matlab         0000000180018150 f   sfc_mex:sfc_mex.obj
 0001:00017270       sf_mex_check_builtin       0000000180018270 f   sfc_mex:sfc_mex.obj
 0001:00017310       sf_mex_check_builtin_vs    0000000180018310 f   sfc_mex:sfc_mex.obj
 0001:000173d0       sf_mex_check_enum          00000001800183d0 f   sfc_mex:sfc_mex.obj
 0001:00017450       sf_mex_create_enum         0000000180018450 f   sfc_mex:sfc_mex.obj
 0001:000174c0       sf_mex_get_enum_element    00000001800184c0 f   sfc_mex:sfc_mex.obj
 0001:000174d0       sf_mex_createcellarray     00000001800184d0 f   sfc_mex:sfc_mex.obj
 0001:000174e0       sf_mex_setcell             00000001800184e0 f   sfc_mex:sfc_mex.obj
 0001:000174f0       sf_mex_getcell             00000001800184f0 f   sfc_mex:sfc_mex.obj
 0001:00017500       sf_mex_dup                 0000000180018500 f   sfc_mex:sfc_mex.obj
 0001:00017520       sf_mex_assign              0000000180018520 f   sfc_mex:sfc_mex.obj
 0001:000175a0       sf_mex_destroy             00000001800185a0 f   sfc_mex:sfc_mex.obj
 0001:000175d0       mx_array_has_fi_type       00000001800185d0 f   sfc_mex:sfc_mex.obj
 0001:00017600       sf_mex_convert_from_fi     0000000180018600 f   sfc_mex:sfc_mex.obj
 0001:00017730       sf_mex_convert_to_double   0000000180018730 f   sfc_mex:sfc_mex.obj
 0001:00017850       sf_mex_import_fi_vs        0000000180018850 f   sfc_mex:sfc_mex.obj
 0001:00017a10       sf_matrix_matrix_index_ok  0000000180018a10 f   sfc_mex:sfc_mex.obj
 0001:00017aa0       sf_vector_vector_index_ok  0000000180018aa0 f   sfc_mex:sfc_mex.obj
 0001:00017ad0       ssGetCurrentInputPortDimensions_wrapper 0000000180018ad0 f   sfc_mex:sfc_mex.obj
 0001:00017af0       ssGetCurrentOutputPortDimensions_wrapper 0000000180018af0 f   sfc_mex:sfc_mex.obj
 0001:00017b10       sf_mex_emlrt_context_is_debug_mode 0000000180018b10 f   sfc_mex:sfc_mex.obj
 0001:00017b20       sf_mex_emlrt_context_set_debug_mode 0000000180018b20 f   sfc_mex:sfc_mex.obj
 0001:00017b30       sf_mex_emlrtNameCapturePostProcessR2012a 0000000180018b30 f   sfc_mex:sfc_mex.obj
 0001:00017ba0       sf_clear_error_manager_info 0000000180018ba0 f   sfc_mex:sfc_mex.obj
 0001:00017c00       sf_mex_stop_simulation_abruptly_wo_error 0000000180018c00 f   sfc_mex:sfc_mex.obj
 0001:00017c40       sf_mex_error_message       0000000180018c40 f   sfc_mex:sfc_mex.obj
 0001:00017ca0       sf_react_to_error_in_matlab_call 0000000180018ca0 f   sfc_mex:sfc_mex.obj
 0001:00017cd0       sf_mex_addfield            0000000180018cd0 f   sfc_mex:sfc_mex.obj
 0001:00017d70       sf_mex_getfield            0000000180018d70 f   sfc_mex:sfc_mex.obj
 0001:00018070       sf_mex_check_class         0000000180019070 f   sfc_mex:sfc_mex.obj
 0001:00018110       sf_mex_is_real             0000000180019110 f   sfc_mex:sfc_mex.obj
 0001:00018580       sf_mex_decode_encoded_mx_struct_array 0000000180019580 f   sfc_mex:sfc_mex.obj
 0001:00018860       sf_mex_lw_bounds_check     0000000180019860 f   sfc_mex:sfc_mex.obj
 0001:00018890       sf_mex_lw_size_eq_check_1d 0000000180019890 f   sfc_mex:sfc_mex.obj
 0001:000188b0       sf_mex_lw_size_eq_check_nd 00000001800198b0 f   sfc_mex:sfc_mex.obj
 0001:00018a90       sf_mex_lw_dim_size_eq_check 0000000180019a90 f   sfc_mex:sfc_mex.obj
 0001:00018ac0       sf_mex_lw_dim_size_geq_check 0000000180019ac0 f   sfc_mex:sfc_mex.obj
 0001:00018af0       sf_mex_lw_sub_assign_size_check_nd 0000000180019af0 f   sfc_mex:sfc_mex.obj
 0001:00018d20       sf_mex_lw_runtime_error_msgid 0000000180019d20 f   sfc_mex:sfc_mex.obj
 0001:00018e10       sf_mex_lw_matrix_matrix_index_check 0000000180019e10 f   sfc_mex:sfc_mex.obj
 0001:00018e30       sf_mex_lw_vector_vector_index_check 0000000180019e30 f   sfc_mex:sfc_mex.obj
 0001:00018e70       sf_mex_lw_for_loop_vector_check 0000000180019e70 f   sfc_mex:sfc_mex.obj
 0001:00018f00       sf_mex_lw_non_negative_check 0000000180019f00 f   sfc_mex:sfc_mex.obj
 0001:00018f40       sf_mex_overflow_error      0000000180019f40 f   sfc_mex:sfc_mex.obj
 0001:00018f50       sf_mex_dividebyzero_error  0000000180019f50 f   sfc_mex:sfc_mex.obj
 0001:00018f60       sf_mex_unsafe_enum_error   0000000180019f60 f   sfc_mex:sfc_mex.obj
 0001:00018f70       sf_emlrtErrHandler         0000000180019f70 f   sfc_mex:sfc_mex.obj
 0001:00019050       sf_mex_size_one_check      000000018001a050 f   sfc_mex:sfc_mex.obj
 0001:00019070       sf_mex_printf              000000018001a070 f   sfc_mex:sfc_mex.obj
 0001:00019240       sf_mex_check_size          000000018001a240 f   sfc_mex:sfc_mex.obj
 0001:00019510       sf_mex_check_struct        000000018001a510 f   sfc_mex:sfc_mex.obj
 0001:00019770       sf_mex_check_struct_vs     000000018001a770 f   sfc_mex:sfc_mex.obj
 0001:00019800       sf_mex_check_fi            000000018001a800 f   sfc_mex:sfc_mex.obj
 0001:00019900       sf_mex_check_fi_vs         000000018001a900 f   sfc_mex:sfc_mex.obj
 0001:000199a0       sf_echo_expression         000000018001a9a0 f   sfc_mex:sfc_mex.obj
 0001:00019a00       sf_assertion_failed        000000018001aa00 f   sfc_mex:sfc_mex.obj
 0001:00019ce0       sf_mex_evalin              000000018001ace0 f   sfc_mex:sfc_mex.obj
 0001:00019f50       sf_mex_export              000000018001af50 f   sfc_mex:sfc_mex.obj
 0001:0001a010       sf_mex_get_ml_var_no_error 000000018001b010 f   sfc_mex:sfc_mex.obj
 0001:0001a1b0       sf_mex_get_ml_var          000000018001b1b0 f   sfc_mex:sfc_mex.obj
 0001:0001a650       ml_set_element_value_in_array 000000018001b650 f   sfc_mex:sfc_mex.obj
 0001:0001bd20       sf_mex_call_impl           000000018001cd20 f   sfc_mex:sfc_mex.obj
 0001:0001c250       sf_mex_call_debug          000000018001d250 f   sfc_mex:sfc_mex.obj
 0001:0001c280       sf_mex_call                000000018001d280 f   sfc_mex:sfc_mex.obj
 0001:0001c8d0       sf_mex_createstruct        000000018001d8d0 f   sfc_mex:sfc_mex.obj
 0001:0001c9c0       sf_mex_createstructarray   000000018001d9c0 f   sfc_mex:sfc_mex.obj
 0001:0001ca40       sf_mex_get_mx_datatype_from_sf_datatype 000000018001da40 f   sfc_mex:sfc_mex.obj
 0001:0001cd50       sf_mex_ml_var_sub          000000018001dd50 f   sfc_mex:sfc_mex.obj
 0001:0001cf20       sf_mex_ml_var_subsasgn     000000018001df20 f   sfc_mex:sfc_mex.obj
 0001:0001d310       sf_mex_sub                 000000018001e310 f   sfc_mex:sfc_mex.obj
 0001:0001d510       sf_mex_subsasgn            000000018001e510 f   sfc_mex:sfc_mex.obj
 0001:0001d9f0       sf_mex_create              000000018001e9f0 f   sfc_mex:sfc_mex.obj
 0001:0001e440       sf_mex_import_named        000000018001f440 f   sfc_mex:sfc_mex.obj
 0001:0001e4a0       sf_mex_import              000000018001f4a0 f   sfc_mex:sfc_mex.obj
 0001:0001e4f0       sf_mex_import_vs           000000018001f4f0 f   sfc_mex:sfc_mex.obj
 0001:0001e600       sf_mex_lower_fixpt_mx_array 000000018001f600 f   sfc_mex:sfc_mex.obj
 0001:0001e8f0       sf_send_message_wrapper    000000018001f8f0 f   sfc_mex:sfc_sf.obj
 0001:0001e920       sf_receive_message_wrapper 000000018001f920 f   sfc_mex:sfc_sf.obj
 0001:0001e960       sf_check_out_message_wrapper 000000018001f960 f   sfc_mex:sfc_sf.obj
 0001:0001e9a0       sf_check_in_message_wrapper 000000018001f9a0 f   sfc_mex:sfc_sf.obj
 0001:0001e9e0       sf_no_message_wrapper      000000018001f9e0 f   sfc_mex:sfc_sf.obj
 0001:0001ed70       sim_mode_is_rtw_gen        000000018001fd70 f   sfc_mex:sfc_sf.obj
 0001:0001eda0       sim_mode_is_external       000000018001fda0 f   sfc_mex:sfc_sf.obj
 0001:0001edb0       sim_mode_is_modelref_sim   000000018001fdb0 f   sfc_mex:sfc_sf.obj
 0001:0001edd0       mdlInitializeSizes         000000018001fdd0 f   sfc_mex:sfc_sf.obj
 0001:0001edf0       mdlInitializeSampleTimes   000000018001fdf0 f   sfc_mex:sfc_sf.obj
 0001:0001ee30       mdlZeroCrossings           000000018001fe30 f   sfc_mex:sfc_sf.obj
 0001:0001ef10       mdlDerivatives             000000018001ff10 f   sfc_mex:sfc_sf.obj
 0001:0001efc0       mdl_initialize_conditions_processing 000000018001ffc0 f   sfc_mex:sfc_sf.obj
 0001:0001eff0       mdlInitializeConditions    000000018001fff0 f   sfc_mex:sfc_sf.obj
 0001:0001f0b0       mdlGetSimState             00000001800200b0 f   sfc_mex:sfc_sf.obj
 0001:0001f0c0       mdlSetSimState             00000001800200c0 f   sfc_mex:sfc_sf.obj
 0001:0001f0d0       mdl_ext_mode_exec_processing 00000001800200d0 f   sfc_mex:sfc_sf.obj
 0001:0001f0f0       mdlExtModeExec             00000001800200f0 f   sfc_mex:sfc_sf.obj
 0001:0001f280       mdlTerminate               0000000180020280 f   sfc_mex:sfc_sf.obj
 0001:0001f2f0       mdlRTW                     00000001800202f0 f   sfc_mex:sfc_sf.obj
 0001:0001f320       mdlSetWorkWidths           0000000180020320 f   sfc_mex:sfc_sf.obj
 0001:0001f330       mdlProcessParameters       0000000180020330 f   sfc_mex:sfc_sf.obj
 0001:0001f340       mdl_start_processing       0000000180020340 f   sfc_mex:sfc_sf.obj
 0001:0001f3a0       mdlStart                   00000001800203a0 f   sfc_mex:sfc_sf.obj
 0001:0001f4b0       mdlEnable                  00000001800204b0 f   sfc_mex:sfc_sf.obj
 0001:0001f580       mdlDisable                 0000000180020580 f   sfc_mex:sfc_sf.obj
 0001:0001f630       sf_get_chart_instance_ptr  0000000180020630 f   sfc_mex:sfc_sf.obj
 0001:0001f650       sf_load_rtw_optimization_info 0000000180020650 f   sfc_mex:sfc_sf.obj
 0001:0001f720       sf_rtw_info_uint_prop      0000000180020720 f   sfc_mex:sfc_sf.obj
 0001:0001f860       sf_is_chart_inlinable      0000000180020860 f   sfc_mex:sfc_sf.obj
 0001:0001f880       sf_mark_output_events_with_multiple_callers 0000000180020880 f   sfc_mex:sfc_sf.obj
 0001:0001fa10       sf_mark_chart_reusable_outputs 0000000180020a10 f   sfc_mex:sfc_sf.obj
 0001:0001fc70       sf_mark_chart_expressionable_inputs 0000000180020c70 f   sfc_mex:sfc_sf.obj
 0001:0001fed0       sf_get_subchart_simstruct  0000000180020ed0 f   sfc_mex:sfc_sf.obj
 0001:0001ff20       sf_get_fixpt_data_type_id  0000000180020f20 f   sfc_mex:sfc_sf.obj
 0001:0001ff60       sf_get_enum_data_type_id   0000000180020f60 f   sfc_mex:sfc_sf.obj
 0001:0001ffa0       sf_get_param_data_type_id  0000000180020fa0 f   sfc_mex:sfc_sf.obj
 0001:0001ffd0       sf_mex_listen_for_ctrl_c_force 0000000180020fd0 f   sfc_mex:sfc_sf.obj
 0001:000200e0       sf_mex_draw_now            00000001800210e0 f   sfc_mex:sfc_sf.obj
 0001:00020120       sf_mex_set_debugger_sim_status_listener_fcn 0000000180021120 f   sfc_mex:sfc_sf.obj
 0001:00020130       sf_mex_listen_for_ctrl_c   0000000180021130 f   sfc_mex:sfc_sf.obj
 0001:000201c0       sf_mex_get_sfun_param      00000001800211c0 f   sfc_mex:sfc_sf.obj
 0001:00020210       sf_get_runtime_param_data  0000000180021210 f   sfc_mex:sfc_sf.obj
 0001:00020250       sf_call_output_fcn_call    0000000180021250 f   sfc_mex:sfc_sf.obj
 0001:00020390       sf_call_output_fcn_enable  0000000180021390 f   sfc_mex:sfc_sf.obj
 0001:00020420       sf_call_output_fcn_disable 0000000180021420 f   sfc_mex:sfc_sf.obj
 0001:000204b0       sf_clear_rtw_identifier    00000001800214b0 f   sfc_mex:sfc_sf.obj
 0001:00020ca0       sf_set_encoded_dwork_info  0000000180021ca0 f   sfc_mex:sfc_sf.obj
 0001:00020cf0       sf_get_dwork_info_from_mat_file 0000000180021cf0 f   sfc_mex:sfc_sf.obj
 0001:00020eb0       sf_set_rtw_dwork_info      0000000180021eb0 f   sfc_mex:sfc_sf.obj
 0001:00021020       mdlOutputs                 0000000180022020 f   sfc_mex:sfc_sf.obj
 0001:000211c0       sf_debug_disp              00000001800221c0 f   sfc_debug:sfcdebug.obj
 0001:00021420       sf_debug_data_runtime_size_mismatch_error_check 0000000180022420 f   sfc_debug:sfcdebug.obj
 0001:000214c0       sf_debug_try_loading_machine 00000001800224c0 f   sfc_debug:sfcdebug.obj
 0001:000215c0       sf_debug_reset_current_state_configuration 00000001800225c0 f   sfc_debug:sfcdebug.obj
 0001:00021650       sf_debug_store_current_state_configuration 0000000180022650 f   sfc_debug:sfcdebug.obj
 0001:000216e0       sf_debug_restore_previous_state_configuration 00000001800226e0 f   sfc_debug:sfcdebug.obj
 0001:00021770       sf_debug_restore_previous_state_configuration2 0000000180022770 f   sfc_debug:sfcdebug.obj
 0001:00021800       sf_debug_get_event_scope   0000000180022800 f   sfc_debug:sfcdebug.obj
 0001:00021970       use_debugger_step_animation 0000000180022970 f   sfc_debug:sfcdebug.obj
 0001:00021990       sf_debug_get_script_id     0000000180022990 f   sfc_debug:sfcdebug.obj
 0001:00021a20       sf_debug_set_script_translation 0000000180022a20 f   sfc_debug:sfcdebug.obj
 0001:00021ba0       sf_debug_extract_message_post_receive_info 0000000180022ba0 f   sfc_debug:sfcdebug.obj
 0001:00021ca0       sf_debug_get_current_machine_id 0000000180022ca0 f   sfc_debug:sfcdebug.obj
 0001:00021cc0       sf_debug_get_current_optional_integer 0000000180022cc0 f   sfc_debug:sfcdebug.obj
 0001:00021cd0       sf_debug_get_current_machine_number 0000000180022cd0 f   sfc_debug:sfcdebug.obj
 0001:00021cf0       sf_debug_get_current_machine_name 0000000180022cf0 f   sfc_debug:sfcdebug.obj
 0001:00021d10       sf_debug_get_current_chart_id 0000000180022d10 f   sfc_debug:sfcdebug.obj
 0001:00021d60       sf_debug_get_current_chart_number 0000000180022d60 f   sfc_debug:sfcdebug.obj
 0001:00021d70       sf_debug_get_current_instance_number 0000000180022d70 f   sfc_debug:sfcdebug.obj
 0001:00021d80       sf_debug_get_current_is_minor_time_step 0000000180022d80 f   sfc_debug:sfcdebug.obj
 0001:00021e00       sf_debug_get_current_object_type 0000000180022e00 f   sfc_debug:sfcdebug.obj
 0001:00021e10       sf_debug_get_current_instance_handle 0000000180022e10 f   sfc_debug:sfcdebug.obj
 0001:00021e70       sf_debug_get_current_event_type 0000000180022e70 f   sfc_debug:sfcdebug.obj
 0001:00021e80       sf_debug_get_current_object_id 0000000180022e80 f   sfc_debug:sfcdebug.obj
 0001:00021ec0       sf_debug_get_current_active_event_type 0000000180022ec0 f   sfc_debug:sfcdebug.obj
 0001:00021ed0       sf_debug_get_current_active_event_id 0000000180022ed0 f   sfc_debug:sfcdebug.obj
 0001:00021f10       sf_debug_get_current_tag_type 0000000180022f10 f   sfc_debug:sfcdebug.obj
 0001:00021f20       sf_debug_get_current_simulation_time 0000000180022f20 f   sfc_debug:sfcdebug.obj
 0001:00021f30       sf_debug_get_current_coverage_percentage 0000000180022f30 f   sfc_debug:sfcdebug.obj
 0001:00021f40       sf_debug_current_statement_context 0000000180022f40 f   sfc_debug:sfcdebug.obj
 0001:00021fd0       sf_debug_get_current_statement_info 0000000180022fd0 f   sfc_debug:sfcdebug.obj
 0001:00022150       sf_debug_terminate_instance 0000000180023150 f   sfc_debug:sfcdebug.obj
 0001:00022490       sf_debug_assertion_failed  0000000180023490 f   sfc_debug:sfcdebug.obj
 0001:000226f0       sf_debug_set_number_of_data_with_change_event_for_machine 00000001800236f0 f   sfc_debug:sfcdebug.obj
 0001:00022730       sf_debug_set_machine_event_thresholds 0000000180023730 f   sfc_debug:sfcdebug.obj
 0001:00022750       sf_debug_set_machine_event_scope 0000000180023750 f   sfc_debug:sfcdebug.obj
 0001:00022790       sf_debug_set_machine_data_thresholds 0000000180023790 f   sfc_debug:sfcdebug.obj
 0001:000227d0       sf_debug_set_machine_data_scope 00000001800237d0 f   sfc_debug:sfcdebug.obj
 0001:00022860       sf_debug_set_machine_data_name 0000000180023860 f   sfc_debug:sfcdebug.obj
 0001:00022900       sf_debug_set_machine_data_size 0000000180023900 f   sfc_debug:sfcdebug.obj
 0001:00022a40       sf_debug_set_machine_data_type 0000000180023a40 f   sfc_debug:sfcdebug.obj
 0001:00022bb0       sf_debug_get_chart_data_number 0000000180023bb0 f   sfc_debug:sfcdebug.obj
 0001:00022bd0       sf_debug_get_chart_event_number 0000000180023bd0 f   sfc_debug:sfcdebug.obj
 0001:00022bf0       sf_debug_set_chart_state_info 0000000180023bf0 f   sfc_debug:sfcdebug.obj
 0001:00022c70       sf_debug_set_chart_decomposition 0000000180023c70 f   sfc_debug:sfcdebug.obj
 0001:00022ce0       sf_debug_set_chart_substate_count 0000000180023ce0 f   sfc_debug:sfcdebug.obj
 0001:00022dc0       sf_debug_set_chart_substate_index 0000000180023dc0 f   sfc_debug:sfcdebug.obj
 0001:00022e30       sf_debug_set_chart_state_substate_count 0000000180023e30 f   sfc_debug:sfcdebug.obj
 0001:00022f40       sf_debug_set_chart_state_substate_index 0000000180023f40 f   sfc_debug:sfcdebug.obj
 0001:00022fc0       sf_debug_set_number_of_data_with_change_event_for_chart 0000000180023fc0 f   sfc_debug:sfcdebug.obj
 0001:00023040       sf_debug_set_number_of_states_with_entry_event_for_chart 0000000180024040 f   sfc_debug:sfcdebug.obj
 0001:000230b0       sf_debug_set_number_of_states_with_exit_event_for_chart 00000001800240b0 f   sfc_debug:sfcdebug.obj
 0001:00023120       sf_debug_set_chart_disable_implicit_casting 0000000180024120 f   sfc_debug:sfcdebug.obj
 0001:00023190       sf_debug_set_chart_event_thresholds 0000000180024190 f   sfc_debug:sfcdebug.obj
 0001:00023200       sf_debug_set_chart_data_compiled_props 0000000180024200 f   sfc_debug:sfcdebug.obj
 0001:00023550       sf_debug_set_chart_data_props 0000000180024550 f   sfc_debug:sfcdebug.obj
 0001:00023870       sf_debug_check_fi_license  0000000180024870 f   sfc_debug:sfcdebug.obj
 0001:00023a60       sf_debug_symbol_scope_push 0000000180024a60 f   sfc_debug:sfcdebug.obj
 0001:00023aa0       sf_debug_symbol_scope_push_eml 0000000180024aa0 f   sfc_debug:sfcdebug.obj
 0001:00023af0       sf_debug_symbol_scope_pop  0000000180024af0 f   sfc_debug:sfcdebug.obj
 0001:00023b30       sf_debug_symbol_scope_add_importable 0000000180024b30 f   sfc_debug:sfcdebug.obj
 0001:00023bb0       sf_debug_symbol_scope_add  0000000180024bb0 f   sfc_debug:sfcdebug.obj
 0001:00023c30       sf_debug_symbol_scope_add_dyn_importable 0000000180024c30 f   sfc_debug:sfcdebug.obj
 0001:00023cf0       sf_debug_symbol_scope_add_dyn 0000000180024cf0 f   sfc_debug:sfcdebug.obj
 0001:00023d20       sf_debug_symbol_scope_add_eml_importable 0000000180024d20 f   sfc_debug:sfcdebug.obj
 0001:00023d60       sf_debug_symbol_scope_add_eml 0000000180024d60 f   sfc_debug:sfcdebug.obj
 0001:00023da0       sf_debug_symbol_scope_add_eml_dyn_importable 0000000180024da0 f   sfc_debug:sfcdebug.obj
 0001:00023e10       sf_debug_symbol_scope_add_eml_dyn 0000000180024e10 f   sfc_debug:sfcdebug.obj
 0001:00023e70       sf_debug_symbol_switch     0000000180024e70 f   sfc_debug:sfcdebug.obj
 0001:00023e90       sf_debug_symbol_scope_add_verbose 0000000180024e90 f   sfc_debug:sfcdebug.obj
 0001:00023f60       sf_debug_set_machine_data_value_ptr 0000000180024f60 f   sfc_debug:sfcdebug.obj
 0001:00023fa0       sf_debug_set_instance_data_value_ptr 0000000180024fa0 f   sfc_debug:sfcdebug.obj
 0001:00024060       sf_debug_unset_instance_data_value_ptr 0000000180025060 f   sfc_debug:sfcdebug.obj
 0001:00024110       sf_debug_set_chart_event_scope 0000000180025110 f   sfc_debug:sfcdebug.obj
 0001:00024190       sf_debug_set_chart_transition_coverage_maps 0000000180025190 f   sfc_debug:sfcdebug.obj
 0001:000242a0       sf_debug_set_chart_state_coverage_maps 00000001800252a0 f   sfc_debug:sfcdebug.obj
 0001:00024380       sf_debug_set_instance_transition_coverage_weights 0000000180025380 f   sfc_debug:sfcdebug.obj
 0001:00024420       sf_debug_set_instance_state_coverage_weights 0000000180025420 f   sfc_debug:sfcdebug.obj
 0001:00024670       sf_debug_unload_machine    0000000180025670 f   sfc_debug:sfcdebug.obj
 0001:000246c0       sf_debug_load_machine      00000001800256c0 f   sfc_debug:sfcdebug.obj
 0001:000247c0       sf_debug_set_active_instance_in_data_dictionary 00000001800257c0 f   sfc_debug:sfcdebug.obj
 0001:000249a0       sf_debug_set_active_instance 00000001800259a0 f   sfc_debug:sfcdebug.obj
 0001:00024b00       sf_debug_chart_visiblity_change 0000000180025b00 f   sfc_debug:sfcdebug.obj
 0001:00024c00       sf_debug_select_chart      0000000180025c00 f   sfc_debug:sfcdebug.obj
 0001:00024d70       sf_debug_set_instance_cv_ids 0000000180025d70 f   sfc_debug:sfcdebug.obj
 0001:00025080       sf_debug_select_charts     0000000180026080 f   sfc_debug:sfcdebug.obj
 0001:00025210       sf_debug_initialized       0000000180026210 f   sfc_debug:sfcdebug.obj
 0001:00025220       sf_debug_is_uninterruptible 0000000180026220 f   sfc_debug:sfcdebug.obj
 0001:00025250       sf_debug_initialize_debugger_gui 0000000180026250 f   sfc_debug:sfcdebug.obj
 0001:00025640       sf_debug_resume            0000000180026640 f   sfc_debug:sfcdebug.obj
 0001:00025660       sf_debug_go                0000000180026660 f   sfc_debug:sfcdebug.obj
 0001:00025670       sf_debug_break             0000000180026670 f   sfc_debug:sfcdebug.obj
 0001:00025680       sf_debug_step_over         0000000180026680 f   sfc_debug:sfcdebug.obj
 0001:00025690       sf_debug_step_out          0000000180026690 f   sfc_debug:sfcdebug.obj
 0001:000256a0       sf_debug_set_disable_all_breakpoints 00000001800266a0 f   sfc_debug:sfcdebug.obj
 0001:000256b0       sf_debug_disable_all_breakpoints_and_go 00000001800266b0 f   sfc_debug:sfcdebug.obj
 0001:000256c0       sf_debug_break_on_chart_entry 00000001800266c0 f   sfc_debug:sfcdebug.obj
 0001:000256d0       sf_debug_break_on_event_broadcast 00000001800266d0 f   sfc_debug:sfcdebug.obj
 0001:000256e0       sf_debug_break_on_state_entry 00000001800266e0 f   sfc_debug:sfcdebug.obj
 0001:000256f0       sf_debug_break_between_times 00000001800266f0 f   sfc_debug:sfcdebug.obj
 0001:00025710       sf_debug_browse_data       0000000180026710 f   sfc_debug:sfcdebug.obj
 0001:00025730       sf_debug_watch_data        0000000180026730 f   sfc_debug:sfcdebug.obj
 0001:00025750       sf_debug_assign_data       0000000180026750 f   sfc_debug:sfcdebug.obj
 0001:00025770       sf_debug_whos              0000000180026770 f   sfc_debug:sfcdebug.obj
 0001:00025790       sf_debug_get_consistency_info 0000000180026790 f   sfc_debug:sfcdebug.obj
 0001:000257a0       sf_debug_browse_trace      00000001800267a0 f   sfc_debug:sfcdebug.obj
 0001:000257b0       sf_debug_set_breakpoints   00000001800267b0 f   sfc_debug:sfcdebug.obj
 0001:00025910       sf_debug_set_eml_breakpoints 0000000180026910 f   sfc_debug:sfcdebug.obj
 0001:00025a70       sf_debug_set_script_breakpoints 0000000180026a70 f   sfc_debug:sfcdebug.obj
 0001:00025af0       sf_debug_add_script_breakpoints 0000000180026af0 f   sfc_debug:sfcdebug.obj
 0001:00025b60       sf_debug_clear_script_breakpoints 0000000180026b60 f   sfc_debug:sfcdebug.obj
 0001:00025bd0       sf_debug_query_script_breakpoints 0000000180026bd0 f   sfc_debug:sfcdebug.obj
 0001:00025c90       sf_debug_get_eml_script_id 0000000180026c90 f   sfc_debug:sfcdebug.obj
 0001:00025ce0       sf_debug_set_watch         0000000180026ce0 f   sfc_debug:sfcdebug.obj
 0001:00025f10       sf_debug_get_instance_handle 0000000180026f10 f   sfc_debug:sfcdebug.obj
 0001:00025fa0       sf_debug_get_active_states 0000000180026fa0 f   sfc_debug:sfcdebug.obj
 0001:00025fb0       sf_debug_get_animation     0000000180026fb0 f   sfc_debug:sfcdebug.obj
 0001:00025fc0       sf_debug_set_animation     0000000180026fc0 f   sfc_debug:sfcdebug.obj
 0001:00025fd0       sf_debug_animate           0000000180026fd0 f   sfc_debug:sfcdebug.obj
 0001:00026000       sf_debug_cycle_detection_check 0000000180027000 f   sfc_debug:sfcdebug.obj
 0001:00026010       sf_debug_data_range_check  0000000180027010 f   sfc_debug:sfcdebug.obj
 0001:00026020       sf_debug_transition_conflict_check 0000000180027020 f   sfc_debug:sfcdebug.obj
 0001:00026030       sf_debug_state_consistency_check 0000000180027030 f   sfc_debug:sfcdebug.obj
 0001:00026040       sf_debug_data_range_check_enabled 0000000180027040 f   sfc_debug:sfcdebug.obj
 0001:00026060       sf_debug_transition_conflict_check_enabled 0000000180027060 f   sfc_debug:sfcdebug.obj
 0001:00026080       sf_debug_transition_conflict_check_begin 0000000180027080 f   sfc_debug:sfcdebug.obj
 0001:000260a0       sf_debug_transition_conflict_check_end 00000001800270a0 f   sfc_debug:sfcdebug.obj
 0001:000260c0       sf_debug_stop_debugging    00000001800270c0 f   sfc_debug:sfcdebug.obj
 0001:000260f0       sf_debug_is_cycle_detected 00000001800270f0 f   sfc_debug:sfcdebug.obj
 0001:00026100       sf_debug_is_array_bounds_detected 0000000180027100 f   sfc_debug:sfcdebug.obj
 0001:00026110       sf_debug_get_state_vectors_data_size 0000000180027110 f   sfc_debug:sfcdebug.obj
 0001:00026150       sf_debug_get_state_vectors_data 0000000180027150 f   sfc_debug:sfcdebug.obj
 0001:00026250       sf_debug_set_state_vectors_data 0000000180027250 f   sfc_debug:sfcdebug.obj
 0001:00026510       sf_debug_get_script_index  0000000180027510 f   sfc_debug:sfcdebug.obj
 0001:000266a0       sf_debug_add_script        00000001800276a0 f   sfc_debug:sfcdebug.obj
 0001:00026830       cv_eval_point              0000000180027830 f   sfc_debug:sfcdebug.obj
 0001:000269a0       cv_eval_testobjective      00000001800279a0 f   sfc_debug:sfcdebug.obj
 0001:00026ac0       sf_debug_cv_init_state     0000000180027ac0 f   sfc_debug:sfcdebug.obj
 0001:00026be0       sf_debug_cv_init_chart     0000000180027be0 f   sfc_debug:sfcdebug.obj
 0001:00026cc0       sf_debug_cv_init_trans     0000000180027cc0 f   sfc_debug:sfcdebug.obj
 0001:00026dc0       sf_debug_cv_init_testobjectives 0000000180027dc0 f   sfc_debug:sfcdebug.obj
 0001:00026fa0       cv_eml_init_script         0000000180027fa0 f   sfc_debug:sfcdebug.obj
 0001:000270b0       cv_eml_init_fcn            00000001800280b0 f   sfc_debug:sfcdebug.obj
 0001:00027160       cv_eml_init_testobjective  0000000180028160 f   sfc_debug:sfcdebug.obj
 0001:00027230       cv_eml_init_saturation     0000000180028230 f   sfc_debug:sfcdebug.obj
 0001:000272f0       cv_eml_init_if             00000001800282f0 f   sfc_debug:sfcdebug.obj
 0001:000273c0       cv_eml_init_for            00000001800283c0 f   sfc_debug:sfcdebug.obj
 0001:00027480       cv_eml_init_while          0000000180028480 f   sfc_debug:sfcdebug.obj
 0001:00027540       cv_eml_init_mcdc           0000000180028540 f   sfc_debug:sfcdebug.obj
 0001:00027650       cv_eml_init_switch         0000000180028650 f   sfc_debug:sfcdebug.obj
 0001:00027740       cv_eml_eval                0000000180028740 f   sfc_debug:sfcdebug.obj
 0001:00027820       sf_debug_bm_is_a_eml_breakpoint 0000000180028820 f   sfc_debug:sfcdebug.obj
 0001:00027970       sf_debug_temporal_threshold 0000000180028970 f   sfc_debug:sfcdebug.obj
 0001:00027cd0       sf_debug_transition_conflict_error 0000000180028cd0 f   sfc_debug:sfcdebug.obj
 0001:00028050       sf_debug_state_inconsistency_error 0000000180029050 f   sfc_debug:sfcdebug.obj
 0001:00028170       sf_debug_check_for_state_inconsistency 0000000180029170 f   sfc_debug:sfcdebug.obj
 0001:000281a0       sf_debug_cycle_detecton_error 00000001800291a0 f   sfc_debug:sfcdebug.obj
 0001:00028970       sf_debug_size_eq_check_1d  0000000180029970 f   sfc_debug:sfcdebug.obj
 0001:00028990       sf_debug_size_eq_check_nd  0000000180029990 f   sfc_debug:sfcdebug.obj
 0001:00028b70       sf_debug_dim_size_eq_check 0000000180029b70 f   sfc_debug:sfcdebug.obj
 0001:00028ba0       sf_debug_dim_size_geq_check 0000000180029ba0 f   sfc_debug:sfcdebug.obj
 0001:00028bd0       sf_debug_sub_assign_size_check_nd 0000000180029bd0 f   sfc_debug:sfcdebug.obj
 0001:00028e10       sf_debug_matrix_matrix_index_check 0000000180029e10 f   sfc_debug:sfcdebug.obj
 0001:00028e40       sf_debug_vector_vector_index_check 0000000180029e40 f   sfc_debug:sfcdebug.obj
 0001:00028e70       sf_debug_for_loop_vector_check 0000000180029e70 f   sfc_debug:sfcdebug.obj
 0001:00028f00       sf_debug_runtime_error_msgid 0000000180029f00 f   sfc_debug:sfcdebug.obj
 0001:00028f90       sf_debug_data_array_bounds_error_check 0000000180029f90 f   sfc_debug:sfcdebug.obj
 0001:000290a0       sf_debug_eml_data_array_bounds_error_check 000000018002a0a0 f   sfc_debug:sfcdebug.obj
 0001:00029580       sf_debug_integer_check     000000018002a580 f   sfc_debug:sfcdebug.obj
 0001:00029660       sf_debug_not_nan_check     000000018002a660 f   sfc_debug:sfcdebug.obj
 0001:00029720       sf_debug_non_negative_check 000000018002a720 f   sfc_debug:sfcdebug.obj
 0001:000297e0       sf_debug_overflow_detection 000000018002a7e0 f   sfc_debug:sfcdebug.obj
 0001:00029ed0       sf_debug_cast_to_real32_T  000000018002aed0 f   sfc_debug:sfcdebug.obj
 0001:00029f90       sf_debug_cast_to_int8_T    000000018002af90 f   sfc_debug:sfcdebug.obj
 0001:0002a050       sf_debug_cast_to_uint8_T   000000018002b050 f   sfc_debug:sfcdebug.obj
 0001:0002a110       sf_debug_cast_to_int16_T   000000018002b110 f   sfc_debug:sfcdebug.obj
 0001:0002a1d0       sf_debug_cast_to_uint16_T  000000018002b1d0 f   sfc_debug:sfcdebug.obj
 0001:0002a290       sf_debug_cast_to_int32_T   000000018002b290 f   sfc_debug:sfcdebug.obj
 0001:0002a350       sf_debug_cast_to_uint32_T  000000018002b350 f   sfc_debug:sfcdebug.obj
 0001:0002a410       sf_debug_data_range_error  000000018002b410 f   sfc_debug:sfcdebug.obj
 0001:0002a760       sf_debug_read_before_write_check 000000018002b760 f   sfc_debug:sfcdebug.obj
 0001:0002abc0       sf_debug_data_range_error_wrapper_min_max 000000018002bbc0 f   sfc_debug:sfcdebug.obj
 0001:0002acb0       sf_debug_data_range_error_wrapper_min 000000018002bcb0 f   sfc_debug:sfcdebug.obj
 0001:0002ad90       sf_debug_data_range_error_wrapper_max 000000018002bd90 f   sfc_debug:sfcdebug.obj
 0001:0002ae70       sf_debug_data_range_wrapper 000000018002be70 f   sfc_debug:sfcdebug.obj
 0001:0002af20       sf_debug_set_current_status_info 000000018002bf20 f   sfc_debug:sfcdebug.obj
 0001:0002b2d0       sf_debug_register_message_post_receive_info 000000018002c2d0 f   sfc_debug:sfcdebug.obj
 0001:0002b540       sf_debug_call              000000018002c540 f   sfc_debug:sfcdebug.obj
 0001:0002c1a0       sf_debug_initialize_machine 000000018002d1a0 f   sfc_debug:sfcdebug.obj
 0001:0002c4b0       sf_debug_initialize_chart  000000018002d4b0 f   sfc_debug:sfcdebug.obj
 0001:0002c900       sf_debug_ensure_script     000000018002d900 f   sfc_debug:sfcdebug.obj
 0001:0002c9c0       cv_script_init_script      000000018002d9c0 f   sfc_debug:sfcdebug.obj
 0001:0002cab0       cv_script_init_fcn         000000018002dab0 f   sfc_debug:sfcdebug.obj
 0001:0002cb60       cv_script_init_testobjective 000000018002db60 f   sfc_debug:sfcdebug.obj
 0001:0002cc10       cv_script_init_if          000000018002dc10 f   sfc_debug:sfcdebug.obj
 0001:0002ccc0       cv_script_init_for         000000018002dcc0 f   sfc_debug:sfcdebug.obj
 0001:0002cd70       cv_script_init_while       000000018002dd70 f   sfc_debug:sfcdebug.obj
 0001:0002ce20       cv_script_init_mcdc        000000018002de20 f   sfc_debug:sfcdebug.obj
 0001:0002cf20       cv_script_init_switch      000000018002df20 f   sfc_debug:sfcdebug.obj
 0001:0002d000       cv_script_eval             000000018002e000 f   sfc_debug:sfcdebug.obj
 0001:0002d0e0       eml_debug_line_call        000000018002e0e0 f   sfc_debug:sfcdebug.obj
 0001:0002d290       sf_debug_terminate         000000018002e290 f   sfc_debug:sfcdebug.obj
 0001:0002d400       sf_debug_set_script_cv_ids 000000018002e400 f   sfc_debug:sfcdebug.obj
 0001:0002d530       sf_debug_api               000000018002e530 f   sfc_debug:sfc_api.obj
 0001:0002ebe0       sf_debug_sm_terminate      000000018002fbe0 f   sfc_debug:sfdb_animation.obj
 0001:0002eda0       sf_debug_reset_path_objects 000000018002fda0 f   sfc_debug:sfdb_animation.obj
 0001:0002ee20       sf_debug_sm_reset_object_selection_status 000000018002fe20 f   sfc_debug:sfdb_animation.obj
 0001:0002eec0       sf_debug_sm_reset_state_buffer 000000018002fec0 f   sfc_debug:sfdb_animation.obj
 0001:0002ef90       sf_debug_sm_store_state_buffer 000000018002ff90 f   sfc_debug:sfdb_animation.obj
 0001:0002f010       sf_debug_sm_restore_state_buffer1 0000000180030010 f   sfc_debug:sfdb_animation.obj
 0001:0002f080       sf_debug_sm_restore_state_buffer2 0000000180030080 f   sfc_debug:sfdb_animation.obj
 0001:0002f0f0       sf_debug_sm_chart_active   00000001800300f0 f   sfc_debug:sfdb_animation.obj
 0001:0002f140       sf_debug_sm_select_active_objects 0000000180030140 f   sfc_debug:sfdb_animation.obj
 0001:0002f630       sf_debug_sm_is_chart_active 0000000180030630 f   sfc_debug:sfdb_animation.obj
 0001:0002f670       sf_debug_sm_is_state_active 0000000180030670 f   sfc_debug:sfdb_animation.obj
 0001:0002f8b0       sf_debug_sm_get_active_states 00000001800308b0 f   sfc_debug:sfdb_animation.obj
 0001:0002fe70       sf_debug_sm_initialize_instance 0000000180030e70 f   sfc_debug:sfdb_animation.obj
 0001:00030090       sf_debug_sm_change_object_selection_status 0000000180031090 f   sfc_debug:sfdb_animation.obj
 0001:000303a0       cv_create_interface        00000001800313a0 f   sfc_debug:cv_sfinterface.obj
 0001:00030700       cv_init_trans              0000000180031700 f   sfc_debug:cv_sfinterface.obj
 0001:00030750       cv_init_testobjective      0000000180031750 f   sfc_debug:cv_sfinterface.obj
 0001:00030790       cv_init_state              0000000180031790 f   sfc_debug:cv_sfinterface.obj
 0001:00030800       cv_init_chart              0000000180031800 f   sfc_debug:cv_sfinterface.obj
 0001:00030850       cv_dec_update_call         0000000180031850 f   sfc_debug:cv_sfinterface.obj
 0001:00030890       cv_cond_update_call        0000000180031890 f   sfc_debug:cv_sfinterface.obj
 0001:000308d0       cv_testobjective_update_call 00000001800318d0 f   sfc_debug:cv_sfinterface.obj
 0001:00030910       cv_sigrange_update         0000000180031910 f   sfc_debug:cv_sfinterface.obj
 0001:00030950       cvsf_eml_eval              0000000180031950 f   sfc_debug:cv_sfinterface.obj
 0001:00030a40       cvsf_eml_init_script       0000000180031a40 f   sfc_debug:cv_sfinterface.obj
 0001:00030ad0       cvsf_eml_init_fcn          0000000180031ad0 f   sfc_debug:cv_sfinterface.obj
 0001:00030b30       cvsf_eml_init_testobjective 0000000180031b30 f   sfc_debug:cv_sfinterface.obj
 0001:00030b90       cvsf_eml_init_saturation   0000000180031b90 f   sfc_debug:cv_sfinterface.obj
 0001:00030be0       cvsf_eml_init_if           0000000180031be0 f   sfc_debug:cv_sfinterface.obj
 0001:00030c40       cvsf_eml_init_for          0000000180031c40 f   sfc_debug:cv_sfinterface.obj
 0001:00030c90       cvsf_eml_init_while        0000000180031c90 f   sfc_debug:cv_sfinterface.obj
 0001:00030ce0       cvsf_eml_init_mcdc         0000000180031ce0 f   sfc_debug:cv_sfinterface.obj
 0001:00030d70       cvsf_eml_init_switch       0000000180031d70 f   sfc_debug:cv_sfinterface.obj
 0001:00030de0       cvsf_script_eval           0000000180031de0 f   sfc_debug:cv_sfinterface.obj
 0001:00030ed0       cvsf_script_init_script    0000000180031ed0 f   sfc_debug:cv_sfinterface.obj
 0001:00030f60       cvsf_script_init_fcn       0000000180031f60 f   sfc_debug:cv_sfinterface.obj
 0001:00030fc0       cvsf_script_init_testobjective 0000000180031fc0 f   sfc_debug:cv_sfinterface.obj
 0001:00031020       cvsf_script_init_saturation 0000000180032020 f   sfc_debug:cv_sfinterface.obj
 0001:00031070       cvsf_script_init_if        0000000180032070 f   sfc_debug:cv_sfinterface.obj
 0001:000310d0       cvsf_script_init_for       00000001800320d0 f   sfc_debug:cv_sfinterface.obj
 0001:00031120       cvsf_script_init_while     0000000180032120 f   sfc_debug:cv_sfinterface.obj
 0001:00031170       cvsf_script_init_mcdc      0000000180032170 f   sfc_debug:cv_sfinterface.obj
 0001:00031200       cvsf_script_init_switch    0000000180032200 f   sfc_debug:cv_sfinterface.obj
 0001:00031270       cv_destroy_interface       0000000180032270 f   sfc_debug:cv_sfinterface.obj
 0001:00031290       cv_create_instance_objects 0000000180032290 f   sfc_debug:cv_sfinterface.obj
 0001:00031740       cv_is_enabled              0000000180032740 f   sfc_debug:cv_sfinterface.obj
 0001:00031750       sf_debug_cv_initialize_script 0000000180032750 f   sfc_debug:cv_sfinterface.obj
 0001:00031900       sf_debug_cv_initialize_instance 0000000180032900 f   sfc_debug:cv_sfinterface.obj
 0001:00031ca0       sf_debug_cv_terminate_chart 0000000180032ca0 f   sfc_debug:cv_sfinterface.obj
 0001:00031de0       cv_call_trans_test         0000000180032de0 f   sfc_debug:cv_sfinterface.obj
 0001:00031df0       cv_call_sub_cond_test      0000000180032df0 f   sfc_debug:cv_sfinterface.obj
 0001:00031e30       sf_debug_st_initialize_machine 0000000180032e30 f   sfc_debug:sfdb_data_browse.obj
 0001:00031ef0       sf_debug_st_initialize_instance 0000000180032ef0 f   sfc_debug:sfdb_data_browse.obj
 0001:00032120       sf_debug_st_terminate      0000000180033120 f   sfc_debug:sfdb_data_browse.obj
 0001:000324c0       sf_debug_st_set_data_value_ptr_in_machine 00000001800334c0 f   sfc_debug:sfdb_data_browse.obj
 0001:00032550       sf_debug_st_set_data_value_ptr_in_instance 0000000180033550 f   sfc_debug:sfdb_data_browse.obj
 0001:00032630       sf_debug_st_unset_data_value_ptr_in_machine 0000000180033630 f   sfc_debug:sfdb_data_browse.obj
 0001:000326a0       sf_debug_st_unset_data_value_ptr_in_instance 00000001800336a0 f   sfc_debug:sfdb_data_browse.obj
 0001:000329b0       sf_debug_mx_value          00000001800339b0 f   sfc_debug:sfdb_data_browse.obj
 0001:00032a10       sf_debug_mx_packed_vector  0000000180033a10 f   sfc_debug:sfdb_data_browse.obj
 0001:00032af0       sf_debug_mx_uint_vector    0000000180033af0 f   sfc_debug:sfdb_data_browse.obj
 0001:00032bb0       sf_debug_st_get_double_value_from_void_ptr_vector 0000000180033bb0 f   sfc_debug:sfdb_data_browse.obj
 0001:000336a0       sf_debug_st_browse_data    00000001800346a0 f   sfc_debug:sfdb_data_browse.obj
 0001:00033f30       sf_debug_hm_initialize_instance 0000000180034f30 f   sfc_debug:sfdb_handle_management.obj
 0001:00034460       sf_debug_hm_get_object_id  0000000180035460 f   sfc_debug:sfdb_handle_management.obj
 0001:00035010       sf_debug_hm_update_chart_visibility 0000000180036010 f   sfc_debug:sfdb_handle_management.obj
 0001:000362f0       sf_debug_object_is_eml_function 00000001800372f0 f   sfc_debug:sfdb_handle_management.obj
 0001:00036360       sf_debug_hm_initialize_ids_in_machine 0000000180037360 f   sfc_debug:sfdb_handle_management.obj
 0001:000364d0       sf_debug_hm_initialize_ids_in_chart 00000001800374d0 f   sfc_debug:sfdb_handle_management.obj
 0001:000365d0       sf_debug_hm_initialize_chart 00000001800375d0 f   sfc_debug:sfdb_handle_management.obj
 0001:00036d70       sf_debug_hm_terminate      0000000180037d70 f   sfc_debug:sfdb_handle_management.obj
 0001:00036dd0       sf_debug_hm_initialize_machine 0000000180037dd0 f   sfc_debug:sfdb_handle_management.obj
 0001:00037580       sf_debug_ss_initialize     0000000180038580 f   sfc_debug:sfdb_symbol_scope.obj
 0001:000375a0       sf_debug_ss_terminate      00000001800385a0 f   sfc_debug:sfdb_symbol_scope.obj
 0001:00037630       sf_debug_ss_push_symbol_scope 0000000180038630 f   sfc_debug:sfdb_symbol_scope.obj
 0001:00037730       sf_debug_ss_push_symbol_scope_eml 0000000180038730 f   sfc_debug:sfdb_symbol_scope.obj
 0001:00037790       sf_debug_ss_pop_symbol_scope 0000000180038790 f   sfc_debug:sfdb_symbol_scope.obj
 0001:00037840       sf_debug_ss_add_symbol     0000000180038840 f   sfc_debug:sfdb_symbol_scope.obj
 0001:000379a0       sf_debug_ss_add_symbol_eml 00000001800389a0 f   sfc_debug:sfdb_symbol_scope.obj
 0001:000386c0       sf_debug_ss_set_data_value 00000001800396c0 f   sfc_debug:sfdb_symbol_scope.obj
 0001:00038b90       getInstanceNumber          0000000180039b90 f   sfc_debug:sfdb_symbol_scope.obj
 0001:00038c60       sf_debug_ss_watch_data     0000000180039c60 f   sfc_debug:sfdb_symbol_scope.obj
 0001:00038e00       sf_debug_ss_assign_data    0000000180039e00 f   sfc_debug:sfdb_symbol_scope.obj
 0001:00039820       get_data_entry_name        000000018003a820 f   sfc_debug:sfdb_symbol_scope.obj
 0001:00039870       sf_debug_ss_whos           000000018003a870 f   sfc_debug:sfdb_symbol_scope.obj
 0001:00039f90       sf_debug_cc_initialize_chart 000000018003af90 f   sfc_debug:sfdb_coverage.obj
 0001:0003a980       sf_debug_cc_initialize_instance 000000018003b980 f   sfc_debug:sfdb_coverage.obj
 0001:0003b790       sf_debug_cc_terminate      000000018003c790 f   sfc_debug:sfdb_coverage.obj
 0001:0003b880       sf_debug_cc_set_transition_maps 000000018003c880 f   sfc_debug:sfdb_coverage.obj
 0001:0003b9b0       sf_debug_cc_set_state_maps 000000018003c9b0 f   sfc_debug:sfdb_coverage.obj
 0001:0003ba90       sf_debug_cc_set_transition_weights 000000018003ca90 f   sfc_debug:sfdb_coverage.obj
 0001:0003bd60       sf_debug_cc_set_state_weights 000000018003cd60 f   sfc_debug:sfdb_coverage.obj
 0001:0003c030       sf_debug_cc_mark_transition_guard 000000018003d030 f   sfc_debug:sfdb_coverage.obj
 0001:0003c0c0       sf_debug_cc_mark_transition_trigger 000000018003d0c0 f   sfc_debug:sfdb_coverage.obj
 0001:0003c150       sf_debug_cc_mark_transition_decision 000000018003d150 f   sfc_debug:sfdb_coverage.obj
 0001:0003c1c0       sf_debug_cc_mark_transition_condition_action 000000018003d1c0 f   sfc_debug:sfdb_coverage.obj
 0001:0003c210       sf_debug_cc_mark_transition_transition_action 000000018003d210 f   sfc_debug:sfdb_coverage.obj
 0001:0003c260       sf_debug_cc_mark_state_entry 000000018003d260 f   sfc_debug:sfdb_coverage.obj
 0001:0003c2b0       sf_debug_cc_mark_state_during 000000018003d2b0 f   sfc_debug:sfdb_coverage.obj
 0001:0003c300       sf_debug_cc_mark_state_exit 000000018003d300 f   sfc_debug:sfdb_coverage.obj
 0001:0003c350       sf_debug_bm_clear_script_breakpoints 000000018003d350 f   sfc_debug:sfdb_breakpoints.obj
 0001:0003c380       sf_debug_bm_set_script_breakpoint 000000018003d380 f   sfc_debug:sfdb_breakpoints.obj
 0001:0003c400       sf_debug_bm_clear_single_script_breakpoint 000000018003d400 f   sfc_debug:sfdb_breakpoints.obj
 0001:0003c480       sf_debug_bm_query_script_breakpoint 000000018003d480 f   sfc_debug:sfdb_breakpoints.obj
 0001:0003c4d0       sf_debug_bm_initialize_scripts 000000018003d4d0 f   sfc_debug:sfdb_breakpoints.obj
 0001:0003cbf0       sf_debug_bm_terminate      000000018003dbf0 f   sfc_debug:sfdb_breakpoints.obj
 0001:0003cee0       sf_debug_bm_remove_all_breakpoints_in_machine 000000018003dee0 f   sfc_debug:sfdb_breakpoints.obj
 0001:0003cf50       sf_debug_bm_remove_all_breakpoints_in_chart 000000018003df50 f   sfc_debug:sfdb_breakpoints.obj
 0001:0003d0a0       sf_debug_bm_initialize_global_breakpoints 000000018003e0a0 f   sfc_debug:sfdb_breakpoints.obj
 0001:0003d220       sf_debug_bm_set_breakpoint 000000018003e220 f   sfc_debug:sfdb_breakpoints.obj
 0001:0003d820       sf_debug_bm_set_eml_breakpoint 000000018003e820 f   sfc_debug:sfdb_breakpoints.obj
 0001:0003d8c0       sf_debug_bm_initialize_machine_breakpoint_map 000000018003e8c0 f   sfc_debug:sfdb_breakpoints.obj
 0001:0003dce0       sf_debug_bm_is_a_breakpoint 000000018003ece0 f   sfc_debug:sfdb_breakpoints.obj
 0001:0003e2c0       sf_debug_bm_get_all_breakpoints_in_machine 000000018003f2c0 f   sfc_debug:sfdb_breakpoints.obj
 0001:0003e5c0       sf_debug_bm_get_all_breakpoints_in_chart 000000018003f5c0 f   sfc_debug:sfdb_breakpoints.obj
 0001:0003f280       sf_debug_bm_initialize_machine 0000000180040280 f   sfc_debug:sfdb_breakpoints.obj
 0001:0003f350       sf_debug_bm_initialize_chart 0000000180040350 f   sfc_debug:sfdb_breakpoints.obj
 0001:0003f770       sf_debug_sc_terminate      0000000180040770 f   sfc_debug:sfdb_state_consistency.obj
 0001:0003faa0       sf_debug_sc_is_chart_consistent 0000000180040aa0 f   sfc_debug:sfdb_state_consistency.obj
 0001:0003fd50       sf_debug_sc_get_consistency_error_info 0000000180040d50 f   sfc_debug:sfdb_state_consistency.obj
 0001:000401a0       sf_debug_tm_terminate      00000001800411a0 f   sfc_debug:sfdb_call_stack.obj
 0001:00040260       sf_debug_tm_push_chart_instance 0000000180041260 f   sfc_debug:sfdb_call_stack.obj
 0001:000403b0       sf_debug_tm_pop_chart_instance 00000001800413b0 f   sfc_debug:sfdb_call_stack.obj
 0001:00040410       sf_debug_tm_push_trace_node 0000000180041410 f   sfc_debug:sfdb_call_stack.obj
 0001:000405a0       sf_debug_tm_pop_trace_node 00000001800415a0 f   sfc_debug:sfdb_call_stack.obj
 0001:00040620       sf_debug_tm_get_current_global_trace_index 0000000180041620 f   sfc_debug:sfdb_call_stack.obj
 0001:00040630       sf_debug_tm_get_current_local_trace_index 0000000180041630 f   sfc_debug:sfdb_call_stack.obj
 0001:00040660       sf_debug_tm_set_cycle_detected_flag 0000000180041660 f   sfc_debug:sfdb_call_stack.obj
 0001:000406a0       sf_debug_tm_set_cycle_started_flag 00000001800416a0 f   sfc_debug:sfdb_call_stack.obj
 0001:000406e0       sf_debug_tm_get_chart_number_from_stack 00000001800416e0 f   sfc_debug:sfdb_call_stack.obj
 0001:000408e0       sf_debug_tm_browse_trace   00000001800418e0 f   sfc_debug:sfdb_call_stack.obj
 0001:00040c20       sf_debug_cd_initialize_instance 0000000180041c20 f   sfc_debug:sfdb_cycle_detection.obj
 0001:00040ed0       sf_debug_cd_mark_processed_transition_in_instance 0000000180041ed0 f   sfc_debug:sfdb_cycle_detection.obj
 0001:00040f70       sf_debug_cd_checksum_push  0000000180041f70 f   sfc_debug:sfdb_cycle_detection.obj
 0001:00041230       sf_debug_cd_checksum_pop   0000000180042230 f   sfc_debug:sfdb_cycle_detection.obj
 0001:000412a0       sf_debug_cd_turn_off_cycle_detection 00000001800422a0 f   sfc_debug:sfdb_cycle_detection.obj
 0001:000412f0       sf_debug_cd_terminate      00000001800422f0 f   sfc_debug:sfdb_cycle_detection.obj
 0001:00041530       md5_initialize_state       0000000180042530 f   sfc_debug:ckmd5.obj
 0001:00041fa0       md5_update_state           0000000180042fa0 f   sfc_debug:ckmd5.obj
 0001:00041fc0       md5_get_hash               0000000180042fc0 f   sfc_debug:ckmd5.obj
 0001:00041ff0       md5_get_hash_for_a_single_string 0000000180042ff0 f   sfc_debug:ckmd5.obj
 0001:00042054       mxGetPr                    0000000180043054 f   libmx:libmx.dll
 0001:0004205a       mxCreateDoubleScalar       000000018004305a f   libmx:libmx.dll
 0001:00042060       mxCreateDoubleMatrix_730   0000000180043060 f   libmx:libmx.dll
 0001:00042066       mxSetField_730             0000000180043066 f   libmx:libmx.dll
 0001:0004206c       mxCreateString             000000018004306c f   libmx:libmx.dll
 0001:00042072       mxCreateStructMatrix_730   0000000180043072 f   libmx:libmx.dll
 0001:00042078       mxDestroyArray             0000000180043078 f   libmx:libmx.dll
 0001:0004207e       mxDuplicateArray           000000018004307e f   libmx:libmx.dll
 0001:00042084       mxGetNaN                   0000000180043084 f   libmx:libmx.dll
 0001:0004208a       mxGetString_730            000000018004308a f   libmx:libmx.dll
 0001:00042090       mxIsChar                   0000000180043090 f   libmx:libmx.dll
 0001:00042096       mxGetClassID               0000000180043096 f   libmx:libmx.dll
 0001:0004209c       mxIsNumeric                000000018004309c f   libmx:libmx.dll
 0001:000420a2       mxIsComplex                00000001800430a2 f   libmx:libmx.dll
 0001:000420a8       mxGetN                     00000001800430a8 f   libmx:libmx.dll
 0001:000420ae       mxGetM                     00000001800430ae f   libmx:libmx.dll
 0001:000420b4       mxCalloc                   00000001800430b4 f   libmx:libmx.dll
 0001:000420ba       mxGetScalar                00000001800430ba f   libmx:libmx.dll
 0001:000420c0       mxIsLogical                00000001800430c0 f   libmx:libmx.dll
 0001:000420c6       mxCreateDoubleMatrix_700   00000001800430c6 f   libmx:libmx.dll
 0001:000420cc       mxFree                     00000001800430cc f   libmx:libmx.dll
 0001:000420d2       mxArrayToString            00000001800430d2 f   libmx:libmx.dll
 0001:000420d8       mxCreateCellMatrix_700     00000001800430d8 f   libmx:libmx.dll
 0001:000420de       mxSetCell_700              00000001800430de f   libmx:libmx.dll
 0001:000420e4       mxGetCell_700              00000001800430e4 f   libmx:libmx.dll
 0001:000420ea       mxGetClassName             00000001800430ea f   libmx:libmx.dll
 0001:000420f0       mxSetField_700             00000001800430f0 f   libmx:libmx.dll
 0001:000420f6       mxAddField                 00000001800430f6 f   libmx:libmx.dll
 0001:000420fc       mxGetField_700             00000001800430fc f   libmx:libmx.dll
 0001:00042102       mxGetNumberOfElements      0000000180043102 f   libmx:libmx.dll
 0001:00042108       mxIsStruct                 0000000180043108 f   libmx:libmx.dll
 0001:0004210e       mxIsA                      000000018004310e f   libmx:libmx.dll
 0001:00042114       mxIsClass                  0000000180043114 f   libmx:libmx.dll
 0001:0004211a       mxGetLogicals              000000018004311a f   libmx:libmx.dll
 0001:00042120       mxIsSparse                 0000000180043120 f   libmx:libmx.dll
 0001:00042126       mxSetFieldByNumber_700     0000000180043126 f   libmx:libmx.dll
 0001:0004212c       mxGetFieldByNumber_700     000000018004312c f   libmx:libmx.dll
 0001:00042132       mxGetFieldNameByNumber     0000000180043132 f   libmx:libmx.dll
 0001:00042138       mxGetNumberOfFields        0000000180043138 f   libmx:libmx.dll
 0001:0004213e       mxCreateStructMatrix_700   000000018004313e f   libmx:libmx.dll
 0001:00042144       mxGetFieldNumber           0000000180043144 f   libmx:libmx.dll
 0001:0004214a       mxIsNaN                    000000018004314a f   libmx:libmx.dll
 0001:00042150       mxIsEmpty                  0000000180043150 f   libmx:libmx.dll
 0001:00042156       mxGetData                  0000000180043156 f   libmx:libmx.dll
 0001:0004215c       mxGetImagData              000000018004315c f   libmx:libmx.dll
 0001:00042162       mxArrayClassIDName         0000000180043162 f   libmx:libmx.dll
 0001:00042168       mxCreateNumericMatrix_700  0000000180043168 f   libmx:libmx.dll
 0001:0004216e       mxCreateStructArray_700    000000018004316e f   libmx:libmx.dll
 0001:00042174       mxCalcSingleSubscript_700  0000000180043174 f   libmx:libmx.dll
 0001:0004217a       mxGetDimensions_700        000000018004317a f   libmx:libmx.dll
 0001:00042180       mxGetNumberOfDimensions_700 0000000180043180 f   libmx:libmx.dll
 0001:00042186       mxCreateNumericArray_700   0000000180043186 f   libmx:libmx.dll
 0001:0004218c       mxGetElementSize           000000018004318c f   libmx:libmx.dll
 0001:00042192       mxCreateStringFromNChars_700 0000000180043192 f   libmx:libmx.dll
 0001:00042198       mxGetString_700            0000000180043198 f   libmx:libmx.dll
 0001:0004219e       mxIsLogicalScalarTrue      000000018004319e f   libmx:libmx.dll
 0001:000421a4       mxCreateLogicalScalar      00000001800431a4 f   libmx:libmx.dll
 0001:000421aa       mexUnlock                  00000001800431aa f   libmex:libmex.dll
 0001:000421b0       mexIsLocked                00000001800431b0 f   libmex:libmex.dll
 0001:000421b6       mexWarnMsgTxt              00000001800431b6 f   libmex:libmex.dll
 0001:000421bc       mexCallMATLAB              00000001800431bc f   libmex:libmex.dll
 0001:000421c2       mexErrMsgTxt               00000001800431c2 f   libmex:libmex.dll
 0001:000421c8       mexMakeArrayPersistent     00000001800431c8 f   libmex:libmex.dll
 0001:000421ce       mexSetTrapFlag             00000001800431ce f   libmex:libmex.dll
 0001:000421d4       mexPutVariable             00000001800431d4 f   libmex:libmex.dll
 0001:000421da       mexGetVariable             00000001800431da f   libmex:libmex.dll
 0001:000421e0       mexLock                    00000001800431e0 f   libmex:libmex.dll
 0001:000421e6       mexMakeMemoryPersistent    00000001800431e6 f   libmex:libmex.dll
 0001:000421ec       mexFunctionName            00000001800431ec f   libmex:libmex.dll
 0001:000421f2       ssRegisterDataTypeFxpFSlopeFixExpBias 00000001800431f2 f   libfixedpoint:libfixedpoint.dll
 0001:000421f8       utVSNprintf                00000001800431f8 f   libut:libut.dll
 0001:000421fe       utCPUtime                  00000001800431fe f   libut:libut.dll
 0001:00042204       utFree                     0000000180043204 f   libut:libut.dll
 0001:0004220a       utMalloc                   000000018004320a f   libut:libut.dll
 0001:00042210       muDoubleScalarIsNaN        0000000180043210 f   libmwmathutil:libmwmathutil.dll
 0001:00042216       muDoubleScalarFloor        0000000180043216 f   libmwmathutil:libmwmathutil.dll
 0001:0004221c       muDoubleScalarAbs          000000018004321c f   libmwmathutil:libmwmathutil.dll
 0001:00042222       emlrtCreateRootTLS         0000000180043222 f   libemlrt:libemlrt.dll
 0001:00042228       emlrtDestroyRootTLS        0000000180043228 f   libemlrt:libemlrt.dll
 0001:0004222e       emlrtCheckBuiltInR2012b    000000018004322e f   libemlrt:libemlrt.dll
 0001:00042234       emlrtCheckVsBuiltInR2012b  0000000180043234 f   libemlrt:libemlrt.dll
 0001:0004223a       emlrtCheckEnumR2012b       000000018004323a f   libemlrt:libemlrt.dll
 0001:00042240       emlrtCreateEnumR2012b      0000000180043240 f   libemlrt:libemlrt.dll
 0001:00042246       emlrtGetEnumElementR2009a  0000000180043246 f   libemlrt:libemlrt.dll
 0001:0004224c       emlrtCreateReference       000000018004324c f   libemlrt:libemlrt.dll
 0001:00042252       emlrtImportVsFiArrayR2009b 0000000180043252 f   libemlrt:libemlrt.dll
 0001:00042258       emlrtNameCapturePostProcessR2012a 0000000180043258 f   libemlrt:libemlrt.dll
 0001:0004225e       emlrtExtractMessageId      000000018004325e f   libemlrt:libemlrt.dll
 0001:00042264       emlrtTranslateMessageIDtoLCPstring 0000000180043264 f   libemlrt:libemlrt.dll
 0001:0004226a       emlrtForLoopVectorIsValidR2011b 000000018004326a f   libemlrt:libemlrt.dll
 0001:00042270       emlrtTranslateUTF16MessagetoLCPstring 0000000180043270 f   libemlrt:libemlrt.dll
 0001:00042276       emlrtGetEnumUnderlyingArrayR2009a 0000000180043276 f   libemlrt:libemlrt.dll
 0001:0004227c       emlrtIsEnumR2009a          000000018004327c f   libemlrt:libemlrt.dll
 0001:00042284       __GSHandlerCheckCommon     0000000180043284 f   MSVCRT:gshandler.obj
 0001:000422e8       __GSHandlerCheck           00000001800432e8 f   MSVCRT:gshandler.obj
 0001:00042306       strlen                     0000000180043306 f   MSVCRT:MSVCR100.dll
 0001:00042320       __security_check_cookie    0000000180043320 f   MSVCRT:amdsecgs.obj
 0001:00042340       memset                     0000000180043340 f   MSVCRT:MSVCR100.dll
 0001:00042346       malloc                     0000000180043346 f   MSVCRT:MSVCR100.dll
 0001:0004234c       free                       000000018004334c f   MSVCRT:MSVCR100.dll
 0001:00042370       _alloca_probe              0000000180043370     MSVCRT:chkstk.obj
 0001:00042370       __chkstk                   0000000180043370 f   MSVCRT:chkstk.obj
 0001:000423be       strcmp                     00000001800433be f   MSVCRT:MSVCR100.dll
 0001:000423c4       sprintf                    00000001800433c4 f   MSVCRT:MSVCR100.dll
 0001:000423ca       strcat                     00000001800433ca f   MSVCRT:MSVCR100.dll
 0001:000423d0       memcpy                     00000001800433d0 f   MSVCRT:MSVCR100.dll
 0001:000423d8       NtCurrentTeb               00000001800433d8 f i MSVCRT:crtdll.obj
 0001:00042444       _CRT_INIT                  0000000180043444 f   MSVCRT:crtdll.obj
 0001:000427dc       _DllMainCRTStartup         00000001800437dc f   MSVCRT:crtdll.obj
 0001:0004281a       strncpy                    000000018004381a f   MSVCRT:MSVCR100.dll
 0001:00042820       longjmp                    0000000180043820 f   MSVCRT:MSVCR100.dll
 0001:00042826       strncmp                    0000000180043826 f   MSVCRT:MSVCR100.dll
 0001:0004282c       ceil                       000000018004382c f   MSVCRT:MSVCR100.dll
 0001:00042832       strrchr                    0000000180043832 f   MSVCRT:MSVCR100.dll
 0001:00042838       _setjmp                    0000000180043838 f   MSVCRT:MSVCR100.dll
 0001:0004283e       calloc                     000000018004383e f   MSVCRT:MSVCR100.dll
 0001:00042844       realloc                    0000000180043844 f   MSVCRT:MSVCR100.dll
 0001:0004284a       ldexp                      000000018004384a f   MSVCRT:MSVCR100.dll
 0001:00042850       __report_gsfailure         0000000180043850 f   MSVCRT:gs_report.obj
 0001:0004299c       __clean_type_info_names    000000018004399c f   MSVCRT:tncleanup.obj
 0001:000429a8       _onexit                    00000001800439a8 f   MSVCRT:atonexit.obj
 0001:00042a58       atexit                     0000000180043a58 f   MSVCRT:atonexit.obj
 0001:00042a70       _RTC_Initialize            0000000180043a70 f   MSVCRT:_initsect_.obj
 0001:00042aa8       _RTC_Terminate             0000000180043aa8 f   MSVCRT:_initsect_.obj
 0001:00042ae0       _malloc_crt                0000000180043ae0 f   MSVCRT:MSVCR100.dll
 0001:00042af0       _ValidateImageBase         0000000180043af0 f   MSVCRT:pesect.obj
 0001:00042b20       _FindPESection             0000000180043b20 f   MSVCRT:pesect.obj
 0001:00042b70       _IsNonwritableInCurrentImage 0000000180043b70 f   MSVCRT:pesect.obj
 0001:00042bb2       _initterm                  0000000180043bb2 f   MSVCRT:MSVCR100.dll
 0001:00042bb8       _initterm_e                0000000180043bb8 f   MSVCRT:MSVCR100.dll
 0001:00042bbe       _encoded_null              0000000180043bbe f   MSVCRT:MSVCR100.dll
 0001:00042bc4       _amsg_exit                 0000000180043bc4 f   MSVCRT:MSVCR100.dll
 0001:00042bca       __C_specific_handler       0000000180043bca f   MSVCRT:MSVCR100.dll
 0001:00042bd0       __CppXcptFilter            0000000180043bd0 f   MSVCRT:MSVCR100.dll
 0001:00042bd8       DllMain                    0000000180043bd8 f   MSVCRT:dllmain.obj
 0001:00042bfc       __security_init_cookie     0000000180043bfc f   MSVCRT:gs_support.obj
 0001:00042cb0       __crt_debugger_hook        0000000180043cb0 f   MSVCRT:MSVCR100.dll
 0001:00042cb6       __clean_type_info_names_internal 0000000180043cb6 f   MSVCRT:MSVCR100.dll
 0001:00042cbc       _unlock                    0000000180043cbc f   MSVCRT:MSVCR100.dll
 0001:00042cc2       __dllonexit                0000000180043cc2 f   MSVCRT:MSVCR100.dll
 0001:00042cc8       _lock                      0000000180043cc8 f   MSVCRT:MSVCR100.dll
 0001:00042cce       EncodePointer              0000000180043cce f   kernel32:KERNEL32.dll
 0001:00042cd4       DecodePointer              0000000180043cd4 f   kernel32:KERNEL32.dll
 0001:00042cda       Sleep                      0000000180043cda f   kernel32:KERNEL32.dll
 0001:00042ce0       TerminateProcess           0000000180043ce0 f   kernel32:KERNEL32.dll
 0001:00042ce6       GetCurrentProcess          0000000180043ce6 f   kernel32:KERNEL32.dll
 0001:00042cec       UnhandledExceptionFilter   0000000180043cec f   kernel32:KERNEL32.dll
 0001:00042cf2       SetUnhandledExceptionFilter 0000000180043cf2 f   kernel32:KERNEL32.dll
 0001:00042cf8       IsDebuggerPresent          0000000180043cf8 f   kernel32:KERNEL32.dll
 0001:00042cfe       RtlVirtualUnwind           0000000180043cfe f   kernel32:KERNEL32.dll
 0001:00042d04       RtlLookupFunctionEntry     0000000180043d04 f   kernel32:KERNEL32.dll
 0001:00042d0a       RtlCaptureContext          0000000180043d0a f   kernel32:KERNEL32.dll
 0001:00042d10       DisableThreadLibraryCalls  0000000180043d10 f   kernel32:KERNEL32.dll
 0001:00042d16       QueryPerformanceCounter    0000000180043d16 f   kernel32:KERNEL32.dll
 0001:00042d1c       GetTickCount               0000000180043d1c f   kernel32:KERNEL32.dll
 0001:00042d22       GetCurrentThreadId         0000000180043d22 f   kernel32:KERNEL32.dll
 0001:00042d28       GetCurrentProcessId        0000000180043d28 f   kernel32:KERNEL32.dll
 0001:00042d2e       GetSystemTimeAsFileTime    0000000180043d2e f   kernel32:KERNEL32.dll
 0002:00000000       __imp_DisableThreadLibraryCalls 0000000180044000     kernel32:KERNEL32.dll
 0002:00000008       __imp_RtlCaptureContext    0000000180044008     kernel32:KERNEL32.dll
 0002:00000010       __imp_RtlLookupFunctionEntry 0000000180044010     kernel32:KERNEL32.dll
 0002:00000018       __imp_RtlVirtualUnwind     0000000180044018     kernel32:KERNEL32.dll
 0002:00000020       __imp_IsDebuggerPresent    0000000180044020     kernel32:KERNEL32.dll
 0002:00000028       __imp_SetUnhandledExceptionFilter 0000000180044028     kernel32:KERNEL32.dll
 0002:00000030       __imp_UnhandledExceptionFilter 0000000180044030     kernel32:KERNEL32.dll
 0002:00000038       __imp_GetCurrentProcess    0000000180044038     kernel32:KERNEL32.dll
 0002:00000040       __imp_TerminateProcess     0000000180044040     kernel32:KERNEL32.dll
 0002:00000048       __imp_Sleep                0000000180044048     kernel32:KERNEL32.dll
 0002:00000050       __imp_DecodePointer        0000000180044050     kernel32:KERNEL32.dll
 0002:00000058       __imp_EncodePointer        0000000180044058     kernel32:KERNEL32.dll
 0002:00000060       __imp_GetTickCount         0000000180044060     kernel32:KERNEL32.dll
 0002:00000068       __imp_GetCurrentThreadId   0000000180044068     kernel32:KERNEL32.dll
 0002:00000070       __imp_GetCurrentProcessId  0000000180044070     kernel32:KERNEL32.dll
 0002:00000078       __imp_GetSystemTimeAsFileTime 0000000180044078     kernel32:KERNEL32.dll
 0002:00000080       __imp_QueryPerformanceCounter 0000000180044080     kernel32:KERNEL32.dll
 0002:00000088       \177KERNEL32_NULL_THUNK_DATA 0000000180044088     kernel32:KERNEL32.dll
 0002:00000090       __imp_realloc              0000000180044090     MSVCRT:MSVCR100.dll
 0002:00000098       __imp__onexit              0000000180044098     MSVCRT:MSVCR100.dll
 0002:000000a0       __imp__lock                00000001800440a0     MSVCRT:MSVCR100.dll
 0002:000000a8       __imp___dllonexit          00000001800440a8     MSVCRT:MSVCR100.dll
 0002:000000b0       __imp__unlock              00000001800440b0     MSVCRT:MSVCR100.dll
 0002:000000b8       __imp___clean_type_info_names_internal 00000001800440b8     MSVCRT:MSVCR100.dll
 0002:000000c0       __imp___crt_debugger_hook  00000001800440c0     MSVCRT:MSVCR100.dll
 0002:000000c8       __imp___CppXcptFilter      00000001800440c8     MSVCRT:MSVCR100.dll
 0002:000000d0       __imp___C_specific_handler 00000001800440d0     MSVCRT:MSVCR100.dll
 0002:000000d8       __imp__amsg_exit           00000001800440d8     MSVCRT:MSVCR100.dll
 0002:000000e0       __imp__encoded_null        00000001800440e0     MSVCRT:MSVCR100.dll
 0002:000000e8       __imp__initterm_e          00000001800440e8     MSVCRT:MSVCR100.dll
 0002:000000f0       __imp__initterm            00000001800440f0     MSVCRT:MSVCR100.dll
 0002:000000f8       __imp__malloc_crt          00000001800440f8     MSVCRT:MSVCR100.dll
 0002:00000100       __imp_ldexp                0000000180044100     MSVCRT:MSVCR100.dll
 0002:00000108       __imp_strlen               0000000180044108     MSVCRT:MSVCR100.dll
 0002:00000110       __imp_calloc               0000000180044110     MSVCRT:MSVCR100.dll
 0002:00000118       __imp__setjmp              0000000180044118     MSVCRT:MSVCR100.dll
 0002:00000120       __imp_strrchr              0000000180044120     MSVCRT:MSVCR100.dll
 0002:00000128       __imp_ceil                 0000000180044128     MSVCRT:MSVCR100.dll
 0002:00000130       __imp_strncmp              0000000180044130     MSVCRT:MSVCR100.dll
[...]
 0001:00019a40       check_array_dimensions     000000018001aa40 f   sfc_mex:sfc_mex.obj
 0001:00019ab0       check_input_mxarray        000000018001aab0 f   sfc_mex:sfc_mex.obj
 0001:0001a1f0       sf_numeric_value_to_double 000000018001b1f0 f   sfc_mex:sfc_mex.obj
 0001:0001a240       ml_generic_out_of_bounds_check 000000018001b240 f   sfc_mex:sfc_mex.obj
 0001:0001a410       ml_get_element_value_from_array 000000018001b410 f   sfc_mex:sfc_mex.obj
 0001:0001a7b0       _ml_generic_castability_check 000000018001b7b0 f   sfc_mex:sfc_mex.obj
 0001:0001b510       ml_generic_castability_check 000000018001c510 f   sfc_mex:sfc_mex.obj
 0001:0001b5b0       ml_check_mx_array_for_single_castability 000000018001c5b0 f   sfc_mex:sfc_mex.obj
 0001:0001b650       ml_check_mx_array_for_logical_castability 000000018001c650 f   sfc_mex:sfc_mex.obj
 0001:0001b6f0       ml_check_mx_array_for_int8_castability 000000018001c6f0 f   sfc_mex:sfc_mex.obj
 0001:0001b7a0       ml_check_mx_array_for_uint8_castability 000000018001c7a0 f   sfc_mex:sfc_mex.obj
 0001:0001b800       ml_check_mx_array_for_int16_castability 000000018001c800 f   sfc_mex:sfc_mex.obj
 0001:0001b860       ml_check_mx_array_for_uint16_castability 000000018001c860 f   sfc_mex:sfc_mex.obj
 0001:0001b8c0       ml_check_mx_array_for_int32_castability 000000018001c8c0 f   sfc_mex:sfc_mex.obj
 0001:0001b920       ml_check_mx_array_for_uint32_castability 000000018001c920 f   sfc_mex:sfc_mex.obj
 0001:0001b980       ml_check_mx_array_for_castability 000000018001c980 f   sfc_mex:sfc_mex.obj
 0001:0001c2b0       set_data_value             000000018001d2b0 f   sfc_mex:sfc_mex.obj
 0001:0001c620       get_data_value             000000018001d620 f   sfc_mex:sfc_mex.obj
 0001:0001c730       get_next_element_address   000000018001d730 f   sfc_mex:sfc_mex.obj
 0001:0001c800       sf_normalize_index         000000018001d800 f   sfc_mex:sfc_mex.obj
 0001:0001cb90       ml_array_index_bound_check 000000018001db90 f   sfc_mex:sfc_mex.obj
 0001:0001d6b0       mx_value                   000000018001e6b0 f   sfc_mex:sfc_mex.obj
 0001:0001d700       sf_create_numeric_array    000000018001e700 f   sfc_mex:sfc_mex.obj
 0001:0001d7a0       sf_mex_assign_to_mx_array  000000018001e7a0 f   sfc_mex:sfc_mex.obj
 0001:0001daf0       assign_from_mx_array       000000018001eaf0 f   sfc_mex:sfc_mex.obj
 0001:0001e320       sf_mex_import_v            000000018001f320 f   sfc_mex:sfc_mex.obj
 0001:0001ea20       get_machine_and_chart_file_number 000000018001fa20 f   sfc_mex:sfc_sf.obj
 0001:0001eb10       get_sfun_block_specialization 000000018001fb10 f   sfc_mex:sfc_sf.obj
 0001:0001ebc0       call_sf_machine_global_method_dispatcher 000000018001fbc0 f   sfc_mex:sfc_sf.obj
 0001:0001ee10       mdl_zeroCrossings_processing 000000018001fe10 f   sfc_mex:sfc_sf.obj
 0001:0001eee0       mdl_derivatives_processing 000000018001fee0 f   sfc_mex:sfc_sf.obj
 0001:0001f1a0       mdl_outputs_continuous_legacy 00000001800201a0 f   sfc_mex:sfc_sf.obj
 0001:0001f220       mdl_outputs_processing     0000000180020220 f   sfc_mex:sfc_sf.obj
 0001:0001f490       mdl_enable_processing      0000000180020490 f   sfc_mex:sfc_sf.obj
 0001:0001f560       mdl_disable_processing     0000000180020560 f   sfc_mex:sfc_sf.obj
 0001:000202d0       sf_call_output_fcn_enable_disable 00000001800212d0 f   sfc_mex:sfc_sf.obj
 0001:00020550       set_dwork_information_from_mx_array 0000000180021550 f   sfc_mex:sfc_sf.obj
 0001:00020e10       ptr2mxStruct               0000000180021e10 f   sfc_mex:sfc_sf.obj
 0001:00021120       SNPRINTF_WRAPPER           0000000180022120 f   sfc_debug:sfcdebug.obj
 0001:00021140       sf_debug_chart_instance_initialized_quick 0000000180022140 f   sfc_debug:sfcdebug.obj
 0001:00021150       sf_debug_chart_instance_initialized 0000000180022150 f   sfc_debug:sfcdebug.obj
 0001:000212f0       sfrtAddSize                00000001800222f0 f   sfc_debug:sfcdebug.obj
 0001:000213b0       sfrtGenSizeString          00000001800223b0 f   sfc_debug:sfcdebug.obj
 0001:00021ac0       fill_single_message_info   0000000180022ac0 f   sfc_debug:sfcdebug.obj
 0001:00021c80       sf_debug_sim_status_listener 0000000180022c80 f   sfc_debug:sfcdebug.obj
 0001:000221f0       sf_debug_form_mask_bits    00000001800231f0 f   sfc_debug:sfcdebug.obj
 0001:00022230       sf_debug_form_sf_data_type_offsets 0000000180023230 f   sfc_debug:sfcdebug.obj
 0001:000222f0       sf_debug_free_all          00000001800232f0 f   sfc_debug:sfcdebug.obj
 0001:000224a0       sf_debug_append_debugger_context 00000001800234a0 f   sfc_debug:sfcdebug.obj
 0001:00022640       sf_debug_update_always_honor_breakpoints 0000000180023640 f   sfc_debug:sfcdebug.obj
 0001:00022810       local_strdup               0000000180023810 f   sfc_debug:sfcdebug.obj
 0001:000236f0       sf_debug_em_terminate      00000001800246f0 f   sfc_debug:sfcdebug.obj
 0001:00023730       sf_debug_push_eml_function 0000000180024730 f   sfc_debug:sfcdebug.obj
 0001:000237d0       sf_debug_pop_eml_function  00000001800247d0 f   sfc_debug:sfcdebug.obj
 0001:000244d0       sf_debug_get_machine_number_from_id_or_name 00000001800254d0 f   sfc_debug:sfcdebug.obj
 0001:00024620       sf_debug_get_chart_number_from_id 0000000180025620 f   sfc_debug:sfcdebug.obj
 0001:000253c0       sf_debug_transfer_control_to_debugger_GUI 00000001800263c0 f   sfc_debug:sfcdebug.obj
 0001:00026350       sf_debug_scripts_rehash    0000000180027350 f   sfc_debug:sfcdebug.obj
 0001:00026590       sf_debug_get_script_line_count 0000000180027590 f   sfc_debug:sfcdebug.obj
 0001:00026ec0       cv_eml_state_cvId          0000000180027ec0 f   sfc_debug:sfcdebug.obj
 0001:00026f30       cv_eml_trans_cvId          0000000180027f30 f   sfc_debug:sfcdebug.obj
 0001:000282c0       sf_debug_data_array_bounds_error 00000001800292c0 f   sfc_debug:sfcdebug.obj
 0001:000286f0       eml_debug_runtime_error_doclink 00000001800296f0 f   sfc_debug:sfcdebug.obj
 0001:00028850       sf_debug_runtime_error     0000000180029850 f   sfc_debug:sfcdebug.obj
 0001:000288c0       sf_debug_matlab_error      00000001800298c0 f   sfc_debug:sfcdebug.obj
 0001:00029200       sf_debug_data_value_error  000000018002a200 f   sfc_debug:sfcdebug.obj
 0001:00029b00       sf_debug_data_loss_error   000000018002ab00 f   sfc_debug:sfcdebug.obj
 0001:0002aa90       call_cv_range_check        000000018002ba90 f   sfc_debug:sfcdebug.obj
 0001:0002b260       sf_debug_invoke_cycle_detection_code 000000018002c260 f   sfc_debug:sfcdebug.obj
 0001:0002c0e0       sf_reset_debug_info_struct 000000018002d0e0 f   sfc_debug:sfcdebug.obj
 0001:0002c940       cv_script_cvId             000000018002d940 f   sfc_debug:sfcdebug.obj
 0001:0002d6a0       sfc_api_chart_visible      000000018002e6a0 f   sfc_debug:sfc_api.obj
 0001:0002d720       sfc_api_active_instance    000000018002e720 f   sfc_debug:sfc_api.obj
 0001:0002d7a0       sfc_api_machine_load       000000018002e7a0 f   sfc_debug:sfc_api.obj
 0001:0002d870       sfc_api_debugger_alive     000000018002e870 f   sfc_debug:sfc_api.obj
 0001:0002d880       sfc_api_go                 000000018002e880 f   sfc_debug:sfc_api.obj
 0001:0002d890       sfc_api_step_over          000000018002e890 f   sfc_debug:sfc_api.obj
 0001:0002d8a0       sfc_api_step_out           000000018002e8a0 f   sfc_debug:sfc_api.obj
 0001:0002d8b0       sfc_api_resume             000000018002e8b0 f   sfc_debug:sfc_api.obj
 0001:0002d8c0       sfc_api_break              000000018002e8c0 f   sfc_debug:sfc_api.obj
 0001:0002d8d0       sfc_api_stop_debugging     000000018002e8d0 f   sfc_debug:sfc_api.obj
 0001:0002d920       sfc_api_is_cycle_detected  000000018002e920 f   sfc_debug:sfc_api.obj
 0001:0002d970       sfc_api_is_array_bounds_detected 000000018002e970 f   sfc_debug:sfc_api.obj
 0001:0002d9c0       sfc_api_set_disable_all_breakpoints 000000018002e9c0 f   sfc_debug:sfc_api.obj
 0001:0002da30       sfc_api_disable_all_breakpoints_and_go 000000018002ea30 f   sfc_debug:sfc_api.obj
 0001:0002da40       sfc_api_close              000000018002ea40 f   sfc_debug:sfc_api.obj
 0001:0002da50       sfc_api_browse_data        000000018002ea50 f   sfc_debug:sfc_api.obj
 0001:0002dac0       sfc_api_watch_data         000000018002eac0 f   sfc_debug:sfc_api.obj
 0001:0002dbc0       sfc_api_extract_message_post_receive_info 000000018002ebc0 f   sfc_debug:sfc_api.obj
 0001:0002dbe0       sfc_api_assign_data        000000018002ebe0 f   sfc_debug:sfc_api.obj
 0001:0002dc80       sfc_api_whos               000000018002ec80 f   sfc_debug:sfc_api.obj
 0001:0002dd10       sfc_api_get_consistency_info 000000018002ed10 f   sfc_debug:sfc_api.obj
 0001:0002dd20       sfc_api_browse_trace       000000018002ed20 f   sfc_debug:sfc_api.obj
 0001:0002dd30       sfc_api_break_on_chart_entry 000000018002ed30 f   sfc_debug:sfc_api.obj
 0001:0002dd50       sfc_api_break_on_event_broadcast 000000018002ed50 f   sfc_debug:sfc_api.obj
 0001:0002dd70       sfc_api_break_on_state_entry 000000018002ed70 f   sfc_debug:sfc_api.obj
 0001:0002dd90       sfc_api_set_watch          000000018002ed90 f   sfc_debug:sfc_api.obj
 0001:0002de30       sfc_api_set_breakpoints    000000018002ee30 f   sfc_debug:sfc_api.obj
 0001:0002ded0       sfc_api_set_eml_breakpoints 000000018002eed0 f   sfc_debug:sfc_api.obj
 0001:0002df50       sfc_api_set_script_breakpoints 000000018002ef50 f   sfc_debug:sfc_api.obj
 0001:0002dfa0       sfc_api_add_script_breakpoints 000000018002efa0 f   sfc_debug:sfc_api.obj
 0001:0002dff0       sfc_api_clear_script_breakpoints 000000018002eff0 f   sfc_debug:sfc_api.obj
 0001:0002e040       sfc_api_query_script_breakpoints 000000018002f040 f   sfc_debug:sfc_api.obj
 0001:0002e0a0       sfc_api_get_script_id      000000018002f0a0 f   sfc_debug:sfc_api.obj
 0001:0002e160       sfc_api_get_active_states  000000018002f160 f   sfc_debug:sfc_api.obj
 0001:0002e1e0       sfc_api_break_between_times 000000018002f1e0 f   sfc_debug:sfc_api.obj
 0001:0002e240       sfc_api_get_instance_handle 000000018002f240 f   sfc_debug:sfc_api.obj
 0001:0002e2f0       sfc_api_set_animation      000000018002f2f0 f   sfc_debug:sfc_api.obj
 0001:0002e340       sfc_api_select_chart       000000018002f340 f   sfc_debug:sfc_api.obj
 0001:0002e3a0       sfc_api_select_charts      000000018002f3a0 f   sfc_debug:sfc_api.obj
 0001:0002e3d0       sfc_api_cycle_detection_check 000000018002f3d0 f   sfc_debug:sfc_api.obj
 0001:0002e420       sfc_api_data_range_check   000000018002f420 f   sfc_debug:sfc_api.obj
 0001:0002e470       sfc_api_transition_conflict_check 000000018002f470 f   sfc_debug:sfc_api.obj
 0001:0002e4c0       sfc_api_state_consistency_check 000000018002f4c0 f   sfc_debug:sfc_api.obj
 0001:0002e510       sfc_api_set_instance_cv_ids 000000018002f510 f   sfc_debug:sfc_api.obj
 0001:0002e620       sfc_api_set_script_cv_ids  000000018002f620 f   sfc_debug:sfc_api.obj
 0001:0002e6d0       sfc_api_get_current_machine_id 000000018002f6d0 f   sfc_debug:sfc_api.obj
 0001:0002e700       sfc_api_get_current_machine_number 000000018002f700 f   sfc_debug:sfc_api.obj
 0001:0002e730       sfc_api_get_current_chart_number 000000018002f730 f   sfc_debug:sfc_api.obj
 0001:0002e760       sfc_api_get_current_instance_number 000000018002f760 f   sfc_debug:sfc_api.obj
 0001:0002e790       sfc_api_get_current_instance_handle 000000018002f790 f   sfc_debug:sfc_api.obj
 0001:0002e7b0       sfc_api_get_current_is_minor_time_step 000000018002f7b0 f   sfc_debug:sfc_api.obj
 0001:0002e7e0       sfc_api_get_current_machine_name 000000018002f7e0 f   sfc_debug:sfc_api.obj
 0001:0002e800       sfc_api_get_current_chart_id 000000018002f800 f   sfc_debug:sfc_api.obj
 0001:0002e830       sfc_api_get_current_object_type 000000018002f830 f   sfc_debug:sfc_api.obj
 0001:0002e860       sfc_api_get_current_event_type 000000018002f860 f   sfc_debug:sfc_api.obj
 0001:0002e890       sfc_api_get_current_object_id 000000018002f890 f   sfc_debug:sfc_api.obj
 0001:0002e8c0       sfc_get_current_active_event_type 000000018002f8c0 f   sfc_debug:sfc_api.obj
 0001:0002e8f0       sfc_api_get_current_active_event_id 000000018002f8f0 f   sfc_debug:sfc_api.obj
 0001:0002e920       sfc_api_get_current_simulation_time 000000018002f920 f   sfc_debug:sfc_api.obj
 0001:0002e940       sfc_get_current_tag_type   000000018002f940 f   sfc_debug:sfc_api.obj
 0001:0002e970       sfc_get_current_coverage_percentage 000000018002f970 f   sfc_debug:sfc_api.obj
 0001:0002e990       sfc_get_current_statement_context 000000018002f990 f   sfc_debug:sfc_api.obj
 0001:0002e9b0       sfc_get_current_optional_integer 000000018002f9b0 f   sfc_debug:sfc_api.obj
 0001:0002e9e0       sfc_get_current_statement_info 000000018002f9e0 f   sfc_debug:sfc_api.obj
 0001:0002ea80       sfc_api_get                000000018002fa80 f   sfc_debug:sfc_api.obj
 0001:0002f6f0       sf_debug_sm_fill_state_activity_data 00000001800306f0 f   sfc_debug:sfdb_animation.obj
 0001:00031ff0       void_ptr_stack_vector_free_total 0000000180032ff0 f   sfc_debug:sfdb_data_browse.obj
 0001:00032080       sf_debug_st_terminate_machine 0000000180033080 f   sfc_debug:sfdb_data_browse.obj
 0001:000320c0       sf_debug_st_terminate_instance 00000001800330c0 f   sfc_debug:sfdb_data_browse.obj
 0001:00032470       push_on_to_void_ptr_stack  0000000180033470 f   sfc_debug:sfdb_data_browse.obj
 0001:00032600       pop_from_void_ptr_stack    0000000180033600 f   sfc_debug:sfdb_data_browse.obj
 0001:00032730       sf_debug_st_get_data_value 0000000180033730 f   sfc_debug:sfdb_data_browse.obj
 0001:00032cc0       mx_value                   0000000180033cc0 f   sfc_debug:sfdb_data_browse.obj
 0001:00032d00       sf_debug_st_fill_data_struct 0000000180033d00 f   sfc_debug:sfdb_data_browse.obj
 0001:00033040       data_type_format_strings   0000000180034040 f   sfc_debug:sfdb_data_browse.obj
 0001:000330f0       sf_debug_st_fill_data      00000001800340f0 f   sfc_debug:sfdb_data_browse.obj
 0001:00033e40       sf_debug_hm_get_simulink_handle 0000000180034e40 f   sfc_debug:sfdb_handle_management.obj
 0001:00034940       sf_debug_hm_initialize_globals 0000000180035940 f   sfc_debug:sfdb_handle_management.obj
 0001:00034a40       sf_debug_hm_get_machine_debug_flag 0000000180035a40 f   sfc_debug:sfdb_handle_management.obj
 0001:00034bb0       sf_debug_hm_get_machine_id 0000000180035bb0 f   sfc_debug:sfdb_handle_management.obj
 0001:00034cd0       sf_debug_hm_get_chart_id   0000000180035cd0 f   sfc_debug:sfdb_handle_management.obj
 0001:00034e70       sf_debug_hm_register_executing_SFunction 0000000180035e70 f   sfc_debug:sfdb_handle_management.obj
 0001:00035200       sf_debug_hm_form_object_boolean_properties 0000000180036200 f   sfc_debug:sfdb_handle_management.obj
 0001:000354d0       sf_debug_hm_form_object_properties 00000001800364d0 f   sfc_debug:sfdb_handle_management.obj
 0001:00035710       sf_debug_hm_terminate_charts 0000000180036710 f   sfc_debug:sfdb_handle_management.obj
 0001:00035e70       sf_debug_hm_terminate_machines 0000000180036e70 f   sfc_debug:sfdb_handle_management.obj
 0001:00037a70       sf_debug_ss_copy_dimension 0000000180038a70 f   sfc_debug:sfdb_symbol_scope.obj
 0001:00037b30       sf_debug_ss_get_number_elements 0000000180038b30 f   sfc_debug:sfdb_symbol_scope.obj
 0001:00037b50       sf_debug_ss_fill_data_struct 0000000180038b50 f   sfc_debug:sfdb_symbol_scope.obj
 0001:00037ea0       sf_debug_ss_reset_data_info 0000000180038ea0 f   sfc_debug:sfdb_symbol_scope.obj
 0001:00037f00       sf_debug_fill_data_info_by_symbol_scope_entry 0000000180038f00 f   sfc_debug:sfdb_symbol_scope.obj
 0001:00037fc0       sf_debug_fill_data_info_by_data_vector 0000000180038fc0 f   sfc_debug:sfdb_symbol_scope.obj
 0001:00038210       get_data_info_helper       0000000180039210 f   sfc_debug:sfdb_symbol_scope.obj
 0001:00038310       sf_debug_ss_get_data_info  0000000180039310 f   sfc_debug:sfdb_symbol_scope.obj
 0001:00038540       sf_debug_select_mex_function 0000000180039540 f   sfc_debug:sfdb_symbol_scope.obj
 0001:00038570       sf_debug_is_dyn_matrix_initialized 0000000180039570 f   sfc_debug:sfdb_symbol_scope.obj
 0001:00038590       sf_debug_ss_set_data_value_try 0000000180039590 f   sfc_debug:sfdb_symbol_scope.obj
 0001:00038760       sf_debug_ss_get_data_value 0000000180039760 f   sfc_debug:sfdb_symbol_scope.obj
 0001:00038ed0       sf_debug_ss_data_bytes_string 0000000180039ed0 f   sfc_debug:sfdb_symbol_scope.obj
 0001:00038f80       sf_debug_ss_data_class_string 0000000180039f80 f   sfc_debug:sfdb_symbol_scope.obj
 0001:00039310       sf_debug_ss_data_size_string 000000018003a310 f   sfc_debug:sfdb_symbol_scope.obj
 0001:000393f0       sf_debug_ss_data_create_data_info_struct 000000018003a3f0 f   sfc_debug:sfdb_symbol_scope.obj
 0001:000396c0       sf_debug_ss_data_create_name_value_pair 000000018003a6c0 f   sfc_debug:sfdb_symbol_scope.obj
 0001:00039760       sf_debug_ss_data_get_whos_info 000000018003a760 f   sfc_debug:sfdb_symbol_scope.obj
 0001:00039770       same_named_data_in_data_array 000000018003a770 f   sfc_debug:sfdb_symbol_scope.obj
 0001:0003b000       sf_debug_cc_terminate_chart 000000018003c000 f   sfc_debug:sfdb_coverage.obj
 0001:0003b3a0       sf_debug_cc_terminate_instance 000000018003c3a0 f   sfc_debug:sfdb_coverage.obj
 0001:0003bf90       sf_debug_cc_mark_object_if_needed 000000018003cf90 f   sfc_debug:sfdb_coverage.obj
 0001:0003c890       sf_debug_bm_initialize_eml 000000018003d890 f   sfc_debug:sfdb_breakpoints.obj
 0001:0003d9d0       sf_debug_bm_map_debug_tag_to_breakpoint_tag 000000018003e9d0 f   sfc_debug:sfdb_breakpoints.obj
 0001:0003dab0       sf_debug_bm_is_a_eml_breakpoint_impl 000000018003eab0 f   sfc_debug:sfdb_breakpoints.obj
 0001:0003f5f0       sf_debug_sc_push_on_error_stack 00000001800405f0 f   sfc_debug:sfdb_state_consistency.obj
 0001:0003f720       sf_debug_sc_reset_error_stack 0000000180040720 f   sfc_debug:sfdb_state_consistency.obj
 0001:0003f8b0       sf_debug_sc_is_state_inconsistent 00000001800408b0 f   sfc_debug:sfdb_state_consistency.obj
 0001:0003fbb0       sf_debug_sc_fill_consistency_info 0000000180040bb0 f   sfc_debug:sfdb_state_consistency.obj
 0001:00040190       void_assertion_fcn         0000000180041190 f   sfc_debug:sfdb_call_stack.obj
 0001:00040710       sf_debug_tm_fill_local_trace 0000000180041710 f   sfc_debug:sfdb_call_stack.obj
 0001:00040ce0       sf_debug_cd_terminate_instance 0000000180041ce0 f   sfc_debug:sfdb_cycle_detection.obj
 0001:00040d40       sf_debug_cd_free_checksum_stack 0000000180041d40 f   sfc_debug:sfdb_cycle_detection.obj
 0001:00040d90       sf_debug_cd_reset_pack_strings 0000000180041d90 f   sfc_debug:sfdb_cycle_detection.obj
 0001:00041450       md5file_clear              0000000180042450 f   sfc_debug:ckmd5.obj
 0001:00041480       Encode                     0000000180042480 f   sfc_debug:ckmd5.obj
 0001:000414d0       Decode                     00000001800424d0 f   sfc_debug:ckmd5.obj
 0001:00041570       MD5Transform               0000000180042570 f   sfc_debug:ckmd5.obj
 0001:00041dc0       md5file_addn               0000000180042dc0 f   sfc_debug:ckmd5.obj
 0001:00041e90       md5file_hash               0000000180042e90 f   sfc_debug:ckmd5.obj
 0001:000423e4       pre_c_init                 00000001800433e4 f   MSVCRT:crtdll.obj
 0001:000426a0       __DllMainCRTStartup        00000001800436a0 f   MSVCRT:crtdll.obj
 0001:00042d40       __DllMainCRTStartup$filt$0 0000000180043d40 f   MSVCRT:crtdll.obj
 0001:00042d70       __DllMainCRTStartup$fin$1  0000000180043d70 f   MSVCRT:crtdll.obj
 0001:00042d8a       _onexit$fin$0              0000000180043d8a f   MSVCRT:atonexit.obj
 0001:00042db0       _IsNonwritableInCurrentImage$filt$0 0000000180043db0 f   MSVCRT:pesect.obj
